Component: ARM Compiler 5.05 update 2 (build 169) Tool: armlink [4d0f33]

==============================================================================

Section Cross References

    sfud.o(i.aai_write) refers to sfud_port.o(i.sfud_log_debug) for sfud_log_debug
    sfud.o(i.aai_write) refers to sfud_port.o(i.sfud_log_info) for sfud_log_info
    sfud.o(i.aai_write) refers to sfud.o(i.page256_or_1_byte_write) for page256_or_1_byte_write
    sfud.o(i.aai_write) refers to sfud.o(i.set_write_enabled) for set_write_enabled
    sfud.o(i.aai_write) refers to sfud.o(i.make_adress_byte_array) for make_adress_byte_array
    sfud.o(i.aai_write) refers to sfud.o(i.wait_busy) for wait_busy
    sfud.o(i.aai_write) refers to sfud.o(.constdata) for __FUNCTION__
    sfud.o(i.hardware_init) refers to sfud_port.o(i.sfud_log_debug) for sfud_log_debug
    sfud.o(i.hardware_init) refers to sfud_port.o(i.sfud_spi_port_init) for sfud_spi_port_init
    sfud.o(i.hardware_init) refers to sfud.o(i.read_jedec_id) for read_jedec_id
    sfud.o(i.hardware_init) refers to sfud_sfdp.o(i.sfud_read_sfdp) for sfud_read_sfdp
    sfud.o(i.hardware_init) refers to sfud_port.o(i.sfud_log_info) for sfud_log_info
    sfud.o(i.hardware_init) refers to sfud.o(i.reset) for reset
    sfud.o(i.hardware_init) refers to sfud.o(i.sfud_write_status) for sfud_write_status
    sfud.o(i.hardware_init) refers to sfud.o(i.set_4_byte_address_mode) for set_4_byte_address_mode
    sfud.o(i.hardware_init) refers to sfud.o(.constdata) for __FUNCTION__
    sfud.o(i.make_adress_byte_array) refers to sfud_port.o(i.sfud_log_debug) for sfud_log_debug
    sfud.o(i.make_adress_byte_array) refers to sfud.o(.constdata) for __FUNCTION__
    sfud.o(i.page256_or_1_byte_write) refers to sfud_port.o(i.sfud_log_debug) for sfud_log_debug
    sfud.o(i.page256_or_1_byte_write) refers to sfud_port.o(i.sfud_log_info) for sfud_log_info
    sfud.o(i.page256_or_1_byte_write) refers to sfud.o(i.set_write_enabled) for set_write_enabled
    sfud.o(i.page256_or_1_byte_write) refers to sfud.o(i.make_adress_byte_array) for make_adress_byte_array
    sfud.o(i.page256_or_1_byte_write) refers to memcpya.o(.text) for __aeabi_memcpy
    sfud.o(i.page256_or_1_byte_write) refers to sfud.o(i.wait_busy) for wait_busy
    sfud.o(i.page256_or_1_byte_write) refers to sfud.o(.constdata) for __FUNCTION__
    sfud.o(i.page256_or_1_byte_write) refers to sfud.o(.bss) for cmd_data
    sfud.o(i.read_jedec_id) refers to sfud_port.o(i.sfud_log_debug) for sfud_log_debug
    sfud.o(i.read_jedec_id) refers to sfud_port.o(i.sfud_log_info) for sfud_log_info
    sfud.o(i.read_jedec_id) refers to sfud.o(.constdata) for __FUNCTION__
    sfud.o(i.read_jedec_id) refers to sfud.o(.conststring) for .conststring
    sfud.o(i.reset) refers to sfud_port.o(i.sfud_log_debug) for sfud_log_debug
    sfud.o(i.reset) refers to sfud.o(i.wait_busy) for wait_busy
    sfud.o(i.reset) refers to sfud_port.o(i.sfud_log_info) for sfud_log_info
    sfud.o(i.reset) refers to sfud.o(.constdata) for __FUNCTION__
    sfud.o(i.set_4_byte_address_mode) refers to sfud_port.o(i.sfud_log_debug) for sfud_log_debug
    sfud.o(i.set_4_byte_address_mode) refers to sfud.o(i.set_write_enabled) for set_write_enabled
    sfud.o(i.set_4_byte_address_mode) refers to sfud_port.o(i.sfud_log_info) for sfud_log_info
    sfud.o(i.set_4_byte_address_mode) refers to sfud.o(.constdata) for __FUNCTION__
    sfud.o(i.set_write_enabled) refers to sfud_port.o(i.sfud_log_debug) for sfud_log_debug
    sfud.o(i.set_write_enabled) refers to sfud.o(i.sfud_read_status) for sfud_read_status
    sfud.o(i.set_write_enabled) refers to sfud_port.o(i.sfud_log_info) for sfud_log_info
    sfud.o(i.set_write_enabled) refers to sfud.o(.constdata) for __FUNCTION__
    sfud.o(i.sfud_chip_erase) refers to sfud_port.o(i.sfud_log_debug) for sfud_log_debug
    sfud.o(i.sfud_chip_erase) refers to sfud.o(i.set_write_enabled) for set_write_enabled
    sfud.o(i.sfud_chip_erase) refers to sfud_port.o(i.sfud_log_info) for sfud_log_info
    sfud.o(i.sfud_chip_erase) refers to sfud.o(i.wait_busy) for wait_busy
    sfud.o(i.sfud_chip_erase) refers to sfud.o(.constdata) for __FUNCTION__
    sfud.o(i.sfud_device_init) refers to sfud.o(i.hardware_init) for hardware_init
    sfud.o(i.sfud_device_init) refers to sfud.o(i.software_init) for software_init
    sfud.o(i.sfud_device_init) refers to sfud_port.o(i.sfud_log_info) for sfud_log_info
    sfud.o(i.sfud_erase) refers to sfud_port.o(i.sfud_log_debug) for sfud_log_debug
    sfud.o(i.sfud_erase) refers to sfud_port.o(i.sfud_log_info) for sfud_log_info
    sfud.o(i.sfud_erase) refers to sfud.o(i.sfud_chip_erase) for sfud_chip_erase
    sfud.o(i.sfud_erase) refers to sfud_sfdp.o(i.sfud_sfdp_get_suitable_eraser) for sfud_sfdp_get_suitable_eraser
    sfud.o(i.sfud_erase) refers to sfud.o(i.set_write_enabled) for set_write_enabled
    sfud.o(i.sfud_erase) refers to sfud.o(i.make_adress_byte_array) for make_adress_byte_array
[...]
    Removing stm32f1xx_hal_tim.o(i.HAL_TIM_PWM_Start), (76 bytes).
    Removing stm32f1xx_hal_tim.o(i.HAL_TIM_PWM_Start_DMA), (312 bytes).
    Removing stm32f1xx_hal_tim.o(i.HAL_TIM_PWM_Start_IT), (152 bytes).
    Removing stm32f1xx_hal_tim.o(i.HAL_TIM_PWM_Stop), (136 bytes).
    Removing stm32f1xx_hal_tim.o(i.HAL_TIM_PWM_Stop_DMA), (212 bytes).
    Removing stm32f1xx_hal_tim.o(i.HAL_TIM_PWM_Stop_IT), (204 bytes).
    Removing stm32f1xx_hal_tim.o(i.HAL_TIM_PeriodElapsedCallback), (2 bytes).
    Removing stm32f1xx_hal_tim.o(i.HAL_TIM_ReadCapturedValue), (84 bytes).
    Removing stm32f1xx_hal_tim.o(i.HAL_TIM_SlaveConfigSynchronization), (86 bytes).
    Removing stm32f1xx_hal_tim.o(i.HAL_TIM_SlaveConfigSynchronization_IT), (86 bytes).
    Removing stm32f1xx_hal_tim.o(i.HAL_TIM_TriggerCallback), (2 bytes).
    Removing stm32f1xx_hal_tim.o(i.TIM_Base_SetConfig), (152 bytes).
    Removing stm32f1xx_hal_tim.o(i.TIM_CCxChannelCmd), (28 bytes).
    Removing stm32f1xx_hal_tim.o(i.TIM_DMACaptureCplt), (70 bytes).
    Removing stm32f1xx_hal_tim.o(i.TIM_DMADelayPulseCplt), (70 bytes).
    Removing stm32f1xx_hal_tim.o(i.TIM_DMAError), (20 bytes).
    Removing stm32f1xx_hal_tim.o(i.TIM_DMAPeriodElapsedCplt), (20 bytes).
    Removing stm32f1xx_hal_tim.o(i.TIM_DMATriggerCplt), (20 bytes).
    Removing stm32f1xx_hal_tim.o(i.TIM_ETR_SetConfig), (24 bytes).
    Removing stm32f1xx_hal_tim.o(i.TIM_ITRx_SetConfig), (20 bytes).
    Removing stm32f1xx_hal_tim.o(i.TIM_OC1_SetConfig), (120 bytes).
    Removing stm32f1xx_hal_tim.o(i.TIM_OC2_SetConfig), (128 bytes).
    Removing stm32f1xx_hal_tim.o(i.TIM_OC3_SetConfig), (128 bytes).
    Removing stm32f1xx_hal_tim.o(i.TIM_OC4_SetConfig), (88 bytes).
    Removing stm32f1xx_hal_tim.o(i.TIM_SlaveTimer_SetConfig), (164 bytes).
    Removing stm32f1xx_hal_tim.o(i.TIM_TI1_ConfigInputStage), (42 bytes).
    Removing stm32f1xx_hal_tim.o(i.TIM_TI1_SetConfig), (128 bytes).
    Removing stm32f1xx_hal_tim.o(i.TIM_TI2_ConfigInputStage), (44 bytes).
    Removing stm32f1xx_hal_tim.o(i.TIM_TI2_SetConfig), (62 bytes).
    Removing stm32f1xx_hal_tim.o(i.TIM_TI3_SetConfig), (60 bytes).
    Removing stm32f1xx_hal_tim.o(i.TIM_TI4_SetConfig), (64 bytes).
    Removing stm32f1xx_hal_tim_ex.o(.rev16_text), (4 bytes).
    Removing stm32f1xx_hal_tim_ex.o(.revsh_text), (4 bytes).
    Removing stm32f1xx_hal_tim_ex.o(.rrx_text), (6 bytes).
    Removing stm32f1xx_hal_tim_ex.o(i.HAL_TIMEx_BreakCallback), (2 bytes).
    Removing stm32f1xx_hal_tim_ex.o(i.HAL_TIMEx_CommutationCallback), (2 bytes).
    Removing stm32f1xx_hal_tim_ex.o(i.HAL_TIMEx_ConfigBreakDeadTime), (126 bytes).
    Removing stm32f1xx_hal_tim_ex.o(i.HAL_TIMEx_ConfigCommutationEvent), (110 bytes).
    Removing stm32f1xx_hal_tim_ex.o(i.HAL_TIMEx_ConfigCommutationEvent_DMA), (144 bytes).
    Removing stm32f1xx_hal_tim_ex.o(i.HAL_TIMEx_ConfigCommutationEvent_IT), (122 bytes).
    Removing stm32f1xx_hal_tim_ex.o(i.HAL_TIMEx_HallSensor_DeInit), (70 bytes).
    Removing stm32f1xx_hal_tim_ex.o(i.HAL_TIMEx_HallSensor_GetState), (8 bytes).
    Removing stm32f1xx_hal_tim_ex.o(i.HAL_TIMEx_HallSensor_Init), (208 bytes).
    Removing stm32f1xx_hal_tim_ex.o(i.HAL_TIMEx_HallSensor_MspDeInit), (2 bytes).
    Removing stm32f1xx_hal_tim_ex.o(i.HAL_TIMEx_HallSensor_MspInit), (2 bytes).
    Removing stm32f1xx_hal_tim_ex.o(i.HAL_TIMEx_HallSensor_Start), (30 bytes).
    Removing stm32f1xx_hal_tim_ex.o(i.HAL_TIMEx_HallSensor_Start_DMA), (112 bytes).
    Removing stm32f1xx_hal_tim_ex.o(i.HAL_TIMEx_HallSensor_Start_IT), (42 bytes).
    Removing stm32f1xx_hal_tim_ex.o(i.HAL_TIMEx_HallSensor_Stop), (56 bytes).
    Removing stm32f1xx_hal_tim_ex.o(i.HAL_TIMEx_HallSensor_Stop_DMA), (68 bytes).
    Removing stm32f1xx_hal_tim_ex.o(i.HAL_TIMEx_HallSensor_Stop_IT), (68 bytes).
    Removing stm32f1xx_hal_tim_ex.o(i.HAL_TIMEx_MasterConfigSynchronization), (98 bytes).
    Removing stm32f1xx_hal_tim_ex.o(i.HAL_TIMEx_OCN_Start), (44 bytes).
    Removing stm32f1xx_hal_tim_ex.o(i.HAL_TIMEx_OCN_Start_DMA), (232 bytes).
    Removing stm32f1xx_hal_tim_ex.o(i.HAL_TIMEx_OCN_Start_IT), (114 bytes).
    Removing stm32f1xx_hal_tim_ex.o(i.HAL_TIMEx_OCN_Stop), (96 bytes).
    Removing stm32f1xx_hal_tim_ex.o(i.HAL_TIMEx_OCN_Stop_DMA), (160 bytes).
    Removing stm32f1xx_hal_tim_ex.o(i.HAL_TIMEx_OCN_Stop_IT), (180 bytes).
    Removing stm32f1xx_hal_tim_ex.o(i.HAL_TIMEx_OnePulseN_Start), (32 bytes).
    Removing stm32f1xx_hal_tim_ex.o(i.HAL_TIMEx_OnePulseN_Start_IT), (56 bytes).
    Removing stm32f1xx_hal_tim_ex.o(i.HAL_TIMEx_OnePulseN_Stop), (96 bytes).
    Removing stm32f1xx_hal_tim_ex.o(i.HAL_TIMEx_OnePulseN_Stop_IT), (120 bytes).
    Removing stm32f1xx_hal_tim_ex.o(i.HAL_TIMEx_PWMN_Start), (44 bytes).
    Removing stm32f1xx_hal_tim_ex.o(i.HAL_TIMEx_PWMN_Start_DMA), (232 bytes).
    Removing stm32f1xx_hal_tim_ex.o(i.HAL_TIMEx_PWMN_Start_IT), (114 bytes).
    Removing stm32f1xx_hal_tim_ex.o(i.HAL_TIMEx_PWMN_Stop), (96 bytes).
    Removing stm32f1xx_hal_tim_ex.o(i.HAL_TIMEx_PWMN_Stop_DMA), (160 bytes).
    Removing stm32f1xx_hal_tim_ex.o(i.HAL_TIMEx_PWMN_Stop_IT), (180 bytes).
    Removing stm32f1xx_hal_tim_ex.o(i.TIMEx_DMACommutationCplt), (20 bytes).
    Removing stm32f1xx_hal_tim_ex.o(i.TIM_CCxNChannelCmd), (28 bytes).
    Removing stm32f1xx_hal_uart.o(.rev16_text), (4 bytes).
    Removing stm32f1xx_hal_uart.o(.revsh_text), (4 bytes).
    Removing stm32f1xx_hal_uart.o(.rrx_text), (6 bytes).
    Removing stm32f1xx_hal_uart.o(i.HAL_HalfDuplex_EnableReceiver), (68 bytes).
    Removing stm32f1xx_hal_uart.o(i.HAL_HalfDuplex_EnableTransmitter), (68 bytes).
    Removing stm32f1xx_hal_uart.o(i.HAL_HalfDuplex_Init), (118 bytes).
    Removing stm32f1xx_hal_uart.o(i.HAL_LIN_Init), (134 bytes).
    Removing stm32f1xx_hal_uart.o(i.HAL_LIN_SendBreak), (62 bytes).
    Removing stm32f1xx_hal_uart.o(i.HAL_MultiProcessor_EnterMuteMode), (62 bytes).
    Removing stm32f1xx_hal_uart.o(i.HAL_MultiProcessor_ExitMuteMode), (62 bytes).
    Removing stm32f1xx_hal_uart.o(i.HAL_MultiProcessor_Init), (138 bytes).
    Removing stm32f1xx_hal_uart.o(i.HAL_UART_Abort), (126 bytes).
    Removing stm32f1xx_hal_uart.o(i.HAL_UART_AbortCpltCallback), (2 bytes).
    Removing stm32f1xx_hal_uart.o(i.HAL_UART_AbortReceive), (80 bytes).
    Removing stm32f1xx_hal_uart.o(i.HAL_UART_AbortReceiveCpltCallback), (2 bytes).
    Removing stm32f1xx_hal_uart.o(i.HAL_UART_AbortReceive_IT), (120 bytes).
    Removing stm32f1xx_hal_uart.o(i.HAL_UART_AbortTransmit), (68 bytes).
    Removing stm32f1xx_hal_uart.o(i.HAL_UART_AbortTransmitCpltCallback), (2 bytes).
    Removing stm32f1xx_hal_uart.o(i.HAL_UART_AbortTransmit_IT), (108 bytes).
    Removing stm32f1xx_hal_uart.o(i.HAL_UART_Abort_IT), (216 bytes).
    Removing stm32f1xx_hal_uart.o(i.HAL_UART_DMAPause), (124 bytes).
    Removing stm32f1xx_hal_uart.o(i.HAL_UART_DMAResume), (126 bytes).
    Removing stm32f1xx_hal_uart.o(i.HAL_UART_DMAStop), (102 bytes).
    Removing stm32f1xx_hal_uart.o(i.HAL_UART_DeInit), (46 bytes).
    Removing stm32f1xx_hal_uart.o(i.HAL_UART_ErrorCallback), (2 bytes).
    Removing stm32f1xx_hal_uart.o(i.HAL_UART_GetError), (6 bytes).
    Removing stm32f1xx_hal_uart.o(i.HAL_UART_GetState), (20 bytes).
    Removing stm32f1xx_hal_uart.o(i.HAL_UART_IRQHandler), (332 bytes).
    Removing stm32f1xx_hal_uart.o(i.HAL_UART_MspDeInit), (2 bytes).
    Removing stm32f1xx_hal_uart.o(i.HAL_UART_Receive), (222 bytes).
    Removing stm32f1xx_hal_uart.o(i.HAL_UART_Receive_DMA), (196 bytes).
    Removing stm32f1xx_hal_uart.o(i.HAL_UART_Receive_IT), (112 bytes).
    Removing stm32f1xx_hal_uart.o(i.HAL_UART_RxCpltCallback), (2 bytes).
    Removing stm32f1xx_hal_uart.o(i.HAL_UART_RxHalfCpltCallback), (2 bytes).
    Removing stm32f1xx_hal_uart.o(i.HAL_UART_Transmit), (214 bytes).
    Removing stm32f1xx_hal_uart.o(i.HAL_UART_Transmit_DMA), (156 bytes).
    Removing stm32f1xx_hal_uart.o(i.HAL_UART_Transmit_IT), (88 bytes).
    Removing stm32f1xx_hal_uart.o(i.HAL_UART_TxCpltCallback), (2 bytes).
    Removing stm32f1xx_hal_uart.o(i.HAL_UART_TxHalfCpltCallback), (2 bytes).
    Removing stm32f1xx_hal_uart.o(i.UART_DMAAbortOnError), (20 bytes).
    Removing stm32f1xx_hal_uart.o(i.UART_DMAError), (80 bytes).
    Removing stm32f1xx_hal_uart.o(i.UART_DMAReceiveCplt), (70 bytes).
    Removing stm32f1xx_hal_uart.o(i.UART_DMARxAbortCallback), (52 bytes).
    Removing stm32f1xx_hal_uart.o(i.UART_DMARxHalfCplt), (14 bytes).
    Removing stm32f1xx_hal_uart.o(i.UART_DMARxOnlyAbortCallback), (24 bytes).
    Removing stm32f1xx_hal_uart.o(i.UART_DMATransmitCplt), (54 bytes).
    Removing stm32f1xx_hal_uart.o(i.UART_DMATxAbortCallback), (52 bytes).
    Removing stm32f1xx_hal_uart.o(i.UART_DMATxHalfCplt), (14 bytes).
    Removing stm32f1xx_hal_uart.o(i.UART_DMATxOnlyAbortCallback), (24 bytes).
    Removing stm32f1xx_hal_uart.o(i.UART_EndRxTransfer), (32 bytes).
    Removing stm32f1xx_hal_uart.o(i.UART_EndTransmit_IT), (32 bytes).
    Removing stm32f1xx_hal_uart.o(i.UART_EndTxTransfer), (20 bytes).
    Removing stm32f1xx_hal_uart.o(i.UART_Receive_IT), (166 bytes).
    Removing stm32f1xx_hal_uart.o(i.UART_Transmit_IT), (104 bytes).
    Removing stm32f1xx_hal_uart.o(i.UART_WaitOnFlagUntilTimeout), (108 bytes).
    Removing stm32f1xx_hal_usart.o(.rev16_text), (4 bytes).
    Removing stm32f1xx_hal_usart.o(.revsh_text), (4 bytes).
    Removing stm32f1xx_hal_usart.o(.rrx_text), (6 bytes).
    Removing stm32f1xx_hal_usart.o(i.HAL_USART_Abort), (122 bytes).
    Removing stm32f1xx_hal_usart.o(i.HAL_USART_AbortCpltCallback), (2 bytes).
    Removing stm32f1xx_hal_usart.o(i.HAL_USART_Abort_IT), (212 bytes).
    Removing stm32f1xx_hal_usart.o(i.HAL_USART_DMAPause), (50 bytes).
    Removing stm32f1xx_hal_usart.o(i.HAL_USART_DMAResume), (50 bytes).
    Removing stm32f1xx_hal_usart.o(i.HAL_USART_DMAStop), (102 bytes).
    Removing stm32f1xx_hal_usart.o(i.HAL_USART_DeInit), (42 bytes).
    Removing stm32f1xx_hal_usart.o(i.HAL_USART_ErrorCallback), (2 bytes).
    Removing stm32f1xx_hal_usart.o(i.HAL_USART_GetError), (6 bytes).
    Removing stm32f1xx_hal_usart.o(i.HAL_USART_GetState), (8 bytes).
    Removing stm32f1xx_hal_usart.o(i.HAL_USART_IRQHandler), (384 bytes).
    Removing stm32f1xx_hal_usart.o(i.HAL_USART_Init), (90 bytes).
    Removing stm32f1xx_hal_usart.o(i.HAL_USART_MspDeInit), (2 bytes).
    Removing stm32f1xx_hal_usart.o(i.HAL_USART_MspInit), (2 bytes).
    Removing stm32f1xx_hal_usart.o(i.HAL_USART_Receive), (278 bytes).
    Removing stm32f1xx_hal_usart.o(i.HAL_USART_Receive_DMA), (248 bytes).
    Removing stm32f1xx_hal_usart.o(i.HAL_USART_Receive_IT), (120 bytes).
    Removing stm32f1xx_hal_usart.o(i.HAL_USART_RxCpltCallback), (2 bytes).
    Removing stm32f1xx_hal_usart.o(i.HAL_USART_RxHalfCpltCallback), (2 bytes).
    Removing stm32f1xx_hal_usart.o(i.HAL_USART_Transmit), (214 bytes).
    Removing stm32f1xx_hal_usart.o(i.HAL_USART_TransmitReceive), (320 bytes).
    Removing stm32f1xx_hal_usart.o(i.HAL_USART_TransmitReceive_DMA), (268 bytes).
    Removing stm32f1xx_hal_usart.o(i.HAL_USART_TransmitReceive_IT), (132 bytes).
    Removing stm32f1xx_hal_usart.o(i.HAL_USART_Transmit_DMA), (156 bytes).
    Removing stm32f1xx_hal_usart.o(i.HAL_USART_Transmit_IT), (88 bytes).
    Removing stm32f1xx_hal_usart.o(i.HAL_USART_TxCpltCallback), (2 bytes).
    Removing stm32f1xx_hal_usart.o(i.HAL_USART_TxHalfCpltCallback), (2 bytes).
    Removing stm32f1xx_hal_usart.o(i.HAL_USART_TxRxCpltCallback), (2 bytes).
    Removing stm32f1xx_hal_usart.o(i.USART_DMAAbortOnError), (20 bytes).
    Removing stm32f1xx_hal_usart.o(i.USART_DMAError), (84 bytes).
    Removing stm32f1xx_hal_usart.o(i.USART_DMAReceiveCplt), (128 bytes).
    Removing stm32f1xx_hal_usart.o(i.USART_DMARxAbortCallback), (48 bytes).
    Removing stm32f1xx_hal_usart.o(i.USART_DMARxHalfCplt), (14 bytes).
    Removing stm32f1xx_hal_usart.o(i.USART_DMATransmitCplt), (70 bytes).
    Removing stm32f1xx_hal_usart.o(i.USART_DMATxAbortCallback), (48 bytes).
    Removing stm32f1xx_hal_usart.o(i.USART_DMATxHalfCplt), (14 bytes).
    Removing stm32f1xx_hal_usart.o(i.USART_EndRxTransfer), (32 bytes).
    Removing stm32f1xx_hal_usart.o(i.USART_EndTransmit_IT), (44 bytes).
    Removing stm32f1xx_hal_usart.o(i.USART_EndTxTransfer), (20 bytes).
    Removing stm32f1xx_hal_usart.o(i.USART_Receive_IT), (194 bytes).
    Removing stm32f1xx_hal_usart.o(i.USART_SetConfig), (312 bytes).
    Removing stm32f1xx_hal_usart.o(i.USART_TransmitReceive_IT), (270 bytes).
    Removing stm32f1xx_hal_usart.o(i.USART_Transmit_IT), (104 bytes).
    Removing stm32f1xx_hal_usart.o(i.USART_WaitOnFlagUntilTimeout), (128 bytes).
    Removing stm32f1xx_hal_flash.o(.rev16_text), (4 bytes).
    Removing stm32f1xx_hal_flash.o(.revsh_text), (4 bytes).
    Removing stm32f1xx_hal_flash.o(.rrx_text), (6 bytes).
    Removing stm32f1xx_hal_flash.o(i.FLASH_Program_HalfWord), (32 bytes).
    Removing stm32f1xx_hal_flash.o(i.FLASH_SetErrorCode), (132 bytes).
    Removing stm32f1xx_hal_flash.o(i.FLASH_WaitForLastOperation), (112 bytes).
    Removing stm32f1xx_hal_flash.o(i.HAL_FLASH_EndOfOperationCallback), (2 bytes).
    Removing stm32f1xx_hal_flash.o(i.HAL_FLASH_GetError), (12 bytes).
    Removing stm32f1xx_hal_flash.o(i.HAL_FLASH_IRQHandler), (384 bytes).
    Removing stm32f1xx_hal_flash.o(i.HAL_FLASH_Lock), (20 bytes).
    Removing stm32f1xx_hal_flash.o(i.HAL_FLASH_OB_Launch), (8 bytes).
    Removing stm32f1xx_hal_flash.o(i.HAL_FLASH_OB_Lock), (20 bytes).
    Removing stm32f1xx_hal_flash.o(i.HAL_FLASH_OB_Unlock), (44 bytes).
    Removing stm32f1xx_hal_flash.o(i.HAL_FLASH_OperationErrorCallback), (2 bytes).
    Removing stm32f1xx_hal_flash.o(i.HAL_FLASH_Program), (176 bytes).
    Removing stm32f1xx_hal_flash.o(i.HAL_FLASH_Program_IT), (124 bytes).
    Removing stm32f1xx_hal_flash.o(i.HAL_FLASH_Unlock), (48 bytes).
    Removing stm32f1xx_hal_flash.o(.bss), (32 bytes).
    Removing stm32f1xx_hal_flash_ex.o(.rev16_text), (4 bytes).
    Removing stm32f1xx_hal_flash_ex.o(.revsh_text), (4 bytes).
    Removing stm32f1xx_hal_flash_ex.o(.rrx_text), (6 bytes).
    Removing stm32f1xx_hal_flash_ex.o(i.FLASH_MassErase), (40 bytes).
    Removing stm32f1xx_hal_flash_ex.o(i.FLASH_OB_DisableWRP), (232 bytes).
    Removing stm32f1xx_hal_flash_ex.o(i.FLASH_OB_EnableWRP), (236 bytes).
    Removing stm32f1xx_hal_flash_ex.o(i.FLASH_OB_GetRDP), (28 bytes).
    Removing stm32f1xx_hal_flash_ex.o(i.FLASH_OB_GetUser), (16 bytes).
    Removing stm32f1xx_hal_flash_ex.o(i.FLASH_OB_GetWRP), (12 bytes).
    Removing stm32f1xx_hal_flash_ex.o(i.FLASH_OB_ProgramData), (76 bytes).
    Removing stm32f1xx_hal_flash_ex.o(i.FLASH_OB_RDP_LevelConfig), (124 bytes).
    Removing stm32f1xx_hal_flash_ex.o(i.FLASH_OB_UserConfig), (84 bytes).
    Removing stm32f1xx_hal_flash_ex.o(i.FLASH_PageErase), (40 bytes).
    Removing stm32f1xx_hal_flash_ex.o(i.HAL_FLASHEx_Erase), (176 bytes).
    Removing stm32f1xx_hal_flash_ex.o(i.HAL_FLASHEx_Erase_IT), (100 bytes).
    Removing stm32f1xx_hal_flash_ex.o(i.HAL_FLASHEx_OBErase), (96 bytes).
    Removing stm32f1xx_hal_flash_ex.o(i.HAL_FLASHEx_OBGetConfig), (28 bytes).
    Removing stm32f1xx_hal_flash_ex.o(i.HAL_FLASHEx_OBGetUserData), (40 bytes).
    Removing stm32f1xx_hal_flash_ex.o(i.HAL_FLASHEx_OBProgram), (200 bytes).
    Removing system_stm32f1xx.o(.rev16_text), (4 bytes).
    Removing system_stm32f1xx.o(.revsh_text), (4 bytes).
    Removing system_stm32f1xx.o(.rrx_text), (6 bytes).
    Removing system_stm32f1xx.o(i.SystemCoreClockUpdate), (164 bytes).
    Removing startup_stm32f103xe.o(HEAP), (2048 bytes).
    Removing stm32f1xx_hal_spi.o(.rev16_text), (4 bytes).
    Removing stm32f1xx_hal_spi.o(.revsh_text), (4 bytes).
    Removing stm32f1xx_hal_spi.o(.rrx_text), (6 bytes).
    Removing stm32f1xx_hal_spi.o(i.HAL_SPI_Abort), (240 bytes).
    Removing stm32f1xx_hal_spi.o(i.HAL_SPI_AbortCpltCallback), (2 bytes).
    Removing stm32f1xx_hal_spi.o(i.HAL_SPI_Abort_IT), (296 bytes).
    Removing stm32f1xx_hal_spi.o(i.HAL_SPI_DMAPause), (50 bytes).
    Removing stm32f1xx_hal_spi.o(i.HAL_SPI_DMAResume), (50 bytes).
    Removing stm32f1xx_hal_spi.o(i.HAL_SPI_DMAStop), (46 bytes).
    Removing stm32f1xx_hal_spi.o(i.HAL_SPI_DeInit), (54 bytes).
    Removing stm32f1xx_hal_spi.o(i.HAL_SPI_ErrorCallback), (2 bytes).
    Removing stm32f1xx_hal_spi.o(i.HAL_SPI_GetError), (6 bytes).
    Removing stm32f1xx_hal_spi.o(i.HAL_SPI_GetState), (8 bytes).
    Removing stm32f1xx_hal_spi.o(i.HAL_SPI_IRQHandler), (280 bytes).
    Removing stm32f1xx_hal_spi.o(i.HAL_SPI_Init), (154 bytes).
    Removing stm32f1xx_hal_spi.o(i.HAL_SPI_MspDeInit), (2 bytes).
    Removing stm32f1xx_hal_spi.o(i.HAL_SPI_Receive_DMA), (288 bytes).
    Removing stm32f1xx_hal_spi.o(i.HAL_SPI_Receive_IT), (240 bytes).
    Removing stm32f1xx_hal_spi.o(i.HAL_SPI_RxCpltCallback), (2 bytes).
    Removing stm32f1xx_hal_spi.o(i.HAL_SPI_RxHalfCpltCallback), (2 bytes).
    Removing stm32f1xx_hal_spi.o(i.HAL_SPI_TransmitReceive_DMA), (360 bytes).
    Removing stm32f1xx_hal_spi.o(i.HAL_SPI_TransmitReceive_IT), (248 bytes).
    Removing stm32f1xx_hal_spi.o(i.HAL_SPI_Transmit_DMA), (260 bytes).
    Removing stm32f1xx_hal_spi.o(i.HAL_SPI_Transmit_IT), (224 bytes).
    Removing stm32f1xx_hal_spi.o(i.HAL_SPI_TxCpltCallback), (2 bytes).
    Removing stm32f1xx_hal_spi.o(i.HAL_SPI_TxHalfCpltCallback), (2 bytes).
    Removing stm32f1xx_hal_spi.o(i.HAL_SPI_TxRxCpltCallback), (2 bytes).
    Removing stm32f1xx_hal_spi.o(i.HAL_SPI_TxRxHalfCpltCallback), (2 bytes).
    Removing stm32f1xx_hal_spi.o(i.SPI_2linesRxISR_16BIT), (72 bytes).
    Removing stm32f1xx_hal_spi.o(i.SPI_2linesRxISR_16BITCRC), (40 bytes).
    Removing stm32f1xx_hal_spi.o(i.SPI_2linesRxISR_8BIT), (72 bytes).
    Removing stm32f1xx_hal_spi.o(i.SPI_2linesRxISR_8BITCRC), (42 bytes).
    Removing stm32f1xx_hal_spi.o(i.SPI_2linesTxISR_16BIT), (88 bytes).
    Removing stm32f1xx_hal_spi.o(i.SPI_2linesTxISR_8BIT), (86 bytes).
    Removing stm32f1xx_hal_spi.o(i.SPI_AbortRx_ISR), (104 bytes).
    Removing stm32f1xx_hal_spi.o(i.SPI_AbortTx_ISR), (26 bytes).
    Removing stm32f1xx_hal_spi.o(i.SPI_CloseRxTx_ISR), (268 bytes).
    Removing stm32f1xx_hal_spi.o(i.SPI_CloseRx_ISR), (180 bytes).
    Removing stm32f1xx_hal_spi.o(i.SPI_CloseTx_ISR), (160 bytes).
    Removing stm32f1xx_hal_spi.o(i.SPI_DMAAbortOnError), (20 bytes).
    Removing stm32f1xx_hal_spi.o(i.SPI_DMAError), (40 bytes).
    Removing stm32f1xx_hal_spi.o(i.SPI_DMAHalfReceiveCplt), (14 bytes).
    Removing stm32f1xx_hal_spi.o(i.SPI_DMAHalfTransmitCplt), (14 bytes).
    Removing stm32f1xx_hal_spi.o(i.SPI_DMAHalfTransmitReceiveCplt), (14 bytes).
    Removing stm32f1xx_hal_spi.o(i.SPI_DMAReceiveCplt), (220 bytes).
    Removing stm32f1xx_hal_spi.o(i.SPI_DMARxAbortCallback), (92 bytes).
    Removing stm32f1xx_hal_spi.o(i.SPI_DMATransmitCplt), (116 bytes).
    Removing stm32f1xx_hal_spi.o(i.SPI_DMATransmitReceiveCplt), (206 bytes).
    Removing stm32f1xx_hal_spi.o(i.SPI_DMATxAbortCallback), (124 bytes).
    Removing stm32f1xx_hal_spi.o(i.SPI_ISCRCErrorValid), (6 bytes).
    Removing stm32f1xx_hal_spi.o(i.SPI_RxISR_16BIT), (84 bytes).
    Removing stm32f1xx_hal_spi.o(i.SPI_RxISR_16BITCRC), (40 bytes).
    Removing stm32f1xx_hal_spi.o(i.SPI_RxISR_8BIT), (80 bytes).
    Removing stm32f1xx_hal_spi.o(i.SPI_RxISR_8BITCRC), (26 bytes).
    Removing stm32f1xx_hal_spi.o(i.SPI_TxISR_16BIT), (56 bytes).
    Removing stm32f1xx_hal_spi.o(i.SPI_TxISR_8BIT), (54 bytes).
    Removing stm32f1xx_hal_spi_ex.o(.rev16_text), (4 bytes).
    Removing stm32f1xx_hal_spi_ex.o(.revsh_text), (4 bytes).
    Removing stm32f1xx_hal_spi_ex.o(.rrx_text), (6 bytes).
    Removing stm32f1xx_hal_wwdg.o(.rev16_text), (4 bytes).
    Removing stm32f1xx_hal_wwdg.o(.revsh_text), (4 bytes).
    Removing stm32f1xx_hal_wwdg.o(.rrx_text), (6 bytes).
    Removing stm32f1xx_hal_wwdg.o(i.HAL_WWDG_EarlyWakeupCallback), (2 bytes).
    Removing stm32f1xx_hal_wwdg.o(i.HAL_WWDG_IRQHandler), (40 bytes).
    Removing stm32f1xx_hal_wwdg.o(i.HAL_WWDG_Init), (44 bytes).
    Removing stm32f1xx_hal_wwdg.o(i.HAL_WWDG_MspInit), (2 bytes).
    Removing stm32f1xx_hal_wwdg.o(i.HAL_WWDG_Refresh), (12 bytes).
    Removing stm32f1xx_hal_rtc.o(.rev16_text), (4 bytes).
    Removing stm32f1xx_hal_rtc.o(.revsh_text), (4 bytes).
    Removing stm32f1xx_hal_rtc.o(.rrx_text), (6 bytes).
    Removing stm32f1xx_hal_rtc_ex.o(.rev16_text), (4 bytes).
    Removing stm32f1xx_hal_rtc_ex.o(.revsh_text), (4 bytes).
    Removing stm32f1xx_hal_rtc_ex.o(.rrx_text), (6 bytes).
    Removing main.o(i.__aeabi_assert), (2 bytes).
    Removing main.o(i.sfud_demo), (516 bytes).
    Removing main.o(.bss), (1024 bytes).
    Removing main.o(.conststring), (290 bytes).
    Removing lfs.o(i.__ARM_pop), (48 bytes).

663 unused section(s) (total 71611 bytes) removed from the image.

==============================================================================

Image Symbol Table

    Local Symbols

    Symbol Name                              Value     Ov Type        Size  Object(Section)

    ../clib/microlib/division.c              0x00000000   Number         0  uldiv.o ABSOLUTE
    ../clib/microlib/division.c              0x00000000   Number         0  uidiv.o ABSOLUTE
    ../clib/microlib/init/entry.s            0x00000000   Number         0  entry10b.o ABSOLUTE
    ../clib/microlib/init/entry.s            0x00000000   Number         0  entry9a.o ABSOLUTE
    ../clib/microlib/init/entry.s            0x00000000   Number         0  entry10a.o ABSOLUTE
    ../clib/microlib/init/entry.s            0x00000000   Number         0  entry.o ABSOLUTE
    ../clib/microlib/init/entry.s            0x00000000   Number         0  entry8b.o ABSOLUTE
    ../clib/microlib/init/entry.s            0x00000000   Number         0  entry2.o ABSOLUTE
    ../clib/microlib/init/entry.s            0x00000000   Number         0  entry5.o ABSOLUTE
    ../clib/microlib/init/entry.s            0x00000000   Number         0  entry9b.o ABSOLUTE
    ../clib/microlib/init/entry.s            0x00000000   Number         0  entry7a.o ABSOLUTE
    ../clib/microlib/init/entry.s            0x00000000   Number         0  entry7b.o ABSOLUTE
    ../clib/microlib/init/entry.s            0x00000000   Number         0  entry8a.o ABSOLUTE
    ../clib/microlib/init/entry.s            0x00000000   Number         0  entry11b.o ABSOLUTE
    ../clib/microlib/init/entry.s            0x00000000   Number         0  entry11a.o ABSOLUTE
    ../clib/microlib/longlong.c              0x00000000   Number         0  llushr.o ABSOLUTE
    ../clib/microlib/longlong.c              0x00000000   Number         0  llsshr.o ABSOLUTE
    ../clib/microlib/longlong.c              0x00000000   Number         0  llshl.o ABSOLUTE
    ../clib/microlib/printf/printf.c         0x00000000   Number         0  printf7.o ABSOLUTE
    ../clib/microlib/printf/printf.c         0x00000000   Number         0  printf1.o ABSOLUTE
    ../clib/microlib/printf/printf.c         0x00000000   Number         0  printf0.o ABSOLUTE
    ../clib/microlib/printf/printf.c         0x00000000   Number         0  printfb.o ABSOLUTE
    ../clib/microlib/printf/printf.c         0x00000000   Number         0  printf4.o ABSOLUTE
    ../clib/microlib/printf/printf.c         0x00000000   Number         0  printfa.o ABSOLUTE
    ../clib/microlib/printf/printf.c         0x00000000   Number         0  printf8.o ABSOLUTE
    ../clib/microlib/printf/printf.c         0x00000000   Number         0  printf6.o ABSOLUTE
    ../clib/microlib/printf/printf.c         0x00000000   Number         0  printf2.o ABSOLUTE
    ../clib/microlib/printf/printf.c         0x00000000   Number         0  printf5.o ABSOLUTE
    ../clib/microlib/printf/printf.c         0x00000000   Number         0  printf3.o ABSOLUTE
    ../clib/microlib/printf/stubs.s          0x00000000   Number         0  stubs.o ABSOLUTE
    ../clib/microlib/stdio/streams.c         0x00000000   Number         0  stdout.o ABSOLUTE
    ../clib/microlib/string/memcmp.c         0x00000000   Number         0  memcmp.o ABSOLUTE
    ../clib/microlib/string/memcpy.c         0x00000000   Number         0  memcpyb.o ABSOLUTE
    ../clib/microlib/string/memcpy.c         0x00000000   Number         0  memcpya.o ABSOLUTE
    ../clib/microlib/string/memset.c         0x00000000   Number         0  memseta.o ABSOLUTE
    ../clib/microlib/string/strchr.c         0x00000000   Number         0  strchr.o ABSOLUTE
    ../clib/microlib/string/strcpy.c         0x00000000   Number         0  strcpy.o ABSOLUTE
    ../clib/microlib/string/strcspn.c        0x00000000   Number         0  strcspn.o ABSOLUTE
    ../clib/microlib/string/strlen.c         0x00000000   Number         0  strlen.o ABSOLUTE
    ../clib/microlib/string/strspn.c         0x00000000   Number         0  strspn.o ABSOLUTE
    ../clib/microlib/stubs.s                 0x00000000   Number         0  iusefp.o ABSOLUTE
    ../fplib/microlib/fpadd.c                0x00000000   Number         0  dadd.o ABSOLUTE
    ../fplib/microlib/fpdiv.c                0x00000000   Number         0  ddiv.o ABSOLUTE
    ../fplib/microlib/fpepilogue.c           0x00000000   Number         0  depilogue.o ABSOLUTE
    ../fplib/microlib/fpfix.c                0x00000000   Number         0  dfixul.o ABSOLUTE
    ../fplib/microlib/fpmul.c                0x00000000   Number         0  dmul.o ABSOLUTE
    ..\..\components\lfs\lfs.c               0x00000000   Number         0  lfs.o ABSOLUTE
    ..\..\components\lfs\lfs_util.c          0x00000000   Number         0  lfs_util.o ABSOLUTE
    ..\..\components\sfud\port\sfud_port.c   0x00000000   Number         0  sfud_port.o ABSOLUTE
    ..\..\components\sfud\src\sfud.c         0x00000000   Number         0  sfud.o ABSOLUTE
    ..\..\components\sfud\src\sfud_sfdp.c    0x00000000   Number         0  sfud_sfdp.o ABSOLUTE
    ..\..\drivers\mcu\CMSIS\Device\ST\STM32F1xx\Source\Templates\arm\startup_stm32f103xe.s 0x00000000   Number         0  startup_stm32f103xe.o ABSOLUTE
    ..\..\drivers\mcu\CMSIS\Device\ST\STM32F1xx\Source\Templates\system_stm32f1xx.c 0x00000000   Number         0  system_stm32f1xx.o ABSOLUTE
    ..\..\drivers\mcu\STM32F1xx_HAL_Driver\Src\stm32f1xx_hal.c 0x00000000   Number         0  stm32f1xx_hal.o ABSOLUTE
    ..\..\drivers\mcu\STM32F1xx_HAL_Driver\Src\stm32f1xx_hal_can.c 0x00000000   Number         0  stm32f1xx_hal_can.o ABSOLUTE
    ..\..\drivers\mcu\STM32F1xx_HAL_Driver\Src\stm32f1xx_hal_cortex.c 0x00000000   Number         0  stm32f1xx_hal_cortex.o ABSOLUTE
    ..\..\drivers\mcu\STM32F1xx_HAL_Driver\Src\stm32f1xx_hal_dma.c 0x00000000   Number         0  stm32f1xx_hal_dma.o ABSOLUTE
    ..\..\drivers\mcu\STM32F1xx_HAL_Driver\Src\stm32f1xx_hal_flash.c 0x00000000   Number         0  stm32f1xx_hal_flash.o ABSOLUTE
    ..\..\drivers\mcu\STM32F1xx_HAL_Driver\Src\stm32f1xx_hal_flash_ex.c 0x00000000   Number         0  stm32f1xx_hal_flash_ex.o ABSOLUTE
    ..\..\drivers\mcu\STM32F1xx_HAL_Driver\Src\stm32f1xx_hal_gpio.c 0x00000000   Number         0  stm32f1xx_hal_gpio.o ABSOLUTE
    ..\..\drivers\mcu\STM32F1xx_HAL_Driver\Src\stm32f1xx_hal_gpio_ex.c 0x00000000   Number         0  stm32f1xx_hal_gpio_ex.o ABSOLUTE
    ..\..\drivers\mcu\STM32F1xx_HAL_Driver\Src\stm32f1xx_hal_iwdg.c 0x00000000   Number         0  stm32f1xx_hal_iwdg.o ABSOLUTE
    ..\..\drivers\mcu\STM32F1xx_HAL_Driver\Src\stm32f1xx_hal_pwr.c 0x00000000   Number         0  stm32f1xx_hal_pwr.o ABSOLUTE
    ..\..\drivers\mcu\STM32F1xx_HAL_Driver\Src\stm32f1xx_hal_rcc.c 0x00000000   Number         0  stm32f1xx_hal_rcc.o ABSOLUTE
    ..\..\drivers\mcu\STM32F1xx_HAL_Driver\Src\stm32f1xx_hal_rcc_ex.c 0x00000000   Number         0  stm32f1xx_hal_rcc_ex.o ABSOLUTE
    ..\..\drivers\mcu\STM32F1xx_HAL_Driver\Src\stm32f1xx_hal_rtc.c 0x00000000   Number         0  stm32f1xx_hal_rtc.o ABSOLUTE
    ..\..\drivers\mcu\STM32F1xx_HAL_Driver\Src\stm32f1xx_hal_rtc_ex.c 0x00000000   Number         0  stm32f1xx_hal_rtc_ex.o ABSOLUTE
    ..\..\drivers\mcu\STM32F1xx_HAL_Driver\Src\stm32f1xx_hal_spi.c 0x00000000   Number         0  stm32f1xx_hal_spi.o ABSOLUTE
    ..\..\drivers\mcu\STM32F1xx_HAL_Driver\Src\stm32f1xx_hal_spi_ex.c 0x00000000   Number         0  stm32f1xx_hal_spi_ex.o ABSOLUTE
    ..\..\drivers\mcu\STM32F1xx_HAL_Driver\Src\stm32f1xx_hal_tim.c 0x00000000   Number         0  stm32f1xx_hal_tim.o ABSOLUTE
    ..\..\drivers\mcu\STM32F1xx_HAL_Driver\Src\stm32f1xx_hal_tim_ex.c 0x00000000   Number         0  stm32f1xx_hal_tim_ex.o ABSOLUTE
    ..\..\drivers\mcu\STM32F1xx_HAL_Driver\Src\stm32f1xx_hal_uart.c 0x00000000   Number         0  stm32f1xx_hal_uart.o ABSOLUTE
    ..\..\drivers\mcu\STM32F1xx_HAL_Driver\Src\stm32f1xx_hal_usart.c 0x00000000   Number         0  stm32f1xx_hal_usart.o ABSOLUTE
    ..\..\drivers\mcu\STM32F1xx_HAL_Driver\Src\stm32f1xx_hal_wwdg.c 0x00000000   Number         0  stm32f1xx_hal_wwdg.o ABSOLUTE
    ..\..\drivers\mcu\hal_clk.c              0x00000000   Number         0  hal_clk.o ABSOLUTE
    ..\..\drivers\mcu\hal_gpio.c             0x00000000   Number         0  hal_gpio.o ABSOLUTE
    ..\..\drivers\mcu\hal_mcu.c              0x00000000   Number         0  hal_mcu.o ABSOLUTE
    ..\..\drivers\mcu\hal_spi.c              0x00000000   Number         0  hal_spi.o ABSOLUTE
    ..\..\drivers\mcu\hal_uart.c             0x00000000   Number         0  hal_uart.o ABSOLUTE
    ..\..\user\main.c                        0x00000000   Number         0  main.o ABSOLUTE
    ..\\..\\drivers\\mcu\\CMSIS\\Device\\ST\\STM32F1xx\\Source\\Templates\\system_stm32f1xx.c 0x00000000   Number         0  system_stm32f1xx.o ABSOLUTE
    ..\\..\\drivers\\mcu\\STM32F1xx_HAL_Driver\\Src\\stm32f1xx_hal.c 0x00000000   Number         0  stm32f1xx_hal.o ABSOLUTE
    ..\\..\\drivers\\mcu\\STM32F1xx_HAL_Driver\\Src\\stm32f1xx_hal_can.c 0x00000000   Number         0  stm32f1xx_hal_can.o ABSOLUTE
    ..\\..\\drivers\\mcu\\STM32F1xx_HAL_Driver\\Src\\stm32f1xx_hal_cortex.c 0x00000000   Number         0  stm32f1xx_hal_cortex.o ABSOLUTE
    ..\\..\\drivers\\mcu\\STM32F1xx_HAL_Driver\\Src\\stm32f1xx_hal_dma.c 0x00000000   Number         0  stm32f1xx_hal_dma.o ABSOLUTE
    ..\\..\\drivers\\mcu\\STM32F1xx_HAL_Driver\\Src\\stm32f1xx_hal_flash.c 0x00000000   Number         0  stm32f1xx_hal_flash.o ABSOLUTE
    ..\\..\\drivers\\mcu\\STM32F1xx_HAL_Driver\\Src\\stm32f1xx_hal_flash_ex.c 0x00000000   Number         0  stm32f1xx_hal_flash_ex.o ABSOLUTE
    ..\\..\\drivers\\mcu\\STM32F1xx_HAL_Driver\\Src\\stm32f1xx_hal_gpio.c 0x00000000   Number         0  stm32f1xx_hal_gpio.o ABSOLUTE
    ..\\..\\drivers\\mcu\\STM32F1xx_HAL_Driver\\Src\\stm32f1xx_hal_gpio_ex.c 0x00000000   Number         0  stm32f1xx_hal_gpio_ex.o ABSOLUTE
    ..\\..\\drivers\\mcu\\STM32F1xx_HAL_Driver\\Src\\stm32f1xx_hal_iwdg.c 0x00000000   Number         0  stm32f1xx_hal_iwdg.o ABSOLUTE
    ..\\..\\drivers\\mcu\\STM32F1xx_HAL_Driver\\Src\\stm32f1xx_hal_pwr.c 0x00000000   Number         0  stm32f1xx_hal_pwr.o ABSOLUTE
    ..\\..\\drivers\\mcu\\STM32F1xx_HAL_Driver\\Src\\stm32f1xx_hal_rcc.c 0x00000000   Number         0  stm32f1xx_hal_rcc.o ABSOLUTE
    ..\\..\\drivers\\mcu\\STM32F1xx_HAL_Driver\\Src\\stm32f1xx_hal_rcc_ex.c 0x00000000   Number         0  stm32f1xx_hal_rcc_ex.o ABSOLUTE
    ..\\..\\drivers\\mcu\\STM32F1xx_HAL_Driver\\Src\\stm32f1xx_hal_rtc.c 0x00000000   Number         0  stm32f1xx_hal_rtc.o ABSOLUTE
    ..\\..\\drivers\\mcu\\STM32F1xx_HAL_Driver\\Src\\stm32f1xx_hal_rtc_ex.c 0x00000000   Number         0  stm32f1xx_hal_rtc_ex.o ABSOLUTE
    ..\\..\\drivers\\mcu\\STM32F1xx_HAL_Driver\\Src\\stm32f1xx_hal_spi.c 0x00000000   Number         0  stm32f1xx_hal_spi.o ABSOLUTE
    ..\\..\\drivers\\mcu\\STM32F1xx_HAL_Driver\\Src\\stm32f1xx_hal_spi_ex.c 0x00000000   Number         0  stm32f1xx_hal_spi_ex.o ABSOLUTE
    ..\\..\\drivers\\mcu\\STM32F1xx_HAL_Driver\\Src\\stm32f1xx_hal_tim.c 0x00000000   Number         0  stm32f1xx_hal_tim.o ABSOLUTE
    ..\\..\\drivers\\mcu\\STM32F1xx_HAL_Driver\\Src\\stm32f1xx_hal_tim_ex.c 0x00000000   Number         0  stm32f1xx_hal_tim_ex.o ABSOLUTE
    ..\\..\\drivers\\mcu\\STM32F1xx_HAL_Driver\\Src\\stm32f1xx_hal_uart.c 0x00000000   Number         0  stm32f1xx_hal_uart.o ABSOLUTE
    ..\\..\\drivers\\mcu\\STM32F1xx_HAL_Driver\\Src\\stm32f1xx_hal_usart.c 0x00000000   Number         0  stm32f1xx_hal_usart.o ABSOLUTE
    ..\\..\\drivers\\mcu\\STM32F1xx_HAL_Driver\\Src\\stm32f1xx_hal_wwdg.c 0x00000000   Number         0  stm32f1xx_hal_wwdg.o ABSOLUTE
    ..\\..\\drivers\\mcu\\hal_clk.c          0x00000000   Number         0  hal_clk.o ABSOLUTE
    ..\\..\\drivers\\mcu\\hal_gpio.c         0x00000000   Number         0  hal_gpio.o ABSOLUTE
    ..\\..\\drivers\\mcu\\hal_mcu.c          0x00000000   Number         0  hal_mcu.o ABSOLUTE
    ..\\..\\drivers\\mcu\\hal_spi.c          0x00000000   Number         0  hal_spi.o ABSOLUTE
    ..\\..\\drivers\\mcu\\hal_uart.c         0x00000000   Number         0  hal_uart.o ABSOLUTE
    cdrcmple.s                               0x00000000   Number         0  cdrcmple.o ABSOLUTE
    dc.s                                     0x00000000   Number         0  dc.o ABSOLUTE
    handlers.s                               0x00000000   Number         0  handlers.o ABSOLUTE
    init.s                                   0x00000000   Number         0  init.o ABSOLUTE
    RESET                                    0x08000000   Section      304  startup_stm32f103xe.o(RESET)
    .ARM.Collect$$$$00000000                 0x08000130   Section        0  entry.o(.ARM.Collect$$$$00000000)
    .ARM.Collect$$$$00000001                 0x08000130   Section        4  entry2.o(.ARM.Collect$$$$00000001)
    .ARM.Collect$$$$00000004                 0x08000134   Section        4  entry5.o(.ARM.Collect$$$$00000004)
    .ARM.Collect$$$$00000008                 0x08000138   Section        0  entry7b.o(.ARM.Collect$$$$00000008)
    .ARM.Collect$$$$0000000A                 0x08000138   Section        0  entry8b.o(.ARM.Collect$$$$0000000A)
    .ARM.Collect$$$$0000000B                 0x08000138   Section        8  entry9a.o(.ARM.Collect$$$$0000000B)
    .ARM.Collect$$$$0000000D                 0x08000140   Section        0  entry10a.o(.ARM.Collect$$$$0000000D)
    .ARM.Collect$$$$0000000F                 0x08000140   Section        0  entry11a.o(.ARM.Collect$$$$0000000F)
    .ARM.Collect$$$$00002712                 0x08000140   Section        4  entry2.o(.ARM.Collect$$$$00002712)
    __lit__00000000                          0x08000140   Data           4  entry2.o(.ARM.Collect$$$$00002712)
    .text                                    0x08000144   Section       36  startup_stm32f103xe.o(.text)
    .text                                    0x08000168   Section        0  llushr.o(.text)
    .text                                    0x08000188   Section        0  memseta.o(.text)
    .text                                    0x080001ac   Section        0  uidiv.o(.text)
    .text                                    0x080001d8   Section        0  uldiv.o(.text)
    .text                                    0x0800023a   Section        0  dadd.o(.text)
    .text                                    0x0800023a   Section        0  iusefp.o(.text)
    .text                                    0x08000388   Section        0  dmul.o(.text)
    .text                                    0x0800046c   Section        0  ddiv.o(.text)
    .text                                    0x0800054a   Section        0  dfixul.o(.text)
    .text                                    0x0800057c   Section       48  cdrcmple.o(.text)
    .text                                    0x080005ac   Section       36  init.o(.text)
    .text                                    0x080005d0   Section        0  llshl.o(.text)
    .text                                    0x080005ee   Section        0  llsshr.o(.text)
    .text                                    0x08000612   Section        0  depilogue.o(.text)
    i.HAL_GPIO_Init                          0x080006cc   Section        0  stm32f1xx_hal_gpio.o(i.HAL_GPIO_Init)
    i.HAL_GPIO_TogglePin                     0x08000a0c   Section        0  stm32f1xx_hal_gpio.o(i.HAL_GPIO_TogglePin)
    i.HAL_GPIO_WritePin                      0x08000a14   Section        0  stm32f1xx_hal_gpio.o(i.HAL_GPIO_WritePin)
    i.HAL_GetTick                            0x08000a20   Section        0  stm32f1xx_hal.o(i.HAL_GetTick)
    i.HAL_IncTick                            0x08000a2c   Section        0  stm32f1xx_hal.o(i.HAL_IncTick)
    i.HAL_Init                               0x08000a44   Section        0  stm32f1xx_hal.o(i.HAL_Init)
    i.HAL_InitTick                           0x08000abc   Section        0  stm32f1xx_hal.o(i.HAL_InitTick)
    i.HAL_MspInit                            0x08000b08   Section        0  stm32f1xx_hal.o(i.HAL_MspInit)
    i.HAL_NVIC_EnableIRQ                     0x08000b0a   Section        0  stm32f1xx_hal_cortex.o(i.HAL_NVIC_EnableIRQ)
    i.HAL_NVIC_SetPriority                   0x08000b24   Section        0  stm32f1xx_hal_cortex.o(i.HAL_NVIC_SetPriority)
    i.HAL_NVIC_SetPriorityGrouping           0x08000ba0   Section        0  stm32f1xx_hal_cortex.o(i.HAL_NVIC_SetPriorityGrouping)
    i.HAL_NVIC_SystemReset                   0x08000bc8   Section        0  stm32f1xx_hal_cortex.o(i.HAL_NVIC_SystemReset)
    i.HAL_RCCEx_PeriphCLKConfig              0x08000c0c   Section        0  stm32f1xx_hal_rcc_ex.o(i.HAL_RCCEx_PeriphCLKConfig)
    i.HAL_RCC_ClockConfig                    0x08000d3c   Section        0  stm32f1xx_hal_rcc.o(i.HAL_RCC_ClockConfig)
    i.HAL_RCC_GetHCLKFreq                    0x08000ee0   Section        0  stm32f1xx_hal_rcc.o(i.HAL_RCC_GetHCLKFreq)
    i.HAL_RCC_GetPCLK1Freq                   0x08000eec   Section        0  stm32f1xx_hal_rcc.o(i.HAL_RCC_GetPCLK1Freq)
    i.HAL_RCC_GetPCLK2Freq                   0x08000f0c   Section        0  stm32f1xx_hal_rcc.o(i.HAL_RCC_GetPCLK2Freq)
    i.HAL_RCC_GetSysClockFreq                0x08000f2c   Section        0  stm32f1xx_hal_rcc.o(i.HAL_RCC_GetSysClockFreq)
    i.HAL_RCC_OscConfig                      0x08000fc0   Section        0  stm32f1xx_hal_rcc.o(i.HAL_RCC_OscConfig)
    i.HAL_SPI_Init                           0x08001400   Section        0  stm32f1xx_hal_spi_ex.o(i.HAL_SPI_Init)
    i.HAL_SPI_MspInit                        0x08001494   Section        0  stm32f1xx_hal_spi.o(i.HAL_SPI_MspInit)
    i.HAL_SPI_Receive                        0x08001496   Section        0  stm32f1xx_hal_spi.o(i.HAL_SPI_Receive)
    i.HAL_SPI_Transmit                       0x080016e0   Section        0  stm32f1xx_hal_spi.o(i.HAL_SPI_Transmit)
    i.HAL_SPI_TransmitReceive                0x080018c0   Section        0  stm32f1xx_hal_spi.o(i.HAL_SPI_TransmitReceive)
    i.HAL_SYSTICK_CLKSourceConfig            0x08001bb4   Section        0  stm32f1xx_hal_cortex.o(i.HAL_SYSTICK_CLKSourceConfig)
    i.HAL_SYSTICK_Config                     0x08001bdc   Section        0  stm32f1xx_hal_cortex.o(i.HAL_SYSTICK_Config)
    i.HAL_UART_Init                          0x08001c10   Section        0  stm32f1xx_hal_uart.o(i.HAL_UART_Init)
    i.HAL_UART_MspInit                       0x08001c82   Section        0  stm32f1xx_hal_uart.o(i.HAL_UART_MspInit)
    i.HardFault_Handler                      0x08001c84   Section        0  hal_mcu.o(i.HardFault_Handler)
    i.NMI_Handler                            0x08001c8c   Section        0  hal_mcu.o(i.NMI_Handler)
    i.NVIC_GetPriorityGrouping               0x08001c90   Section        0  stm32f1xx_hal_cortex.o(i.NVIC_GetPriorityGrouping)
    NVIC_GetPriorityGrouping                 0x08001c91   Thumb Code    10  stm32f1xx_hal_cortex.o(i.NVIC_GetPriorityGrouping)
    i.NVIC_SetPriority                       0x08001ca0   Section        0  stm32f1xx_hal_cortex.o(i.NVIC_SetPriority)
    NVIC_SetPriority                         0x08001ca1   Thumb Code    32  stm32f1xx_hal_cortex.o(i.NVIC_SetPriority)
    i.PendSV_Handler                         0x08001cc8   Section        0  hal_mcu.o(i.PendSV_Handler)
    i.RCC_Delay                              0x08001ccc   Section        0  stm32f1xx_hal_rcc.o(i.RCC_Delay)
    RCC_Delay                                0x08001ccd   Thumb Code    36  stm32f1xx_hal_rcc.o(i.RCC_Delay)
    i.SPI_CheckFlag_BSY                      0x08001cf4   Section        0  stm32f1xx_hal_spi.o(i.SPI_CheckFlag_BSY)
    SPI_CheckFlag_BSY                        0x08001cf5   Thumb Code    40  stm32f1xx_hal_spi.o(i.SPI_CheckFlag_BSY)
    i.SPI_ISCRCErrorValid                    0x08001d1c   Section        0  stm32f1xx_hal_spi_ex.o(i.SPI_ISCRCErrorValid)
    i.SPI_WaitFlagStateUntilTimeout          0x08001d44   Section        0  stm32f1xx_hal_spi.o(i.SPI_WaitFlagStateUntilTimeout)
    SPI_WaitFlagStateUntilTimeout            0x08001d45   Thumb Code   170  stm32f1xx_hal_spi.o(i.SPI_WaitFlagStateUntilTimeout)
    i.SVC_Handler                            0x08001dee   Section        0  hal_mcu.o(i.SVC_Handler)
    i.SysTick_Handler                        0x08001df0   Section        0  hal_mcu.o(i.SysTick_Handler)
    i.SystemInit                             0x08001e08   Section        0  system_stm32f1xx.o(i.SystemInit)
    i.UART5_IRQHandler                       0x08001e60   Section        0  hal_uart.o(i.UART5_IRQHandler)
    i.UART_SetConfig                         0x08001ecc   Section        0  stm32f1xx_hal_uart.o(i.UART_SetConfig)
    UART_SetConfig                           0x08001ecd   Thumb Code   450  stm32f1xx_hal_uart.o(i.UART_SetConfig)
    i.__0printf                              0x08002094   Section        0  printfa.o(i.__0printf)
    i.__0vsnprintf                           0x080020b4   Section        0  printfa.o(i.__0vsnprintf)
    i.__scatterload_copy                     0x080020d8   Section       14  handlers.o(i.__scatterload_copy)
    i.__scatterload_null                     0x080020e6   Section        2  handlers.o(i.__scatterload_null)
    i.__scatterload_zeroinit                 0x080020e8   Section       14  handlers.o(i.__scatterload_zeroinit)
    i._fp_digits                             0x080020f8   Section        0  printfa.o(i._fp_digits)
    _fp_digits                               0x080020f9   Thumb Code   334  printfa.o(i._fp_digits)
    i._printf_core                           0x0800225c   Section        0  printfa.o(i._printf_core)
    _printf_core                             0x0800225d   Thumb Code  1744  printfa.o(i._printf_core)
    i._printf_post_padding                   0x08002938   Section        0  printfa.o(i._printf_post_padding)
    _printf_post_padding                     0x08002939   Thumb Code    36  printfa.o(i._printf_post_padding)
    i._printf_pre_padding                    0x0800295c   Section        0  printfa.o(i._printf_pre_padding)
    _printf_pre_padding                      0x0800295d   Thumb Code    46  printfa.o(i._printf_pre_padding)
    i._snputc                                0x0800298a   Section        0  printfa.o(i._snputc)
    _snputc                                  0x0800298b   Thumb Code    22  printfa.o(i._snputc)
    i.delay                                  0x080029a0   Section        0  sfud_port.o(i.delay)
    delay                                    0x080029a1   Thumb Code    16  sfud_port.o(i.delay)
    i.fputc                                  0x080029b0   Section        0  main.o(i.fputc)
    i.hal_clk_init                           0x080029c0   Section        0  hal_clk.o(i.hal_clk_init)
    i.hal_gpio_init                          0x08002ac0   Section        0  hal_gpio.o(i.hal_gpio_init)
    i.hal_gpio_write                         0x08002b8c   Section        0  hal_gpio.o(i.hal_gpio_write)
    i.hal_mcu_init                           0x08002bf8   Section        0  hal_mcu.o(i.hal_mcu_init)
    i.hal_mcu_reset                          0x08002c24   Section        0  hal_mcu.o(i.hal_mcu_reset)
    i.hal_spi1_init                          0x08002c34   Section        0  hal_spi.o(i.hal_spi1_init)
    i.hal_spi1_write_read                    0x08002ca4   Section        0  hal_spi.o(i.hal_spi1_write_read)
    i.hal_uart5_init                         0x08002ce0   Section        0  hal_uart.o(i.hal_uart5_init)
    i.hal_uart5_putchar                      0x08002d7c   Section        0  hal_uart.o(i.hal_uart5_putchar)
    i.hardware_init                          0x08002d9c   Section        0  sfud.o(i.hardware_init)
    hardware_init                            0x08002d9d   Thumb Code   508  sfud.o(i.hardware_init)
    i.main                                   0x080030c0   Section        0  main.o(i.main)
    i.read_basic_header                      0x080030d8   Section        0  sfud_sfdp.o(i.read_basic_header)
    read_basic_header                        0x080030d9   Thumb Code   212  sfud_sfdp.o(i.read_basic_header)
    i.read_basic_table                       0x08003288   Section        0  sfud_sfdp.o(i.read_basic_table)
    read_basic_table                         0x08003289   Thumb Code  1600  sfud_sfdp.o(i.read_basic_table)
    i.read_jedec_id                          0x080038c8   Section        0  sfud.o(i.read_jedec_id)
    read_jedec_id                            0x080038c9   Thumb Code   116  sfud.o(i.read_jedec_id)
    i.read_sfdp_data                         0x080039bc   Section        0  sfud_sfdp.o(i.read_sfdp_data)
    read_sfdp_data                           0x080039bd   Thumb Code   158  sfud_sfdp.o(i.read_sfdp_data)
    i.read_sfdp_header                       0x08003ae4   Section        0  sfud_sfdp.o(i.read_sfdp_header)
    read_sfdp_header                         0x08003ae5   Thumb Code   172  sfud_sfdp.o(i.read_sfdp_header)
    i.reset                                  0x08003c84   Section        0  sfud.o(i.reset)
    reset                                    0x08003c85   Thumb Code   146  sfud.o(i.reset)
    i.set_4_byte_address_mode                0x08003dac   Section        0  sfud.o(i.set_4_byte_address_mode)
    set_4_byte_address_mode                  0x08003dad   Thumb Code   134  sfud.o(i.set_4_byte_address_mode)
    i.set_write_enabled                      0x08003ee8   Section        0  sfud.o(i.set_write_enabled)
    set_write_enabled                        0x08003ee9   Thumb Code   128  sfud.o(i.set_write_enabled)
    i.sfud_device_init                       0x08004004   Section        0  sfud.o(i.sfud_device_init)
    i.sfud_init                              0x0800409c   Section        0  sfud.o(i.sfud_init)
    i.sfud_log_debug                         0x08004160   Section        0  sfud_port.o(i.sfud_log_debug)
    i.sfud_log_info                          0x080041b0   Section        0  sfud_port.o(i.sfud_log_info)
    i.sfud_read_sfdp                         0x080041f0   Section        0  sfud_sfdp.o(i.sfud_read_sfdp)
    i.sfud_read_status                       0x0800428c   Section        0  sfud.o(i.sfud_read_status)
    i.sfud_spi_port_init                     0x08004334   Section        0  sfud_port.o(i.sfud_spi_port_init)
    i.sfud_write_status                      0x08004350   Section        0  sfud.o(i.sfud_write_status)
    i.software_init                          0x08004448   Section        0  sfud.o(i.software_init)
    software_init                            0x08004449   Thumb Code    34  sfud.o(i.software_init)
    i.spi_write_read                         0x080044bc   Section        0  sfud_port.o(i.spi_write_read)
    spi_write_read                           0x080044bd   Thumb Code    60  sfud_port.o(i.spi_write_read)
    i.sys_power_on                           0x080044f8   Section        0  main.o(i.sys_power_on)
    i.usart_receive_data                     0x080044fa   Section        0  hal_uart.o(i.usart_receive_data)
    usart_receive_data                       0x080044fb   Thumb Code    10  hal_uart.o(i.usart_receive_data)
    i.wait_busy                              0x08004504   Section        0  sfud.o(i.wait_busy)
    wait_busy                                0x08004505   Thumb Code   104  sfud.o(i.wait_busy)
    .constdata                               0x080045e4   Section      813  sfud.o(.constdata)
    mf_table                                 0x080045e4   Data         128  sfud.o(.constdata)
    flash_chip_table                         0x08004664   Data         456  sfud.o(.constdata)
    __FUNCTION__                             0x0800482c   Data          14  sfud.o(.constdata)
    __FUNCTION__                             0x0800483a   Data          14  sfud.o(.constdata)
    __FUNCTION__                             0x08004848   Data          10  sfud.o(.constdata)
    __FUNCTION__                             0x08004852   Data          16  sfud.o(.constdata)
    __FUNCTION__                             0x08004862   Data          11  sfud.o(.constdata)
    __FUNCTION__                             0x0800486d   Data          24  sfud.o(.constdata)
    __FUNCTION__                             0x08004885   Data          10  sfud.o(.constdata)
    __FUNCTION__                             0x0800488f   Data           6  sfud.o(.constdata)
    __FUNCTION__                             0x08004895   Data          14  sfud.o(.constdata)
    __FUNCTION__                             0x080048a3   Data          18  sfud.o(.constdata)
    __FUNCTION__                             0x080048b5   Data          24  sfud.o(.constdata)
    __FUNCTION__                             0x080048cd   Data          17  sfud.o(.constdata)
    __FUNCTION__                             0x080048de   Data          10  sfud.o(.constdata)
    __FUNCTION__                             0x080048e8   Data          23  sfud.o(.constdata)
    __FUNCTION__                             0x080048ff   Data          18  sfud.o(.constdata)
    .constdata                               0x08004911   Section      112  sfud_sfdp.o(.constdata)
    __FUNCTION__                             0x08004911   Data          15  sfud_sfdp.o(.constdata)
    __FUNCTION__                             0x08004920   Data          17  sfud_sfdp.o(.constdata)
    __FUNCTION__                             0x08004931   Data          18  sfud_sfdp.o(.constdata)
    __FUNCTION__                             0x08004943   Data          17  sfud_sfdp.o(.constdata)
    __FUNCTION__                             0x08004954   Data          15  sfud_sfdp.o(.constdata)
    __FUNCTION__                             0x08004963   Data          30  sfud_sfdp.o(.constdata)
    .constdata                               0x08004984   Section      140  hal_gpio.o(.constdata)
    gpioConfigArray                          0x08004984   Data         140  hal_gpio.o(.constdata)
    .constdata                               0x08004a10   Section       24  system_stm32f1xx.o(.constdata)
    .conststring                             0x08004a28   Section      521  sfud.o(.conststring)
    .conststring                             0x08004c34   Section      889  sfud_sfdp.o(.conststring)
    .data                                    0x20000000   Section      116  sfud.o(.data)
    flash_table                              0x20000000   Data         116  sfud.o(.data)
    .data                                    0x20000074   Section        4  hal_mcu.o(.data)
    sysTickCallFunc                          0x20000074   Data           4  hal_mcu.o(.data)
    .data                                    0x20000078   Section        4  hal_uart.o(.data)
    uart5RxIrqCallbackPt                     0x20000078   Data           4  hal_uart.o(.data)
    .data                                    0x2000007c   Section        9  stm32f1xx_hal.o(.data)
    .data                                    0x20000088   Section        4  system_stm32f1xx.o(.data)
    .data                                    0x2000008c   Section        1  stm32f1xx_hal_spi_ex.o(.data)
    .data                                    0x20000090   Section        4  stdout.o(.data)
    .bss                                     0x20000094   Section       64  hal_uart.o(.bss)
    uart5Handle                              0x20000094   Data          64  hal_uart.o(.bss)
    .bss                                     0x200000d4   Section       88  hal_spi.o(.bss)
    spi1Handle                               0x200000d4   Data          88  hal_spi.o(.bss)
    .bss                                     0x2000012c   Section      256  sfud_port.o(.bss)
    log_buf                                  0x2000012c   Data         256  sfud_port.o(.bss)
    STACK                                    0x20000230   Section     3072  startup_stm32f103xe.o(STACK)

    Global Symbols

    Symbol Name                              Value     Ov Type        Size  Object(Section)

    BuildAttributes$$THM_ISAv4$P$D$K$B$S$PE$A:L22UL41UL21$X:L11$S22US41US21$IEEE1$IW$USESV6$~STKCKD$USESV7$~SHL$OSPACE$ROPI$EBA8$MICROLIB$REQ8$PRES8$EABIv2 0x00000000   Number         0  anon$$obj.o ABSOLUTE
    __ARM_use_no_argv                        0x00000000   Number         0  main.o ABSOLUTE
    _printf_a                                0x00000000   Number         0  stubs.o ABSOLUTE
    _printf_c                                0x00000000   Number         0  stubs.o ABSOLUTE
    _printf_charcount                        0x00000000   Number         0  stubs.o ABSOLUTE
    _printf_d                                0x00000000   Number         0  stubs.o ABSOLUTE
    _printf_e                                0x00000000   Number         0  stubs.o ABSOLUTE
    _printf_f                                0x00000000   Number         0  stubs.o ABSOLUTE
    _printf_flags                            0x00000000   Number         0  stubs.o ABSOLUTE
    _printf_fp_dec                           0x00000000   Number         0  stubs.o ABSOLUTE
    _printf_fp_hex                           0x00000000   Number         0  stubs.o ABSOLUTE
    _printf_g                                0x00000000   Number         0  stubs.o ABSOLUTE
    _printf_i                                0x00000000   Number         0  stubs.o ABSOLUTE
    _printf_int_dec                          0x00000000   Number         0  stubs.o ABSOLUTE
    _printf_l                                0x00000000   Number         0  stubs.o ABSOLUTE
    _printf_lc                               0x00000000   Number         0  stubs.o ABSOLUTE
    _printf_ll                               0x00000000   Number         0  stubs.o ABSOLUTE
    _printf_lld                              0x00000000   Number         0  stubs.o ABSOLUTE
    _printf_lli                              0x00000000   Number         0  stubs.o ABSOLUTE
    _printf_llo                              0x00000000   Number         0  stubs.o ABSOLUTE
    _printf_llu                              0x00000000   Number         0  stubs.o ABSOLUTE
    _printf_llx                              0x00000000   Number         0  stubs.o ABSOLUTE
    _printf_longlong_dec                     0x00000000   Number         0  stubs.o ABSOLUTE
    _printf_longlong_hex                     0x00000000   Number         0  stubs.o ABSOLUTE
    _printf_longlong_oct                     0x00000000   Number         0  stubs.o ABSOLUTE
    _printf_ls                               0x00000000   Number         0  stubs.o ABSOLUTE
    _printf_mbtowc                           0x00000000   Number         0  stubs.o ABSOLUTE
    _printf_n                                0x00000000   Number         0  stubs.o ABSOLUTE
    _printf_o                                0x00000000   Number         0  stubs.o ABSOLUTE
    _printf_p                                0x00000000   Number         0  stubs.o ABSOLUTE
    _printf_percent                          0x00000000   Number         0  stubs.o ABSOLUTE
    _printf_pre_padding                      0x00000000   Number         0  stubs.o ABSOLUTE
    _printf_return_value                     0x00000000   Number         0  stubs.o ABSOLUTE
    _printf_s                                0x00000000   Number         0  stubs.o ABSOLUTE
    _printf_sizespec                         0x00000000   Number         0  stubs.o ABSOLUTE
    _printf_str                              0x00000000   Number         0  stubs.o ABSOLUTE
    _printf_truncate_signed                  0x00000000   Number         0  stubs.o ABSOLUTE
    _printf_truncate_unsigned                0x00000000   Number         0  stubs.o ABSOLUTE
    _printf_u                                0x00000000   Number         0  stubs.o ABSOLUTE
    _printf_wc                               0x00000000   Number         0  stubs.o ABSOLUTE
    _printf_wctomb                           0x00000000   Number         0  stubs.o ABSOLUTE
    _printf_widthprec                        0x00000000   Number         0  stubs.o ABSOLUTE
    _printf_x                                0x00000000   Number         0  stubs.o ABSOLUTE
    __cpp_initialize__aeabi_                  - Undefined Weak Reference
    __cxa_finalize                            - Undefined Weak Reference
    __decompress                              - Undefined Weak Reference
    _clock_init                               - Undefined Weak Reference
    _microlib_exit                            - Undefined Weak Reference
    __Vectors_Size                           0x00000130   Number         0  startup_stm32f103xe.o ABSOLUTE
    __Vectors                                0x08000000   Data           4  startup_stm32f103xe.o(RESET)
    __Vectors_End                            0x08000130   Data           0  startup_stm32f103xe.o(RESET)
    __main                                   0x08000131   Thumb Code     0  entry.o(.ARM.Collect$$$$00000000)
    _main_stk                                0x08000131   Thumb Code     0  entry2.o(.ARM.Collect$$$$00000001)
    _main_scatterload                        0x08000135   Thumb Code     0  entry5.o(.ARM.Collect$$$$00000004)
    __main_after_scatterload                 0x08000139   Thumb Code     0  entry5.o(.ARM.Collect$$$$00000004)
    _main_clock                              0x08000139   Thumb Code     0  entry7b.o(.ARM.Collect$$$$00000008)
    _main_cpp_init                           0x08000139   Thumb Code     0  entry8b.o(.ARM.Collect$$$$0000000A)
    _main_init                               0x08000139   Thumb Code     0  entry9a.o(.ARM.Collect$$$$0000000B)
    __rt_final_cpp                           0x08000141   Thumb Code     0  entry10a.o(.ARM.Collect$$$$0000000D)
    __rt_final_exit                          0x08000141   Thumb Code     0  entry11a.o(.ARM.Collect$$$$0000000F)
    Reset_Handler                            0x08000145   Thumb Code     8  startup_stm32f103xe.o(.text)
    MemManage_Handler                        0x08000151   Thumb Code     2  startup_stm32f103xe.o(.text)
    BusFault_Handler                         0x08000153   Thumb Code     2  startup_stm32f103xe.o(.text)
    UsageFault_Handler                       0x08000155   Thumb Code     2  startup_stm32f103xe.o(.text)
    DebugMon_Handler                         0x08000159   Thumb Code     2  startup_stm32f103xe.o(.text)
    ADC1_2_IRQHandler                        0x0800015f   Thumb Code     0  startup_stm32f103xe.o(.text)
    ADC3_IRQHandler                          0x0800015f   Thumb Code     0  startup_stm32f103xe.o(.text)
    CAN1_RX1_IRQHandler                      0x0800015f   Thumb Code     0  startup_stm32f103xe.o(.text)
    CAN1_SCE_IRQHandler                      0x0800015f   Thumb Code     0  startup_stm32f103xe.o(.text)
    DMA1_Channel1_IRQHandler                 0x0800015f   Thumb Code     0  startup_stm32f103xe.o(.text)
    DMA1_Channel2_IRQHandler                 0x0800015f   Thumb Code     0  startup_stm32f103xe.o(.text)
    DMA1_Channel3_IRQHandler                 0x0800015f   Thumb Code     0  startup_stm32f103xe.o(.text)
    DMA1_Channel4_IRQHandler                 0x0800015f   Thumb Code     0  startup_stm32f103xe.o(.text)
    DMA1_Channel5_IRQHandler                 0x0800015f   Thumb Code     0  startup_stm32f103xe.o(.text)
    DMA1_Channel6_IRQHandler                 0x0800015f   Thumb Code     0  startup_stm32f103xe.o(.text)
    DMA1_Channel7_IRQHandler                 0x0800015f   Thumb Code     0  startup_stm32f103xe.o(.text)
    DMA2_Channel1_IRQHandler                 0x0800015f   Thumb Code     0  startup_stm32f103xe.o(.text)
    DMA2_Channel2_IRQHandler                 0x0800015f   Thumb Code     0  startup_stm32f103xe.o(.text)
    DMA2_Channel3_IRQHandler                 0x0800015f   Thumb Code     0  startup_stm32f103xe.o(.text)
    DMA2_Channel4_5_IRQHandler               0x0800015f   Thumb Code     0  startup_stm32f103xe.o(.text)
    EXTI0_IRQHandler                         0x0800015f   Thumb Code     0  startup_stm32f103xe.o(.text)
    EXTI15_10_IRQHandler                     0x0800015f   Thumb Code     0  startup_stm32f103xe.o(.text)
    EXTI1_IRQHandler                         0x0800015f   Thumb Code     0  startup_stm32f103xe.o(.text)
    EXTI2_IRQHandler                         0x0800015f   Thumb Code     0  startup_stm32f103xe.o(.text)
    EXTI3_IRQHandler                         0x0800015f   Thumb Code     0  startup_stm32f103xe.o(.text)
    EXTI4_IRQHandler                         0x0800015f   Thumb Code     0  startup_stm32f103xe.o(.text)
    EXTI9_5_IRQHandler                       0x0800015f   Thumb Code     0  startup_stm32f103xe.o(.text)
    FLASH_IRQHandler                         0x0800015f   Thumb Code     0  startup_stm32f103xe.o(.text)
    FSMC_IRQHandler                          0x0800015f   Thumb Code     0  startup_stm32f103xe.o(.text)
    I2C1_ER_IRQHandler                       0x0800015f   Thumb Code     0  startup_stm32f103xe.o(.text)
    I2C1_EV_IRQHandler                       0x0800015f   Thumb Code     0  startup_stm32f103xe.o(.text)
    I2C2_ER_IRQHandler                       0x0800015f   Thumb Code     0  startup_stm32f103xe.o(.text)
    I2C2_EV_IRQHandler                       0x0800015f   Thumb Code     0  startup_stm32f103xe.o(.text)
    PVD_IRQHandler                           0x0800015f   Thumb Code     0  startup_stm32f103xe.o(.text)
    RCC_IRQHandler                           0x0800015f   Thumb Code     0  startup_stm32f103xe.o(.text)
    RTC_Alarm_IRQHandler                     0x0800015f   Thumb Code     0  startup_stm32f103xe.o(.text)
    RTC_IRQHandler                           0x0800015f   Thumb Code     0  startup_stm32f103xe.o(.text)
    SDIO_IRQHandler                          0x0800015f   Thumb Code     0  startup_stm32f103xe.o(.text)
    SPI1_IRQHandler                          0x0800015f   Thumb Code     0  startup_stm32f103xe.o(.text)
    SPI2_IRQHandler                          0x0800015f   Thumb Code     0  startup_stm32f103xe.o(.text)
    SPI3_IRQHandler                          0x0800015f   Thumb Code     0  startup_stm32f103xe.o(.text)
    TAMPER_IRQHandler                        0x0800015f   Thumb Code     0  startup_stm32f103xe.o(.text)
    TIM1_BRK_IRQHandler                      0x0800015f   Thumb Code     0  startup_stm32f103xe.o(.text)
    TIM1_CC_IRQHandler                       0x0800015f   Thumb Code     0  startup_stm32f103xe.o(.text)
    TIM1_TRG_COM_IRQHandler                  0x0800015f   Thumb Code     0  startup_stm32f103xe.o(.text)
    TIM1_UP_IRQHandler                       0x0800015f   Thumb Code     0  startup_stm32f103xe.o(.text)
    TIM2_IRQHandler                          0x0800015f   Thumb Code     0  startup_stm32f103xe.o(.text)
    TIM3_IRQHandler                          0x0800015f   Thumb Code     0  startup_stm32f103xe.o(.text)
    TIM4_IRQHandler                          0x0800015f   Thumb Code     0  startup_stm32f103xe.o(.text)
    TIM5_IRQHandler                          0x0800015f   Thumb Code     0  startup_stm32f103xe.o(.text)
    TIM6_IRQHandler                          0x0800015f   Thumb Code     0  startup_stm32f103xe.o(.text)
    TIM7_IRQHandler                          0x0800015f   Thumb Code     0  startup_stm32f103xe.o(.text)
    TIM8_BRK_IRQHandler                      0x0800015f   Thumb Code     0  startup_stm32f103xe.o(.text)
    TIM8_CC_IRQHandler                       0x0800015f   Thumb Code     0  startup_stm32f103xe.o(.text)
    TIM8_TRG_COM_IRQHandler                  0x0800015f   Thumb Code     0  startup_stm32f103xe.o(.text)
    TIM8_UP_IRQHandler                       0x0800015f   Thumb Code     0  startup_stm32f103xe.o(.text)
    UART4_IRQHandler                         0x0800015f   Thumb Code     0  startup_stm32f103xe.o(.text)
    USART1_IRQHandler                        0x0800015f   Thumb Code     0  startup_stm32f103xe.o(.text)
    USART2_IRQHandler                        0x0800015f   Thumb Code     0  startup_stm32f103xe.o(.text)
    USART3_IRQHandler                        0x0800015f   Thumb Code     0  startup_stm32f103xe.o(.text)
    USBWakeUp_IRQHandler                     0x0800015f   Thumb Code     0  startup_stm32f103xe.o(.text)
    USB_HP_CAN1_TX_IRQHandler                0x0800015f   Thumb Code     0  startup_stm32f103xe.o(.text)
    USB_LP_CAN1_RX0_IRQHandler               0x0800015f   Thumb Code     0  startup_stm32f103xe.o(.text)
    WWDG_IRQHandler                          0x0800015f   Thumb Code     0  startup_stm32f103xe.o(.text)
    __aeabi_llsr                             0x08000169   Thumb Code    32  llushr.o(.text)
    _ll_ushift_r                             0x08000169   Thumb Code     0  llushr.o(.text)
    __aeabi_memset                           0x08000189   Thumb Code    14  memseta.o(.text)
    __aeabi_memset4                          0x08000189   Thumb Code     0  memseta.o(.text)
    __aeabi_memset8                          0x08000189   Thumb Code     0  memseta.o(.text)
    __aeabi_memclr                           0x08000197   Thumb Code     4  memseta.o(.text)
    __aeabi_memclr4                          0x08000197   Thumb Code     0  memseta.o(.text)
    __aeabi_memclr8                          0x08000197   Thumb Code     0  memseta.o(.text)
    _memset$wrapper                          0x0800019b   Thumb Code    18  memseta.o(.text)
    __aeabi_uidiv                            0x080001ad   Thumb Code     0  uidiv.o(.text)
    __aeabi_uidivmod                         0x080001ad   Thumb Code    44  uidiv.o(.text)
    __aeabi_uldivmod                         0x080001d9   Thumb Code    98  uldiv.o(.text)
    __I$use$fp                               0x0800023b   Thumb Code     0  iusefp.o(.text)
    __aeabi_dadd                             0x0800023b   Thumb Code   322  dadd.o(.text)
    __aeabi_dsub                             0x0800037d   Thumb Code     6  dadd.o(.text)
    __aeabi_drsub                            0x08000383   Thumb Code     6  dadd.o(.text)
    __aeabi_dmul                             0x08000389   Thumb Code   228  dmul.o(.text)
    __aeabi_ddiv                             0x0800046d   Thumb Code   222  ddiv.o(.text)
    __aeabi_d2ulz                            0x0800054b   Thumb Code    48  dfixul.o(.text)
    __aeabi_cdrcmple                         0x0800057d   Thumb Code    48  cdrcmple.o(.text)
    __scatterload                            0x080005ad   Thumb Code    28  init.o(.text)
    __scatterload_rt2                        0x080005ad   Thumb Code     0  init.o(.text)
    __aeabi_llsl                             0x080005d1   Thumb Code    30  llshl.o(.text)
    _ll_shift_l                              0x080005d1   Thumb Code     0  llshl.o(.text)
    __aeabi_lasr                             0x080005ef   Thumb Code    36  llsshr.o(.text)
    _ll_sshift_r                             0x080005ef   Thumb Code     0  llsshr.o(.text)
    _double_round                            0x08000613   Thumb Code    30  depilogue.o(.text)
    _double_epilogue                         0x08000631   Thumb Code   156  depilogue.o(.text)
    HAL_GPIO_Init                            0x080006cd   Thumb Code   790  stm32f1xx_hal_gpio.o(i.HAL_GPIO_Init)
    HAL_GPIO_TogglePin                       0x08000a0d   Thumb Code     8  stm32f1xx_hal_gpio.o(i.HAL_GPIO_TogglePin)
    HAL_GPIO_WritePin                        0x08000a15   Thumb Code    12  stm32f1xx_hal_gpio.o(i.HAL_GPIO_WritePin)
    HAL_GetTick                              0x08000a21   Thumb Code     6  stm32f1xx_hal.o(i.HAL_GetTick)
    HAL_IncTick                              0x08000a2d   Thumb Code    16  stm32f1xx_hal.o(i.HAL_IncTick)
    HAL_Init                                 0x08000a45   Thumb Code   106  stm32f1xx_hal.o(i.HAL_Init)
    HAL_InitTick                             0x08000abd   Thumb Code    64  stm32f1xx_hal.o(i.HAL_InitTick)
    HAL_MspInit                              0x08000b09   Thumb Code     2  stm32f1xx_hal.o(i.HAL_MspInit)
    HAL_NVIC_EnableIRQ                       0x08000b0b   Thumb Code    26  stm32f1xx_hal_cortex.o(i.HAL_NVIC_EnableIRQ)
    HAL_NVIC_SetPriority                     0x08000b25   Thumb Code   124  stm32f1xx_hal_cortex.o(i.HAL_NVIC_SetPriority)
    HAL_NVIC_SetPriorityGrouping             0x08000ba1   Thumb Code    32  stm32f1xx_hal_cortex.o(i.HAL_NVIC_SetPriorityGrouping)
    HAL_NVIC_SystemReset                     0x08000bc9   Thumb Code    60  stm32f1xx_hal_cortex.o(i.HAL_NVIC_SystemReset)
    HAL_RCCEx_PeriphCLKConfig                0x08000c0d   Thumb Code   290  stm32f1xx_hal_rcc_ex.o(i.HAL_RCCEx_PeriphCLKConfig)
    HAL_RCC_ClockConfig                      0x08000d3d   Thumb Code   402  stm32f1xx_hal_rcc.o(i.HAL_RCC_ClockConfig)
    HAL_RCC_GetHCLKFreq                      0x08000ee1   Thumb Code     6  stm32f1xx_hal_rcc.o(i.HAL_RCC_GetHCLKFreq)
    HAL_RCC_GetPCLK1Freq                     0x08000eed   Thumb Code    22  stm32f1xx_hal_rcc.o(i.HAL_RCC_GetPCLK1Freq)
    HAL_RCC_GetPCLK2Freq                     0x08000f0d   Thumb Code    22  stm32f1xx_hal_rcc.o(i.HAL_RCC_GetPCLK2Freq)
    HAL_RCC_GetSysClockFreq                  0x08000f2d   Thumb Code   116  stm32f1xx_hal_rcc.o(i.HAL_RCC_GetSysClockFreq)
    HAL_RCC_OscConfig                        0x08000fc1   Thumb Code  1078  stm32f1xx_hal_rcc.o(i.HAL_RCC_OscConfig)
    HAL_SPI_Init                             0x08001401   Thumb Code   144  stm32f1xx_hal_spi_ex.o(i.HAL_SPI_Init)
    HAL_SPI_MspInit                          0x08001495   Thumb Code     2  stm32f1xx_hal_spi.o(i.HAL_SPI_MspInit)
    HAL_SPI_Receive                          0x08001497   Thumb Code   586  stm32f1xx_hal_spi.o(i.HAL_SPI_Receive)
    HAL_SPI_Transmit                         0x080016e1   Thumb Code   480  stm32f1xx_hal_spi.o(i.HAL_SPI_Transmit)
    HAL_SPI_TransmitReceive                  0x080018c1   Thumb Code   756  stm32f1xx_hal_spi.o(i.HAL_SPI_TransmitReceive)
    HAL_SYSTICK_CLKSourceConfig              0x08001bb5   Thumb Code    40  stm32f1xx_hal_cortex.o(i.HAL_SYSTICK_CLKSourceConfig)
    HAL_SYSTICK_Config                       0x08001bdd   Thumb Code    52  stm32f1xx_hal_cortex.o(i.HAL_SYSTICK_Config)
    HAL_UART_Init                            0x08001c11   Thumb Code   114  stm32f1xx_hal_uart.o(i.HAL_UART_Init)
    HAL_UART_MspInit                         0x08001c83   Thumb Code     2  stm32f1xx_hal_uart.o(i.HAL_UART_MspInit)
    HardFault_Handler                        0x08001c85   Thumb Code     8  hal_mcu.o(i.HardFault_Handler)
    NMI_Handler                              0x08001c8d   Thumb Code     2  hal_mcu.o(i.NMI_Handler)
    PendSV_Handler                           0x08001cc9   Thumb Code     2  hal_mcu.o(i.PendSV_Handler)
    SPI_ISCRCErrorValid                      0x08001d1d   Thumb Code    30  stm32f1xx_hal_spi_ex.o(i.SPI_ISCRCErrorValid)
    SVC_Handler                              0x08001def   Thumb Code     2  hal_mcu.o(i.SVC_Handler)
    SysTick_Handler                          0x08001df1   Thumb Code    20  hal_mcu.o(i.SysTick_Handler)
    SystemInit                               0x08001e09   Thumb Code    70  system_stm32f1xx.o(i.SystemInit)
    UART5_IRQHandler                         0x08001e61   Thumb Code    96  hal_uart.o(i.UART5_IRQHandler)
    __0printf                                0x08002095   Thumb Code    22  printfa.o(i.__0printf)
    __1printf                                0x08002095   Thumb Code     0  printfa.o(i.__0printf)
    __2printf                                0x08002095   Thumb Code     0  printfa.o(i.__0printf)
    __c89printf                              0x08002095   Thumb Code     0  printfa.o(i.__0printf)
    printf                                   0x08002095   Thumb Code     0  printfa.o(i.__0printf)
    __0vsnprintf                             0x080020b5   Thumb Code    32  printfa.o(i.__0vsnprintf)
    __1vsnprintf                             0x080020b5   Thumb Code     0  printfa.o(i.__0vsnprintf)
    __2vsnprintf                             0x080020b5   Thumb Code     0  printfa.o(i.__0vsnprintf)
    __c89vsnprintf                           0x080020b5   Thumb Code     0  printfa.o(i.__0vsnprintf)
    vsnprintf                                0x080020b5   Thumb Code     0  printfa.o(i.__0vsnprintf)
    __scatterload_copy                       0x080020d9   Thumb Code    14  handlers.o(i.__scatterload_copy)
    __scatterload_null                       0x080020e7   Thumb Code     2  handlers.o(i.__scatterload_null)
    __scatterload_zeroinit                   0x080020e9   Thumb Code    14  handlers.o(i.__scatterload_zeroinit)
    fputc                                    0x080029b1   Thumb Code    16  main.o(i.fputc)
    hal_clk_init                             0x080029c1   Thumb Code   246  hal_clk.o(i.hal_clk_init)
    hal_gpio_init                            0x08002ac1   Thumb Code   194  hal_gpio.o(i.hal_gpio_init)
    hal_gpio_write                           0x08002b8d   Thumb Code   104  hal_gpio.o(i.hal_gpio_write)
    hal_mcu_init                             0x08002bf9   Thumb Code    38  hal_mcu.o(i.hal_mcu_init)
    hal_mcu_reset                            0x08002c25   Thumb Code    16  hal_mcu.o(i.hal_mcu_reset)
    hal_spi1_init                            0x08002c35   Thumb Code    98  hal_spi.o(i.hal_spi1_init)
    hal_spi1_write_read                      0x08002ca5   Thumb Code    54  hal_spi.o(i.hal_spi1_write_read)
    hal_uart5_init                           0x08002ce1   Thumb Code   142  hal_uart.o(i.hal_uart5_init)
    hal_uart5_putchar                        0x08002d7d   Thumb Code    28  hal_uart.o(i.hal_uart5_putchar)
    main                                     0x080030c1   Thumb Code    24  main.o(i.main)
    sfud_device_init                         0x08004005   Thumb Code    60  sfud.o(i.sfud_device_init)
    sfud_init                                0x0800409d   Thumb Code    82  sfud.o(i.sfud_init)
    sfud_log_debug                           0x08004161   Thumb Code    54  sfud_port.o(i.sfud_log_debug)
    sfud_log_info                            0x080041b1   Thumb Code    46  sfud_port.o(i.sfud_log_info)
    sfud_read_sfdp                           0x080041f1   Thumb Code    66  sfud_sfdp.o(i.sfud_read_sfdp)
    sfud_read_status                         0x0800428d   Thumb Code    78  sfud.o(i.sfud_read_status)
    sfud_spi_port_init                       0x08004335   Thumb Code    20  sfud_port.o(i.sfud_spi_port_init)
    sfud_write_status                        0x08004351   Thumb Code   126  sfud.o(i.sfud_write_status)
    sys_power_on                             0x080044f9   Thumb Code     2  main.o(i.sys_power_on)
    AHBPrescTable                            0x08004a10   Data          16  system_stm32f1xx.o(.constdata)
    APBPrescTable                            0x08004a20   Data           8  system_stm32f1xx.o(.constdata)
    Region$$Table$$Base                      0x08004fb0   Number         0  anon$$obj.o(Region$$Table)
    Region$$Table$$Limit                     0x08004fd0   Number         0  anon$$obj.o(Region$$Table)
    uwTick                                   0x2000007c   Data           4  stm32f1xx_hal.o(.data)
    uwTickPrio                               0x20000080   Data           4  stm32f1xx_hal.o(.data)
    uwTickFreq                               0x20000084   Data           1  stm32f1xx_hal.o(.data)
    SystemCoreClock                          0x20000088   Data           4  system_stm32f1xx.o(.data)
    uCRCErrorWorkaroundCheck                 0x2000008c   Data           1  stm32f1xx_hal_spi_ex.o(.data)
    __stdout                                 0x20000090   Data           4  stdout.o(.data)
    __initial_sp                             0x20000e30   Data           0  startup_stm32f103xe.o(STACK)



==============================================================================

Memory Map of the image

  Image Entry point : 0x08000131

  Load Region LR_IROM1 (Base: 0x08000000, Size: 0x00005064, Max: 0x00018000, ABSOLUTE)

    Execution Region ER_IROM1 (Base: 0x08000000, Size: 0x00004fd0, Max: 0x00018000, ABSOLUTE)

    Base Addr    Size         Type   Attr      Idx    E Section Name        Object

    0x08000000   0x00000130   Data   RO         3961    RESET               startup_stm32f103xe.o
    0x08000130   0x00000000   Code   RO         4566  * .ARM.Collect$$$$00000000  mc_w.l(entry.o)
    0x08000130   0x00000004   Code   RO         4850    .ARM.Collect$$$$00000001  mc_w.l(entry2.o)
    0x08000134   0x00000004   Code   RO         4853    .ARM.Collect$$$$00000004  mc_w.l(entry5.o)
    0x08000138   0x00000000   Code   RO         4855    .ARM.Collect$$$$00000008  mc_w.l(entry7b.o)
    0x08000138   0x00000000   Code   RO         4857    .ARM.Collect$$$$0000000A  mc_w.l(entry8b.o)
    0x08000138   0x00000008   Code   RO         4858    .ARM.Collect$$$$0000000B  mc_w.l(entry9a.o)
    0x08000140   0x00000000   Code   RO         4860    .ARM.Collect$$$$0000000D  mc_w.l(entry10a.o)
    0x08000140   0x00000000   Code   RO         4862    .ARM.Collect$$$$0000000F  mc_w.l(entry11a.o)
    0x08000140   0x00000004   Code   RO         4851    .ARM.Collect$$$$00002712  mc_w.l(entry2.o)
    0x08000144   0x00000024   Code   RO         3962    .text               startup_stm32f103xe.o
    0x08000168   0x00000020   Code   RO         4569    .text               mc_w.l(llushr.o)
    0x08000188   0x00000024   Code   RO         4573    .text               mc_w.l(memseta.o)
    0x080001ac   0x0000002c   Code   RO         4865    .text               mc_w.l(uidiv.o)
    0x080001d8   0x00000062   Code   RO         4867    .text               mc_w.l(uldiv.o)
    0x0800023a   0x00000000   Code   RO         4869    .text               mc_w.l(iusefp.o)
    0x0800023a   0x0000014e   Code   RO         4870    .text               mf_w.l(dadd.o)
    0x08000388   0x000000e4   Code   RO         4872    .text               mf_w.l(dmul.o)
    0x0800046c   0x000000de   Code   RO         4874    .text               mf_w.l(ddiv.o)
    0x0800054a   0x00000030   Code   RO         4876    .text               mf_w.l(dfixul.o)
    0x0800057a   0x00000002   PAD
    0x0800057c   0x00000030   Code   RO         4878    .text               mf_w.l(cdrcmple.o)
    0x080005ac   0x00000024   Code   RO         4880    .text               mc_w.l(init.o)
    0x080005d0   0x0000001e   Code   RO         4882    .text               mc_w.l(llshl.o)
    0x080005ee   0x00000024   Code   RO         4884    .text               mc_w.l(llsshr.o)
    0x08000612   0x000000ba   Code   RO         4886    .text               mf_w.l(depilogue.o)
    0x080006cc   0x00000340   Code   RO         1860    i.HAL_GPIO_Init     stm32f1xx_hal_gpio.o
    0x08000a0c   0x00000008   Code   RO         1863    i.HAL_GPIO_TogglePin  stm32f1xx_hal_gpio.o
    0x08000a14   0x0000000c   Code   RO         1864    i.HAL_GPIO_WritePin  stm32f1xx_hal_gpio.o
    0x08000a20   0x0000000c   Code   RO         1299    i.HAL_GetTick       stm32f1xx_hal.o
    0x08000a2c   0x00000018   Code   RO         1303    i.HAL_IncTick       stm32f1xx_hal.o
    0x08000a44   0x00000078   Code   RO         1304    i.HAL_Init          stm32f1xx_hal.o
    0x08000abc   0x0000004c   Code   RO         1305    i.HAL_InitTick      stm32f1xx_hal.o
    0x08000b08   0x00000002   Code   RO         1307    i.HAL_MspInit       stm32f1xx_hal.o
    0x08000b0a   0x0000001a   Code   RO         1642    i.HAL_NVIC_EnableIRQ  stm32f1xx_hal_cortex.o
    0x08000b24   0x0000007c   Code   RO         1648    i.HAL_NVIC_SetPriority  stm32f1xx_hal_cortex.o
    0x08000ba0   0x00000028   Code   RO         1649    i.HAL_NVIC_SetPriorityGrouping  stm32f1xx_hal_cortex.o
    0x08000bc8   0x00000044   Code   RO         1650    i.HAL_NVIC_SystemReset  stm32f1xx_hal_cortex.o
    0x08000c0c   0x00000130   Code   RO         2211    i.HAL_RCCEx_PeriphCLKConfig  stm32f1xx_hal_rcc_ex.o
    0x08000d3c   0x000001a4   Code   RO         2103    i.HAL_RCC_ClockConfig  stm32f1xx_hal_rcc.o
    0x08000ee0   0x0000000c   Code   RO         2108    i.HAL_RCC_GetHCLKFreq  stm32f1xx_hal_rcc.o
    0x08000eec   0x00000020   Code   RO         2110    i.HAL_RCC_GetPCLK1Freq  stm32f1xx_hal_rcc.o
    0x08000f0c   0x00000020   Code   RO         2111    i.HAL_RCC_GetPCLK2Freq  stm32f1xx_hal_rcc.o
    0x08000f2c   0x00000094   Code   RO         2112    i.HAL_RCC_GetSysClockFreq  stm32f1xx_hal_rcc.o
    0x08000fc0   0x00000440   Code   RO         2115    i.HAL_RCC_OscConfig  stm32f1xx_hal_rcc.o
    0x08001400   0x00000094   Code   RO         4312    i.HAL_SPI_Init      stm32f1xx_hal_spi_ex.o
    0x08001494   0x00000002   Code   RO         3982    i.HAL_SPI_MspInit   stm32f1xx_hal_spi.o
    0x08001496   0x0000024a   Code   RO         3983    i.HAL_SPI_Receive   stm32f1xx_hal_spi.o
    0x080016e0   0x000001e0   Code   RO         3988    i.HAL_SPI_Transmit  stm32f1xx_hal_spi.o
    0x080018c0   0x000002f4   Code   RO         3989    i.HAL_SPI_TransmitReceive  stm32f1xx_hal_spi.o
    0x08001bb4   0x00000028   Code   RO         1651    i.HAL_SYSTICK_CLKSourceConfig  stm32f1xx_hal_cortex.o
    0x08001bdc   0x00000034   Code   RO         1653    i.HAL_SYSTICK_Config  stm32f1xx_hal_cortex.o
    0x08001c10   0x00000072   Code   RO         3144    i.HAL_UART_Init     stm32f1xx_hal_uart.o
    0x08001c82   0x00000002   Code   RO         3146    i.HAL_UART_MspInit  stm32f1xx_hal_uart.o
    0x08001c84   0x00000008   Code   RO          872    i.HardFault_Handler  hal_mcu.o
    0x08001c8c   0x00000002   Code   RO          873    i.NMI_Handler       hal_mcu.o
    0x08001c8e   0x00000002   PAD
    0x08001c90   0x00000010   Code   RO         1655    i.NVIC_GetPriorityGrouping  stm32f1xx_hal_cortex.o
    0x08001ca0   0x00000028   Code   RO         1656    i.NVIC_SetPriority  stm32f1xx_hal_cortex.o
    0x08001cc8   0x00000002   Code   RO          874    i.PendSV_Handler    hal_mcu.o
    0x08001cca   0x00000002   PAD
    0x08001ccc   0x00000028   Code   RO         2116    i.RCC_Delay         stm32f1xx_hal_rcc.o
    0x08001cf4   0x00000028   Code   RO         4006    i.SPI_CheckFlag_BSY  stm32f1xx_hal_spi.o
    0x08001d1c   0x00000028   Code   RO         4313    i.SPI_ISCRCErrorValid  stm32f1xx_hal_spi_ex.o
    0x08001d44   0x000000aa   Code   RO         4027    i.SPI_WaitFlagStateUntilTimeout  stm32f1xx_hal_spi.o
    0x08001dee   0x00000002   Code   RO          875    i.SVC_Handler       hal_mcu.o
    0x08001df0   0x00000018   Code   RO          876    i.SysTick_Handler   hal_mcu.o
    0x08001e08   0x00000058   Code   RO         3926    i.SystemInit        system_stm32f1xx.o
    0x08001e60   0x0000006c   Code   RO         1176    i.UART5_IRQHandler  hal_uart.o
    0x08001ecc   0x000001c8   Code   RO         3171    i.UART_SetConfig    stm32f1xx_hal_uart.o
    0x08002094   0x00000020   Code   RO         4822    i.__0printf         mc_w.l(printfa.o)
    0x080020b4   0x00000024   Code   RO         4827    i.__0vsnprintf      mc_w.l(printfa.o)
    0x080020d8   0x0000000e   Code   RO         4890    i.__scatterload_copy  mc_w.l(handlers.o)
    0x080020e6   0x00000002   Code   RO         4891    i.__scatterload_null  mc_w.l(handlers.o)
    0x080020e8   0x0000000e   Code   RO         4892    i.__scatterload_zeroinit  mc_w.l(handlers.o)
    0x080020f6   0x00000002   PAD
    0x080020f8   0x00000164   Code   RO         4829    i._fp_digits        mc_w.l(printfa.o)
    0x0800225c   0x000006dc   Code   RO         4830    i._printf_core      mc_w.l(printfa.o)
    0x08002938   0x00000024   Code   RO         4831    i._printf_post_padding  mc_w.l(printfa.o)
    0x0800295c   0x0000002e   Code   RO         4832    i._printf_pre_padding  mc_w.l(printfa.o)
    0x0800298a   0x00000016   Code   RO         4833    i._snputc           mc_w.l(printfa.o)
    0x080029a0   0x00000010   Code   RO         4499    i.delay             sfud_port.o
    0x080029b0   0x00000010   Code   RO         4427    i.fputc             main.o
    0x080029c0   0x00000100   Code   RO         1105    i.hal_clk_init      hal_clk.o
    0x08002ac0   0x000000cc   Code   RO         1133    i.hal_gpio_init     hal_gpio.o
    0x08002b8c   0x0000006c   Code   RO         1135    i.hal_gpio_write    hal_gpio.o
    0x08002bf8   0x0000002c   Code   RO          879    i.hal_mcu_init      hal_mcu.o
    0x08002c24   0x00000010   Code   RO          881    i.hal_mcu_reset     hal_mcu.o
    0x08002c34   0x00000070   Code   RO         1239    i.hal_spi1_init     hal_spi.o
    0x08002ca4   0x0000003c   Code   RO         1242    i.hal_spi1_write_read  hal_spi.o
    0x08002ce0   0x0000009c   Code   RO         1178    i.hal_uart5_init    hal_uart.o
    0x08002d7c   0x00000020   Code   RO         1179    i.hal_uart5_putchar  hal_uart.o
    0x08002d9c   0x00000324   Code   RO            2    i.hardware_init     sfud.o
    0x080030c0   0x00000018   Code   RO         4428    i.main              main.o
    0x080030d8   0x000001b0   Code   RO          164    i.read_basic_header  sfud_sfdp.o
    0x08003288   0x00000640   Code   RO          165    i.read_basic_table  sfud_sfdp.o
    0x080038c8   0x000000f4   Code   RO            5    i.read_jedec_id     sfud.o
    0x080039bc   0x00000128   Code   RO          166    i.read_sfdp_data    sfud_sfdp.o
    0x08003ae4   0x000001a0   Code   RO          167    i.read_sfdp_header  sfud_sfdp.o
    0x08003c84   0x00000128   Code   RO            6    i.reset             sfud.o
    0x08003dac   0x0000013c   Code   RO            7    i.set_4_byte_address_mode  sfud.o
    0x08003ee8   0x0000011c   Code   RO            8    i.set_write_enabled  sfud.o
    0x08004004   0x00000098   Code   RO           10    i.sfud_device_init  sfud.o
    0x0800409c   0x000000c4   Code   RO           16    i.sfud_init         sfud.o
    0x08004160   0x00000050   Code   RO         4500    i.sfud_log_debug    sfud_port.o
    0x080041b0   0x00000040   Code   RO         4501    i.sfud_log_info     sfud_port.o
    0x080041f0   0x0000009c   Code   RO          168    i.sfud_read_sfdp    sfud_sfdp.o
    0x0800428c   0x000000a8   Code   RO           18    i.sfud_read_status  sfud.o
    0x08004334   0x0000001c   Code   RO         4502    i.sfud_spi_port_init  sfud_port.o
    0x08004350   0x000000f8   Code   RO           20    i.sfud_write_status  sfud.o
    0x08004448   0x00000074   Code   RO           21    i.software_init     sfud.o
    0x080044bc   0x0000003c   Code   RO         4503    i.spi_write_read    sfud_port.o
    0x080044f8   0x00000002   Code   RO         4430    i.sys_power_on      main.o
    0x080044fa   0x0000000a   Code   RO         1182    i.usart_receive_data  hal_uart.o
    0x08004504   0x000000e0   Code   RO           22    i.wait_busy         sfud.o
    0x080045e4   0x0000032d   Data   RO           24    .constdata          sfud.o
    0x08004911   0x00000070   Data   RO          170    .constdata          sfud_sfdp.o
    0x08004981   0x00000003   PAD
    0x08004984   0x0000008c   Data   RO         1136    .constdata          hal_gpio.o
    0x08004a10   0x00000018   Data   RO         3927    .constdata          system_stm32f1xx.o
    0x08004a28   0x00000209   Data   RO           25    .conststring        sfud.o
    0x08004c31   0x00000003   PAD
    0x08004c34   0x00000379   Data   RO          171    .conststring        sfud_sfdp.o
    0x08004fad   0x00000003   PAD
    0x08004fb0   0x00000020   Data   RO         4888    Region$$Table       anon$$obj.o


    Execution Region RW_IRAM1 (Base: 0x20000000, Size: 0x00000e30, Max: 0x0000c000, ABSOLUTE)

    Base Addr    Size         Type   Attr      Idx    E Section Name        Object

    0x20000000   0x00000074   Data   RW           26    .data               sfud.o
    0x20000074   0x00000004   Data   RW          889    .data               hal_mcu.o
    0x20000078   0x00000004   Data   RW         1184    .data               hal_uart.o
    0x2000007c   0x00000009   Data   RW         1311    .data               stm32f1xx_hal.o
    0x20000085   0x00000003   PAD
    0x20000088   0x00000004   Data   RW         3928    .data               system_stm32f1xx.o
    0x2000008c   0x00000001   Data   RW         4314    .data               stm32f1xx_hal_spi_ex.o
    0x2000008d   0x00000003   PAD
    0x20000090   0x00000004   Data   RW         4864    .data               mc_w.l(stdout.o)
    0x20000094   0x00000040   Zero   RW         1183    .bss                hal_uart.o
    0x200000d4   0x00000058   Zero   RW         1243    .bss                hal_spi.o
    0x2000012c   0x00000100   Zero   RW         4504    .bss                sfud_port.o
    0x2000022c   0x00000004   PAD
    0x20000230   0x00000c00   Zero   RW         3959    STACK               startup_stm32f103xe.o


==============================================================================

Image component sizes


      Code (inc. data)   RO Data    RW Data    ZI Data      Debug   Object Name

       256         10          0          0          0        859   hal_clk.o
       312         14        140          0          0       3085   hal_gpio.o
        98         10          0          4          0     458498   hal_mcu.o
       172         20          0          0         88       1666   hal_spi.o
       306         30          0          4         64       2608   hal_uart.o
         0          0          0          0          0       1296   lfs.o
        42          0          0          0          0       1290   main.o
      3048       1532       1334        116          0      25405   sfud.o
       248         52          0          0        256       9022   sfud_port.o
      2900       1436       1001          0          0       5629   sfud_sfdp.o
        36          8        304          0       3072        876   startup_stm32f103xe.o
       234         40          0          9          0      69347   stm32f1xx_hal.o
       406         30          0          0          0      27304   stm32f1xx_hal_cortex.o
       852         42          0          0          0       3189   stm32f1xx_hal_gpio.o
      1772        108          0          0          0       5788   stm32f1xx_hal_rcc.o
       304         14          0          0          0       1360   stm32f1xx_hal_rcc_ex.o
      2034          0          0          0          0       6381   stm32f1xx_hal_spi.o
       188         14          0          1          0       1904   stm32f1xx_hal_spi_ex.o
       572          6          0          0          0       2163   stm32f1xx_hal_uart.o
        88         18         24          4          0       1347   system_stm32f1xx.o

    ----------------------------------------------------------------------
     13872       3384       2844        144       3484     629017   Object Totals
         0          0         32          0          0          0   (incl. Generated)
         4          0          9          6          4          0   (incl. Padding)

    ----------------------------------------------------------------------

      Code (inc. data)   RO Data    RW Data    ZI Data      Debug   Library Member Name

         0          0          0          0          0          0   entry.o
         0          0          0          0          0          0   entry10a.o
         0          0          0          0          0          0   entry11a.o
         8          4          0          0          0          0   entry2.o
         4          0          0          0          0          0   entry5.o
         0          0          0          0          0          0   entry7b.o
         0          0          0          0          0          0   entry8b.o
         8          4          0          0          0          0   entry9a.o
        30          0          0          0          0          0   handlers.o
        36          8          0          0          0         68   init.o
         0          0          0          0          0          0   iusefp.o
        30          0          0          0          0         68   llshl.o
        36          0          0          0          0         68   llsshr.o
        32          0          0          0          0         68   llushr.o
        36          0          0          0          0        108   memseta.o
      2284         94          0          0          0        592   printfa.o
         0          0          0          4          0          0   stdout.o
        44          0          0          0          0         80   uidiv.o
        98          0          0          0          0         92   uldiv.o
        48          0          0          0          0         68   cdrcmple.o
       334          0          0          0          0        148   dadd.o
       222          0          0          0          0        100   ddiv.o
       186          0          0          0          0        176   depilogue.o
        48          0          0          0          0         68   dfixul.o
       228          0          0          0          0         96   dmul.o

    ----------------------------------------------------------------------
      3716        110          0          4          0       1800   Library Totals
         4          0          0          0          0          0   (incl. Padding)

    ----------------------------------------------------------------------

      Code (inc. data)   RO Data    RW Data    ZI Data      Debug   Library Name

      2646        110          0          4          0       1144   mc_w.l
      1066          0          0          0          0        656   mf_w.l

    ----------------------------------------------------------------------
      3716        110          0          4          0       1800   Library Totals

    ----------------------------------------------------------------------

==============================================================================


      Code (inc. data)   RO Data    RW Data    ZI Data      Debug   

     17588       3494       2844        148       3484     626289   Grand Totals
     17588       3494       2844        148       3484     626289   ELF Image Totals
     17588       3494       2844        148          0          0   ROM Totals

==============================================================================

    Total RO  Size (Code + RO Data)                20432 (  19.95kB)
    Total RW  Size (RW Data + ZI Data)              3632 (   3.55kB)
    Total ROM Size (Code + RO Data + RW Data)      20580 (  20.10kB)

==============================================================================

