Component: ARM Compiler 5.05 update 2 (build 169) Tool: armlink [4d0f33]

==============================================================================

Section Cross References

    os_fifo.o(i.os_fifo_check_buf) refers to os_fifo.o(i.os_fifo_get_count) for os_fifo_get_count
    os_fifo.o(i.os_fifo_check_offset_dat) refers to os_fifo.o(i.os_fifo_get_count) for os_fifo_get_count
    os_fifo.o(i.os_fifo_create) refers to os_heap.o(i.os_malloc) for os_malloc
    os_fifo.o(i.os_fifo_create) refers to os_fifo.o(i.os_fifo_init) for os_fifo_init
    os_fifo.o(i.os_fifo_create) refers to os_heap.o(i.os_free) for os_free
    os_fifo.o(i.os_fifo_flush_buf) refers to os_fifo.o(i.os_fifo_get_count) for os_fifo_get_count
    os_fifo.o(i.os_fifo_get_buf) refers to os_fifo.o(i.os_fifo_get_count) for os_fifo_get_count
    os_fifo.o(i.os_fifo_get_empty_space) refers to os_fifo.o(i.os_fifo_get_count) for os_fifo_get_count
    os_fifo.o(i.os_fifo_push_buf) refers to os_fifo.o(i.os_fifo_get_count) for os_fifo_get_count
    os_fifo.o(i.os_fifo_push_bufEx) refers to os_fifo.o(i.os_fifo_get_count) for os_fifo_get_count
    os_heap.o(i.os_heap_allocate) refers to os_heap.o(.data) for heapBeginAddr
    os_heap.o(i.os_heap_init) refers to os_heap.o(i.os_heap_allocate) for os_heap_allocate
    os_heap.o(i.os_heap_init) refers to os_heap.o(.bss) for systemHeap
    os_heap.o(i.os_malloc) refers to os_heap.o(.data) for heapBeginAddr
    os_ipc_msg.o(i.os_ipc_get_msg) refers to os_fifo.o(i.os_fifo_get_buf) for os_fifo_get_buf
    os_ipc_msg.o(i.os_ipc_msg_check) refers to os_fifo.o(i.os_fifo_check_buf) for os_fifo_check_buf
    os_ipc_msg.o(i.os_ipc_msg_create) refers to os_heap.o(i.os_malloc) for os_malloc
    os_ipc_msg.o(i.os_ipc_msg_create) refers to os_fifo.o(i.os_fifo_create) for os_fifo_create
    os_ipc_msg.o(i.os_ipc_msg_create) refers to os_heap.o(i.os_free) for os_free
    os_ipc_msg.o(i.os_ipc_msg_flush) refers to os_fifo.o(i.os_fifo_flush) for os_fifo_flush
    os_ipc_msg.o(i.os_ipc_msg_flush_one) refers to os_fifo.o(i.os_fifo_flush_buf) for os_fifo_flush_buf
    os_ipc_msg.o(i.os_ipc_msg_get_count) refers to os_fifo.o(i.os_fifo_get_count) for os_fifo_get_count
    os_ipc_msg.o(i.os_ipc_post_msg) refers to os_fifo.o(i.os_fifo_push_buf) for os_fifo_push_buf
    os_simlist.o(i.os_slist_add_data) refers to os_heap.o(i.os_malloc) for os_malloc
    os_simlist.o(i.os_slist_create) refers to os_heap.o(i.os_malloc) for os_malloc
    os_task.o(i.os_task_create) refers to os_task.o(i.os_task_create_proc) for os_task_create_proc
    os_task.o(i.os_task_create) refers to os_heap.o(i.os_malloc) for os_malloc
    os_task.o(i.os_task_create) refers to os_heap.o(i.os_free) for os_free
    os_task.o(i.os_task_create) refers to os_task.o(.data) for ptTaskHandleList
    os_task.o(i.os_task_create_proc) refers to os_heap.o(i.os_malloc) for os_malloc
    os_task.o(i.os_task_event_broadcast) refers to os_task.o(i.os_task_event_set) for os_task_event_set
    os_task.o(i.os_task_event_broadcast) refers to os_task.o(.data) for ptTaskHandleList
    os_task.o(i.os_task_event_check_occur) refers to os_task.o(.data) for ptTaskHandleList
    os_task.o(i.os_task_main) refers to os_task.o(.data) for ptTaskHandleList
    os_task.o(i.os_task_tick_remap) refers to os_task.o(.data) for ptOsTickHandle
    os_timer.o(i.os_timer_create) refers to os_heap.o(i.os_malloc) for os_malloc
    os_timer.o(i.os_timer_create) refers to os_timer.o(i.os_insert_timer) for os_insert_timer
    os_timer.o(i.os_timer_create) refers to os_heap.o(i.os_free) for os_free
    os_timer.o(i.os_timer_create) refers to os_timer.o(.data) for headOfTimerList
    os_timer.o(i.os_timer_ctrl) refers to os_timer.o(.data) for headOfTimerList
    os_timer.o(i.os_timer_reload_time) refers to os_timer.o(.data) for headOfTimerList
    os_timer.o(i.os_timer_run) refers to os_timer.o(.data) for headOfTimerList
    co_key.o(i.key_object_create) refers to os_heap.o(i.os_malloc) for os_malloc
    co_gpio_iic_1.o(i.co_gpio_i2c_create) refers to os_heap.o(i.os_malloc) for os_malloc
    co_gpio_iic_1.o(i.co_gpio_i2c_destroy) refers to os_heap.o(i.os_free) for os_free
    co_gpio_iic_1.o(i.co_gpio_i2c_read_buff) refers to co_gpio_iic_1.o(i.i2c_io_start) for i2c_io_start
    co_gpio_iic_1.o(i.co_gpio_i2c_read_buff) refers to co_gpio_iic_1.o(i.i2c_io_write) for i2c_io_write
    co_gpio_iic_1.o(i.co_gpio_i2c_read_buff) refers to co_gpio_iic_1.o(i.i2c_io_stop) for i2c_io_stop
    co_gpio_iic_1.o(i.co_gpio_i2c_read_buff) refers to co_gpio_iic_1.o(i.i2c_io_read) for i2c_io_read
    co_gpio_iic_1.o(i.co_gpio_i2c_read_buffCRC) refers to co_gpio_iic_1.o(i.co_gpio_i2c_read_buff) for co_gpio_i2c_read_buff
    co_gpio_iic_1.o(i.co_gpio_i2c_read_buffCRC) refers to co_gpio_iic_1.o(i.CRC8) for CRC8
    co_gpio_iic_1.o(i.co_gpio_i2c_read_buffCRC) refers to co_gpio_iic_1.o(.bss) for readBuffer
    co_gpio_iic_1.o(i.co_gpio_i2c_read_byteCRC) refers to co_gpio_iic_1.o(i.co_gpio_i2c_read_buff) for co_gpio_i2c_read_buff
[...]
    i.HAL_GPIO_Init                          0x08008a08   Section        0  stm32f1xx_hal_gpio.o(i.HAL_GPIO_Init)
    i.HAL_GPIO_ReadPin                       0x08008d48   Section        0  stm32f1xx_hal_gpio.o(i.HAL_GPIO_ReadPin)
    i.HAL_GPIO_TogglePin                     0x08008d58   Section        0  stm32f1xx_hal_gpio.o(i.HAL_GPIO_TogglePin)
    i.HAL_GPIO_WritePin                      0x08008d60   Section        0  stm32f1xx_hal_gpio.o(i.HAL_GPIO_WritePin)
    i.HAL_GetTick                            0x08008d6c   Section        0  stm32f1xx_hal.o(i.HAL_GetTick)
    i.HAL_IncTick                            0x08008d78   Section        0  stm32f1xx_hal.o(i.HAL_IncTick)
    i.HAL_Init                               0x08008d90   Section        0  stm32f1xx_hal.o(i.HAL_Init)
    i.HAL_InitTick                           0x08008e08   Section        0  stm32f1xx_hal.o(i.HAL_InitTick)
    i.HAL_MspInit                            0x08008e54   Section        0  stm32f1xx_hal.o(i.HAL_MspInit)
    i.HAL_NVIC_EnableIRQ                     0x08008e56   Section        0  stm32f1xx_hal_cortex.o(i.HAL_NVIC_EnableIRQ)
    i.HAL_NVIC_SetPriority                   0x08008e70   Section        0  stm32f1xx_hal_cortex.o(i.HAL_NVIC_SetPriority)
    i.HAL_NVIC_SetPriorityGrouping           0x08008eec   Section        0  stm32f1xx_hal_cortex.o(i.HAL_NVIC_SetPriorityGrouping)
    i.HAL_RCCEx_PeriphCLKConfig              0x08008f14   Section        0  stm32f1xx_hal_rcc_ex.o(i.HAL_RCCEx_PeriphCLKConfig)
    i.HAL_RCC_ClockConfig                    0x08009044   Section        0  stm32f1xx_hal_rcc.o(i.HAL_RCC_ClockConfig)
    i.HAL_RCC_GetHCLKFreq                    0x080091e8   Section        0  stm32f1xx_hal_rcc.o(i.HAL_RCC_GetHCLKFreq)
    i.HAL_RCC_GetPCLK1Freq                   0x080091f4   Section        0  stm32f1xx_hal_rcc.o(i.HAL_RCC_GetPCLK1Freq)
    i.HAL_RCC_GetPCLK2Freq                   0x08009214   Section        0  stm32f1xx_hal_rcc.o(i.HAL_RCC_GetPCLK2Freq)
    i.HAL_RCC_GetSysClockFreq                0x08009234   Section        0  stm32f1xx_hal_rcc.o(i.HAL_RCC_GetSysClockFreq)
    i.HAL_RCC_OscConfig                      0x080092c8   Section        0  stm32f1xx_hal_rcc.o(i.HAL_RCC_OscConfig)
    i.HAL_SPI_Init                           0x08009708   Section        0  stm32f1xx_hal_spi_ex.o(i.HAL_SPI_Init)
    i.HAL_SPI_MspInit                        0x0800979c   Section        0  stm32f1xx_hal_spi.o(i.HAL_SPI_MspInit)
    i.HAL_SYSTICK_CLKSourceConfig            0x0800979e   Section        0  stm32f1xx_hal_cortex.o(i.HAL_SYSTICK_CLKSourceConfig)
    i.HAL_SYSTICK_Config                     0x080097c6   Section        0  stm32f1xx_hal_cortex.o(i.HAL_SYSTICK_Config)
    i.HAL_TIM_Base_Init                      0x080097fa   Section        0  stm32f1xx_hal_tim.o(i.HAL_TIM_Base_Init)
    i.HAL_TIM_Base_MspInit                   0x0800982e   Section        0  stm32f1xx_hal_tim.o(i.HAL_TIM_Base_MspInit)
    i.HAL_UART_DeInit                        0x08009830   Section        0  stm32f1xx_hal_uart.o(i.HAL_UART_DeInit)
    i.HAL_UART_Init                          0x0800985e   Section        0  stm32f1xx_hal_uart.o(i.HAL_UART_Init)
    i.HAL_UART_MspDeInit                     0x080098d0   Section        0  stm32f1xx_hal_uart.o(i.HAL_UART_MspDeInit)
    i.HAL_UART_MspInit                       0x080098d2   Section        0  stm32f1xx_hal_uart.o(i.HAL_UART_MspInit)
    i.HardFault_Handler                      0x080098d4   Section        0  hal_mcu.o(i.HardFault_Handler)
    i.NMI_Handler                            0x080098d8   Section        0  hal_mcu.o(i.NMI_Handler)
    i.NVIC_GetPriorityGrouping               0x080098dc   Section        0  stm32f1xx_hal_cortex.o(i.NVIC_GetPriorityGrouping)
    NVIC_GetPriorityGrouping                 0x080098dd   Thumb Code    10  stm32f1xx_hal_cortex.o(i.NVIC_GetPriorityGrouping)
    i.NVIC_SetPriority                       0x080098ec   Section        0  stm32f1xx_hal_cortex.o(i.NVIC_SetPriority)
    NVIC_SetPriority                         0x080098ed   Thumb Code    32  stm32f1xx_hal_cortex.o(i.NVIC_SetPriority)
    i.PendSV_Handler                         0x08009914   Section        0  hal_mcu.o(i.PendSV_Handler)
    i.RCC_Delay                              0x08009918   Section        0  stm32f1xx_hal_rcc.o(i.RCC_Delay)
    RCC_Delay                                0x08009919   Thumb Code    36  stm32f1xx_hal_rcc.o(i.RCC_Delay)
    i.SVC_Handler                            0x08009940   Section        0  hal_mcu.o(i.SVC_Handler)
    i.SysTick_Handler                        0x08009944   Section        0  hal_mcu.o(i.SysTick_Handler)
    i.SystemInit                             0x0800995c   Section        0  system_stm32f1xx.o(i.SystemInit)
    i.TIM7_IRQHandler                        0x080099b4   Section        0  hal_timer.o(i.TIM7_IRQHandler)
    i.TIM_Base_SetConfig                     0x080099f4   Section        0  stm32f1xx_hal_tim.o(i.TIM_Base_SetConfig)
    i.UART_SetConfig                         0x08009a8c   Section        0  stm32f1xx_hal_uart.o(i.UART_SetConfig)
    UART_SetConfig                           0x08009a8d   Thumb Code   450  stm32f1xx_hal_uart.o(i.UART_SetConfig)
    i.USB_HP_CAN1_TX_IRQHandler              0x08009c54   Section        0  hal_can.o(i.USB_HP_CAN1_TX_IRQHandler)
    i.USB_LP_CAN1_RX0_IRQHandler             0x08009c64   Section        0  hal_can.o(i.USB_LP_CAN1_RX0_IRQHandler)
    i.__0printf$5                            0x08009ca4   Section        0  printf5.o(i.__0printf$5)
    i.__scatterload_copy                     0x08009cc4   Section       14  handlers.o(i.__scatterload_copy)
    i.__scatterload_null                     0x08009cd2   Section        2  handlers.o(i.__scatterload_null)
    i.__scatterload_zeroinit                 0x08009cd4   Section       14  handlers.o(i.__scatterload_zeroinit)
    i._printf_core                           0x08009ce4   Section        0  printf5.o(i._printf_core)
    _printf_core                             0x08009ce5   Thumb Code   658  printf5.o(i._printf_core)
    i.battery_to_flight_ack                  0x08009fa4   Section        0  can_task.o(i.battery_to_flight_ack)
    battery_to_flight_ack                    0x08009fa5   Thumb Code   118  can_task.o(i.battery_to_flight_ack)
    i.bms_task_create                        0x0800a020   Section        0  bms_task.o(i.bms_task_create)
    i.bms_task_main                          0x0800a0b0   Section        0  bms_task.o(i.bms_task_main)
    bms_task_main                            0x0800a0b1   Thumb Code    80  bms_task.o(i.bms_task_main)
    i.can_get_one_mailbox                    0x0800a108   Section        0  hal_can.o(i.can_get_one_mailbox)
    can_get_one_mailbox                      0x0800a109   Thumb Code    10  hal_can.o(i.can_get_one_mailbox)
    i.can_matrix_rx_id_mask_init             0x0800a118   Section        0  drv_can.o(i.can_matrix_rx_id_mask_init)
    can_matrix_rx_id_mask_init               0x0800a119   Thumb Code    16  drv_can.o(i.can_matrix_rx_id_mask_init)
    i.can_task_create                        0x0800a128   Section        0  can_task.o(i.can_task_create)
    i.can_task_main                          0x0800a1e0   Section        0  can_task.o(i.can_task_main)
    can_task_main                            0x0800a1e1   Thumb Code    16  can_task.o(i.can_task_main)
    i.can_task_matrix_process                0x0800a1f0   Section        0  can_task.o(i.can_task_matrix_process)
    can_task_matrix_process                  0x0800a1f1   Thumb Code    50  can_task.o(i.can_task_matrix_process)
    i.can_task_timer_callback                0x0800a228   Section        0  can_task.o(i.can_task_timer_callback)
    can_task_timer_callback                  0x0800a229   Thumb Code    50  can_task.o(i.can_task_timer_callback)
    i.co_pack_create                         0x0800a268   Section        0  co_packet.o(i.co_pack_create)
    i.co_pack_flush                          0x0800a2d0   Section        0  co_packet.o(i.co_pack_flush)
    i.co_pack_get_frame_point                0x0800a2e4   Section        0  co_packet.o(i.co_pack_get_frame_point)
    i.co_pack_get_one_frame                  0x0800a2f2   Section        0  co_packet.o(i.co_pack_get_one_frame)
    i.co_pack_set_dat                        0x0800a3c0   Section        0  co_packet.o(i.co_pack_set_dat)
    i.crc_ccitt_16_xmodem                    0x0800a3d8   Section        0  co_crc.o(i.crc_ccitt_16_xmodem)
    i.drv_can_matrix_init                    0x0800a408   Section        0  drv_can.o(i.drv_can_matrix_init)
    drv_can_matrix_init                      0x0800a409   Thumb Code    10  drv_can.o(i.drv_can_matrix_init)
    i.drv_can_matrix_rx_register             0x0800a418   Section        0  drv_can.o(i.drv_can_matrix_rx_register)
    drv_can_matrix_rx_register               0x0800a419   Thumb Code    10  drv_can.o(i.drv_can_matrix_rx_register)
    i.drv_can_power_off                      0x0800a428   Section        0  drv_can.o(i.drv_can_power_off)
    i.drv_can_power_on                       0x0800a434   Section        0  drv_can.o(i.drv_can_power_on)
    i.drv_can_rx_data_process                0x0800a440   Section        0  drv_can.o(i.drv_can_rx_data_process)
    drv_can_rx_data_process                  0x0800a441   Thumb Code    24  drv_can.o(i.drv_can_rx_data_process)
    i.drv_can_start                          0x0800a45c   Section        0  drv_can.o(i.drv_can_start)
    i.drv_can_write                          0x0800a47a   Section        0  drv_can.o(i.drv_can_write)
    i.drv_ex_flash_erase_sector              0x0800a49e   Section        0  drv_ex_flash.o(i.drv_ex_flash_erase_sector)
    i.drv_ex_flash_read_buff                 0x0800a502   Section        0  drv_ex_flash.o(i.drv_ex_flash_read_buff)
    i.drv_ex_flash_read_dev_id               0x0800a56e   Section        0  drv_ex_flash.o(i.drv_ex_flash_read_dev_id)
    i.drv_ex_flash_start                     0x0800a5c8   Section        0  drv_ex_flash.o(i.drv_ex_flash_start)
    i.drv_ex_flash_wp_disable                0x0800a690   Section        0  drv_ex_flash.o(i.drv_ex_flash_wp_disable)
    i.drv_ex_flash_write_buff                0x0800a69c   Section        0  drv_ex_flash.o(i.drv_ex_flash_write_buff)
    i.drv_key1_get_status                    0x0800a768   Section        0  drv_key.o(i.drv_key1_get_status)
    i.drv_key_polling                        0x0800a77c   Section        0  drv_key.o(i.drv_key_polling)
    drv_key_polling                          0x0800a77d   Thumb Code    34  drv_key.o(i.drv_key_polling)
    i.drv_key_scan_callback_register         0x0800a7a4   Section        0  drv_key.o(i.drv_key_scan_callback_register)
    i.drv_key_start                          0x0800a7d8   Section        0  drv_key.o(i.drv_key_start)
    i.drv_led3_off                           0x0800a80c   Section        0  drv_led.o(i.drv_led3_off)
    i.drv_led3_on                            0x0800a820   Section        0  drv_led.o(i.drv_led3_on)
    i.drv_led4_off                           0x0800a834   Section        0  drv_led.o(i.drv_led4_off)
    i.drv_led4_on                            0x0800a848   Section        0  drv_led.o(i.drv_led4_on)
    i.drv_led5_off                           0x0800a85c   Section        0  drv_led.o(i.drv_led5_off)
    i.drv_led5_on                            0x0800a870   Section        0  drv_led.o(i.drv_led5_on)
    i.drv_led6_off                           0x0800a884   Section        0  drv_led.o(i.drv_led6_off)
    i.drv_led6_on                            0x0800a898   Section        0  drv_led.o(i.drv_led6_on)
    i.drv_led_start                          0x0800a8ac   Section        0  drv_led.o(i.drv_led_start)
    i.drv_print_start                        0x0800a8d0   Section        0  drv_print.o(i.drv_print_start)
    i.ex_flash_cmd_write_disable             0x0800a8e2   Section        0  drv_ex_flash.o(i.ex_flash_cmd_write_disable)
    ex_flash_cmd_write_disable               0x0800a8e3   Thumb Code    26  drv_ex_flash.o(i.ex_flash_cmd_write_disable)
    i.ex_flash_cmd_write_enable              0x0800a8fc   Section        0  drv_ex_flash.o(i.ex_flash_cmd_write_enable)
    ex_flash_cmd_write_enable                0x0800a8fd   Thumb Code    26  drv_ex_flash.o(i.ex_flash_cmd_write_enable)
    i.ex_flash_disable                       0x0800a916   Section        0  drv_ex_flash.o(i.ex_flash_disable)
    ex_flash_disable                         0x0800a917   Thumb Code    12  drv_ex_flash.o(i.ex_flash_disable)
    i.ex_flash_enable                        0x0800a922   Section        0  drv_ex_flash.o(i.ex_flash_enable)
    ex_flash_enable                          0x0800a923   Thumb Code    12  drv_ex_flash.o(i.ex_flash_enable)
    i.ex_flash_read_sr_low8                  0x0800a92e   Section        0  drv_ex_flash.o(i.ex_flash_read_sr_low8)
    ex_flash_read_sr_low8                    0x0800a92f   Thumb Code    52  drv_ex_flash.o(i.ex_flash_read_sr_low8)
    i.ex_flash_wait_busy                     0x0800a962   Section        0  drv_ex_flash.o(i.ex_flash_wait_busy)
    ex_flash_wait_busy                       0x0800a963   Thumb Code    48  drv_ex_flash.o(i.ex_flash_wait_busy)
    i.ex_flash_write_nocheck                 0x0800a992   Section        0  drv_ex_flash.o(i.ex_flash_write_nocheck)
    ex_flash_write_nocheck                   0x0800a993   Thumb Code    78  drv_ex_flash.o(i.ex_flash_write_nocheck)
    i.ex_flash_write_page                    0x0800a9e0   Section        0  drv_ex_flash.o(i.ex_flash_write_page)
    ex_flash_write_page                      0x0800a9e1   Thumb Code   130  drv_ex_flash.o(i.ex_flash_write_page)
    i.f_b_active_flag_clear                  0x0800aa64   Section        0  flighter_batt_protocol.o(i.f_b_active_flag_clear)
    i.f_b_active_flag_get                    0x0800aa70   Section        0  flighter_batt_protocol.o(i.f_b_active_flag_get)
    i.f_b_active_flag_set                    0x0800aa7c   Section        0  flighter_batt_protocol.o(i.f_b_active_flag_set)
    f_b_active_flag_set                      0x0800aa7d   Thumb Code     8  flighter_batt_protocol.o(i.f_b_active_flag_set)
    i.f_b_frame_analyse_char                 0x0800aa88   Section        0  flighter_batt_protocol.o(i.f_b_frame_analyse_char)
    f_b_frame_analyse_char                   0x0800aa89   Thumb Code   190  flighter_batt_protocol.o(i.f_b_frame_analyse_char)
    i.f_b_frame_get_one_data                 0x0800ab4c   Section        0  flighter_batt_protocol.o(i.f_b_frame_get_one_data)
    i.f_b_frame_receiver_create              0x0800ab6c   Section        0  flighter_batt_protocol.o(i.f_b_frame_receiver_create)
    f_b_frame_receiver_create                0x0800ab6d   Thumb Code    28  flighter_batt_protocol.o(i.f_b_frame_receiver_create)
    i.f_b_frame_timeout_check                0x0800ab90   Section        0  flighter_batt_protocol.o(i.f_b_frame_timeout_check)
    f_b_frame_timeout_check                  0x0800ab91   Thumb Code     6  flighter_batt_protocol.o(i.f_b_frame_timeout_check)
    i.f_b_get_one_frame                      0x0800ab98   Section        0  flighter_batt_protocol.o(i.f_b_get_one_frame)
    i.f_b_protocol_create                    0x0800abac   Section        0  flighter_batt_protocol.o(i.f_b_protocol_create)
    i.f_b_protocol_process                   0x0800abd8   Section        0  flighter_batt_protocol.o(i.f_b_protocol_process)
    i.f_b_recv_active_action                 0x0800ac80   Section        0  flighter_batt_protocol.o(i.f_b_recv_active_action)
    f_b_recv_active_action                   0x0800ac81   Thumb Code   110  flighter_batt_protocol.o(i.f_b_recv_active_action)
    i.f_b_recv_serial_config_action          0x0800ad3c   Section        0  flighter_batt_protocol.o(i.f_b_recv_serial_config_action)
    f_b_recv_serial_config_action            0x0800ad3d   Thumb Code   280  flighter_batt_protocol.o(i.f_b_recv_serial_config_action)
    i.f_b_rx_serialnum_get                   0x0800ae80   Section        0  flighter_batt_protocol.o(i.f_b_rx_serialnum_get)
    i.f_b_save_serialnum_flag_clear          0x0800ae88   Section        0  flighter_batt_protocol.o(i.f_b_save_serialnum_flag_clear)
    i.f_b_save_serialnum_flag_get            0x0800ae94   Section        0  flighter_batt_protocol.o(i.f_b_save_serialnum_flag_get)
    i.f_b_save_serialnum_flag_set            0x0800aea0   Section        0  flighter_batt_protocol.o(i.f_b_save_serialnum_flag_set)
    f_b_save_serialnum_flag_set              0x0800aea1   Thumb Code     8  flighter_batt_protocol.o(i.f_b_save_serialnum_flag_set)
    i.fputc                                  0x0800aeac   Section        0  drv_print.o(i.fputc)
    i.hal_can_32bit_id_mask                  0x0800aebc   Section        0  hal_can.o(i.hal_can_32bit_id_mask)
    i.hal_can_get_empty_mailbox              0x0800af1c   Section        0  hal_can.o(i.hal_can_get_empty_mailbox)
    hal_can_get_empty_mailbox                0x0800af1d   Thumb Code    54  hal_can.o(i.hal_can_get_empty_mailbox)
    i.hal_can_init                           0x0800af54   Section        0  hal_can.o(i.hal_can_init)
    i.hal_can_read                           0x0800b044   Section        0  hal_can.o(i.hal_can_read)
    hal_can_read                             0x0800b045   Thumb Code   254  hal_can.o(i.hal_can_read)
    i.hal_can_read_msg                       0x0800b148   Section        0  hal_can.o(i.hal_can_read_msg)
    hal_can_read_msg                         0x0800b149   Thumb Code    56  hal_can.o(i.hal_can_read_msg)
    i.hal_can_rx_irq_callback_register       0x0800b188   Section        0  hal_can.o(i.hal_can_rx_irq_callback_register)
    hal_can_rx_irq_callback_register         0x0800b189   Thumb Code     6  hal_can.o(i.hal_can_rx_irq_callback_register)
    i.hal_can_send                           0x0800b194   Section        0  hal_can.o(i.hal_can_send)
    hal_can_send                             0x0800b195   Thumb Code   242  hal_can.o(i.hal_can_send)
    i.hal_can_send_msg                       0x0800b288   Section        0  hal_can.o(i.hal_can_send_msg)
    hal_can_send_msg                         0x0800b289   Thumb Code    88  hal_can.o(i.hal_can_send_msg)
    i.hal_can_set_baud                       0x0800b2e4   Section        0  hal_can.o(i.hal_can_set_baud)
    hal_can_set_baud                         0x0800b2e5   Thumb Code    86  hal_can.o(i.hal_can_set_baud)
    i.hal_can_set_id_mask                    0x0800b340   Section        0  hal_can.o(i.hal_can_set_id_mask)
    i.hal_can_set_rx_callback                0x0800b34c   Section        0  hal_can.o(i.hal_can_set_rx_callback)
    i.hal_can_write_msg                      0x0800b358   Section        0  hal_can.o(i.hal_can_write_msg)
    i.hal_clk_init                           0x0800b408   Section        0  hal_clk.o(i.hal_clk_init)
    i.hal_get_sys_freq                       0x0800b48a   Section        0  hal_mcu.o(i.hal_get_sys_freq)
    i.hal_get_tick                           0x0800b496   Section        0  hal_mcu.o(i.hal_get_tick)
    i.hal_gpio_ctrl                          0x0800b4a0   Section        0  hal_gpio.o(i.hal_gpio_ctrl)
    i.hal_gpio_init                          0x0800b4f8   Section        0  hal_gpio.o(i.hal_gpio_init)
    i.hal_gpio_read                          0x0800b5c4   Section        0  hal_gpio.o(i.hal_gpio_read)
    i.hal_gpio_write                         0x0800b5f0   Section        0  hal_gpio.o(i.hal_gpio_write)
    i.hal_mcu_common_init                    0x0800b65c   Section        0  hal_mcu.o(i.hal_mcu_common_init)
    i.hal_spi1_init                          0x0800b674   Section        0  hal_spi.o(i.hal_spi1_init)
    i.hal_spi1_read_byte                     0x0800b6e4   Section        0  hal_spi.o(i.hal_spi1_read_byte)
    i.hal_spi1_write_byte                    0x0800b73c   Section        0  hal_spi.o(i.hal_spi1_write_byte)
    i.hal_systick_update_callback_register   0x0800b794   Section        0  hal_mcu.o(i.hal_systick_update_callback_register)
    i.hal_timer7_init                        0x0800b7a0   Section        0  hal_timer.o(i.hal_timer7_init)
    i.hal_timer7_update_callback_register    0x0800b844   Section        0  hal_timer.o(i.hal_timer7_update_callback_register)
    i.hal_uart5_init                         0x0800b878   Section        0  hal_uart.o(i.hal_uart5_init)
    i.hal_uart5_putchar                      0x0800b90c   Section        0  hal_uart.o(i.hal_uart5_putchar)
    i.hw_led1_off                            0x0800b92c   Section        0  drv_led.o(i.hw_led1_off)
    hw_led1_off                              0x0800b92d   Thumb Code     2  drv_led.o(i.hw_led1_off)
    i.hw_led1_on                             0x0800b92e   Section        0  drv_led.o(i.hw_led1_on)
    hw_led1_on                               0x0800b92f   Thumb Code    92  drv_led.o(i.hw_led1_on)
    i.hw_led2_off                            0x0800b98a   Section        0  drv_led.o(i.hw_led2_off)
    hw_led2_off                              0x0800b98b   Thumb Code     2  drv_led.o(i.hw_led2_off)
    i.hw_led2_on                             0x0800b98c   Section        0  drv_led.o(i.hw_led2_on)
    hw_led2_on                               0x0800b98d   Thumb Code    92  drv_led.o(i.hw_led2_on)
    i.hw_led3_off                            0x0800b9e8   Section        0  drv_led.o(i.hw_led3_off)
    hw_led3_off                              0x0800b9e9   Thumb Code     2  drv_led.o(i.hw_led3_off)
    i.hw_led3_on                             0x0800b9ea   Section        0  drv_led.o(i.hw_led3_on)
    hw_led3_on                               0x0800b9eb   Thumb Code    72  drv_led.o(i.hw_led3_on)
    i.hw_led4_off                            0x0800ba32   Section        0  drv_led.o(i.hw_led4_off)
    hw_led4_off                              0x0800ba33   Thumb Code     2  drv_led.o(i.hw_led4_off)
    i.hw_led4_on                             0x0800ba34   Section        0  drv_led.o(i.hw_led4_on)
    hw_led4_on                               0x0800ba35   Thumb Code    72  drv_led.o(i.hw_led4_on)
    i.hw_led5_off                            0x0800ba7c   Section        0  drv_led.o(i.hw_led5_off)
    hw_led5_off                              0x0800ba7d   Thumb Code     2  drv_led.o(i.hw_led5_off)
    i.hw_led5_on                             0x0800ba7e   Section        0  drv_led.o(i.hw_led5_on)
    hw_led5_on                               0x0800ba7f   Thumb Code    72  drv_led.o(i.hw_led5_on)
    i.hw_led6_off                            0x0800bac6   Section        0  drv_led.o(i.hw_led6_off)
    hw_led6_off                              0x0800bac7   Thumb Code     2  drv_led.o(i.hw_led6_off)
    i.hw_led6_on                             0x0800bac8   Section        0  drv_led.o(i.hw_led6_on)
    hw_led6_on                               0x0800bac9   Thumb Code    72  drv_led.o(i.hw_led6_on)
    i.hw_led7_off                            0x0800bb10   Section        0  drv_led.o(i.hw_led7_off)
    hw_led7_off                              0x0800bb11   Thumb Code     2  drv_led.o(i.hw_led7_off)
    i.hw_led7_on                             0x0800bb12   Section        0  drv_led.o(i.hw_led7_on)
    hw_led7_on                               0x0800bb13   Thumb Code    92  drv_led.o(i.hw_led7_on)
    i.key1_scan                              0x0800bb70   Section        0  bms_task.o(i.key1_scan)
    key1_scan                                0x0800bb71   Thumb Code    18  bms_task.o(i.key1_scan)
    i.key_detect_polling                     0x0800bb88   Section        0  co_key.o(i.key_detect_polling)
    i.key_object_create                      0x0800bc0a   Section        0  co_key.o(i.key_object_create)
    i.key_object_read                        0x0800bc3e   Section        0  co_key.o(i.key_object_read)
    i.led_on_off_scan                        0x0800bc44   Section        0  drv_led.o(i.led_on_off_scan)
    led_on_off_scan                          0x0800bc45   Thumb Code   100  drv_led.o(i.led_on_off_scan)
    i.main                                   0x0800bcb8   Section        0  main.o(i.main)
    i.os_fifo_check_offset_dat               0x0800bdfc   Section        0  os_fifo.o(i.os_fifo_check_offset_dat)
    i.os_fifo_create                         0x0800be36   Section        0  os_fifo.o(i.os_fifo_create)
    i.os_fifo_flush                          0x0800be6a   Section        0  os_fifo.o(i.os_fifo_flush)
    i.os_fifo_flush_buf                      0x0800be70   Section        0  os_fifo.o(i.os_fifo_flush_buf)
    i.os_fifo_get_count                      0x0800bea2   Section        0  os_fifo.o(i.os_fifo_get_count)
    i.os_fifo_init                           0x0800beca   Section        0  os_fifo.o(i.os_fifo_init)
    i.os_fifo_push_dat                       0x0800bee4   Section        0  os_fifo.o(i.os_fifo_push_dat)
    i.os_free                                0x0800bf14   Section        0  os_heap.o(i.os_free)
    i.os_heap_allocate                       0x0800bf18   Section        0  os_heap.o(i.os_heap_allocate)
    os_heap_allocate                         0x0800bf19   Thumb Code    30  os_heap.o(i.os_heap_allocate)
    i.os_heap_init                           0x0800bf44   Section        0  os_heap.o(i.os_heap_init)
    i.os_insert_timer                        0x0800bf58   Section        0  os_timer.o(i.os_insert_timer)
    os_insert_timer                          0x0800bf59   Thumb Code    36  os_timer.o(i.os_insert_timer)
    i.os_malloc                              0x0800bf7c   Section        0  os_heap.o(i.os_malloc)
    i.os_task_create                         0x0800bfcc   Section        0  os_task.o(i.os_task_create)
    i.os_task_create_proc                    0x0800c018   Section        0  os_task.o(i.os_task_create_proc)
    os_task_create_proc                      0x0800c019   Thumb Code    48  os_task.o(i.os_task_create_proc)
    i.os_task_main                           0x0800c048   Section        0  os_task.o(i.os_task_main)
    i.os_task_tick_remap                     0x0800c090   Section        0  os_task.o(i.os_task_tick_remap)
    i.os_timer_create                        0x0800c09c   Section        0  os_timer.o(i.os_timer_create)
    i.os_timer_ctrl                          0x0800c104   Section        0  os_timer.o(i.os_timer_ctrl)
    i.os_timer_run                           0x0800c138   Section        0  os_timer.o(i.os_timer_run)
    i.save_battery_serial_number             0x0800c178   Section        0  can_task.o(i.save_battery_serial_number)
    save_battery_serial_number               0x0800c179   Thumb Code    82  can_task.o(i.save_battery_serial_number)
    i.send_info_to_flightor                  0x0800c208   Section        0  can_task.o(i.send_info_to_flightor)
    send_info_to_flightor                    0x0800c209   Thumb Code   184  can_task.o(i.send_info_to_flightor)
    i.user_can_rx_matrix_handle_register     0x0800c2d8   Section        0  drv_can.o(i.user_can_rx_matrix_handle_register)
    .constdata                               0x0800c2e4   Section      512  co_crc.o(.constdata)
    .constdata                               0x0800c4e4   Section      620  hal_gpio.o(.constdata)
    gpioConfigArray                          0x0800c4e4   Data         620  hal_gpio.o(.constdata)
    .constdata                               0x0800c750   Section      360  hal_can.o(.constdata)
    canBaudTable                             0x0800c750   Data         360  hal_can.o(.constdata)
    .constdata                               0x0800c8b8   Section       24  system_stm32f1xx.o(.constdata)
    .constdata                               0x0800c8d0   Section        8  can_task.o(.constdata)
    canProcessMatrix                         0x0800c8d0   Data           8  can_task.o(.constdata)
    .data                                    0x20000000   Section       12  os_heap.o(.data)
    heapBeginAddr                            0x20000000   Data           4  os_heap.o(.data)
    nextFreeByteIndex                        0x20000004   Data           4  os_heap.o(.data)
    heapTotalSize                            0x20000008   Data           4  os_heap.o(.data)
    .data                                    0x2000000c   Section        8  os_task.o(.data)
    ptTaskHandleList                         0x2000000c   Data           4  os_task.o(.data)
    ptOsTickHandle                           0x20000010   Data           4  os_task.o(.data)
    .data                                    0x20000014   Section        4  os_timer.o(.data)
    headOfTimerList                          0x20000014   Data           4  os_timer.o(.data)
    .data                                    0x20000018   Section        4  drv_can.o(.data)
    canRxMatrixFunc                          0x20000018   Data           4  drv_can.o(.data)
    .data                                    0x2000001c   Section        5  drv_key.o(.data)
    keyScanArray                             0x2000001c   Data           4  drv_key.o(.data)
    callNum                                  0x20000020   Data           1  drv_key.o(.data)
    .data                                    0x20000024   Section      120  drv_led.o(.data)
    allLedStatus                             0x20000024   Data           2  drv_led.o(.data)
    ledOnOffArray                            0x20000028   Data         112  drv_led.o(.data)
    time                                     0x20000098   Data           1  drv_led.o(.data)
    bitPos                                   0x2000009a   Data           2  drv_led.o(.data)
    .data                                    0x2000009c   Section        4  hal_mcu.o(.data)
    sysTickCallFunc                          0x2000009c   Data           4  hal_mcu.o(.data)
    .data                                    0x200000a0   Section        1  hal_timer.o(.data)
    callNum                                  0x200000a0   Data           1  hal_timer.o(.data)
    .data                                    0x200000a4   Section       12  hal_can.o(.data)
    funCanRxMsgIrq                           0x200000a4   Data           4  hal_can.o(.data)
    canIdMaskInit                            0x200000a8   Data           4  hal_can.o(.data)
    canRxDataCallback                        0x200000ac   Data           4  hal_can.o(.data)
    .data                                    0x200000b0   Section        9  stm32f1xx_hal.o(.data)
    .data                                    0x200000bc   Section        4  system_stm32f1xx.o(.data)
    .data                                    0x200000c0   Section        1  stm32f1xx_hal_spi_ex.o(.data)
    .data                                    0x200000c4   Section        9  bms_task.o(.data)
    key1Handle                               0x200000c4   Data           4  bms_task.o(.data)
    bmsTaskHandle                            0x200000c8   Data           4  bms_task.o(.data)
    lastStatus                               0x200000cc   Data           1  bms_task.o(.data)
    .data                                    0x200000d0   Section      121  can_task.o(.data)
    canTaskHandle                            0x200000d0   Data           4  can_task.o(.data)
    flightorHeartBeat                        0x200000d4   Data           4  can_task.o(.data)
    toFlightorDelay                          0x200000d8   Data           4  can_task.o(.data)
    sliceTime                                0x200000dc   Data           4  can_task.o(.data)
    infoToFlightor                           0x200000e0   Data         104  can_task.o(.data)
    sliceCnt                                 0x20000148   Data           1  can_task.o(.data)
    .data                                    0x2000014c   Section        7  flighter_batt_protocol.o(.data)
    packPt                                   0x2000014c   Data           4  flighter_batt_protocol.o(.data)
    protocolActiveFlag                       0x20000150   Data           1  flighter_batt_protocol.o(.data)
    saveSerialNumFlag                        0x20000151   Data           1  flighter_batt_protocol.o(.data)
    step                                     0x20000152   Data           1  flighter_batt_protocol.o(.data)
    .data                                    0x20000154   Section        4  stdout.o(.data)
    .bss                                     0x20000158   Section     5120  os_heap.o(.bss)
    systemHeap                               0x20000158   Data        5120  os_heap.o(.bss)
    .bss                                     0x20001558   Section     4096  drv_ex_flash.o(.bss)
    writeBuff                                0x20001558   Data        4096  drv_ex_flash.o(.bss)
    .bss                                     0x20002558   Section       76  hal_timer.o(.bss)
    htim7                                    0x20002558   Data          64  hal_timer.o(.bss)
    timer7UpdateCallBackArray                0x20002598   Data          12  hal_timer.o(.bss)
    .bss                                     0x200025a4   Section       64  hal_uart.o(.bss)
    uart5Handle                              0x200025a4   Data          64  hal_uart.o(.bss)
    .bss                                     0x200025e4   Section       92  hal_can.o(.bss)
    hCan1Handle                              0x200025e4   Data          68  hal_can.o(.bss)
    canTxCallbackIrq                         0x20002628   Data          12  hal_can.o(.bss)
    canTxParam                               0x20002634   Data          12  hal_can.o(.bss)
    .bss                                     0x20002640   Section       88  hal_spi.o(.bss)
    spi1Handle                               0x20002640   Data          88  hal_spi.o(.bss)
    .bss                                     0x20002698   Section       15  flighter_batt_protocol.o(.bss)
    rxSerialNumStruct                        0x20002698   Data          15  flighter_batt_protocol.o(.bss)
    STACK                                    0x200026a8   Section     3072  startup_stm32f103xe.o(STACK)

    Global Symbols

    Symbol Name                              Value     Ov Type        Size  Object(Section)

    BuildAttributes$$THM_ISAv4$P$D$K$B$S$PE$A:L22UL41UL21$X:L11$S22US41US21$IEEE1$IW$USESV6$~STKCKD$USESV7$~SHL$OSPACE$ROPI$EBA8$MICROLIB$REQ8$PRES8$EABIv2 0x00000000   Number         0  anon$$obj.o ABSOLUTE
    __ARM_use_no_argv                        0x00000000   Number         0  main.o ABSOLUTE
    _printf_a                                0x00000000   Number         0  stubs.o ABSOLUTE
    _printf_c                                0x00000000   Number         0  stubs.o ABSOLUTE
    _printf_charcount                        0x00000000   Number         0  stubs.o ABSOLUTE
    _printf_d                                0x00000000   Number         0  stubs.o ABSOLUTE
    _printf_e                                0x00000000   Number         0  stubs.o ABSOLUTE
    _printf_f                                0x00000000   Number         0  stubs.o ABSOLUTE
    _printf_flags                            0x00000000   Number         0  stubs.o ABSOLUTE
    _printf_fp_dec                           0x00000000   Number         0  stubs.o ABSOLUTE
    _printf_fp_hex                           0x00000000   Number         0  stubs.o ABSOLUTE
    _printf_g                                0x00000000   Number         0  stubs.o ABSOLUTE
    _printf_i                                0x00000000   Number         0  stubs.o ABSOLUTE
    _printf_int_dec                          0x00000000   Number         0  stubs.o ABSOLUTE
    _printf_l                                0x00000000   Number         0  stubs.o ABSOLUTE
    _printf_lc                               0x00000000   Number         0  stubs.o ABSOLUTE
    _printf_ll                               0x00000000   Number         0  stubs.o ABSOLUTE
    _printf_lld                              0x00000000   Number         0  stubs.o ABSOLUTE
    _printf_lli                              0x00000000   Number         0  stubs.o ABSOLUTE
    _printf_llo                              0x00000000   Number         0  stubs.o ABSOLUTE
    _printf_llu                              0x00000000   Number         0  stubs.o ABSOLUTE
    _printf_llx                              0x00000000   Number         0  stubs.o ABSOLUTE
    _printf_longlong_dec                     0x00000000   Number         0  stubs.o ABSOLUTE
    _printf_longlong_hex                     0x00000000   Number         0  stubs.o ABSOLUTE
    _printf_longlong_oct                     0x00000000   Number         0  stubs.o ABSOLUTE
    _printf_ls                               0x00000000   Number         0  stubs.o ABSOLUTE
    _printf_mbtowc                           0x00000000   Number         0  stubs.o ABSOLUTE
    _printf_n                                0x00000000   Number         0  stubs.o ABSOLUTE
    _printf_o                                0x00000000   Number         0  stubs.o ABSOLUTE
    _printf_p                                0x00000000   Number         0  stubs.o ABSOLUTE
    _printf_percent                          0x00000000   Number         0  stubs.o ABSOLUTE
    _printf_pre_padding                      0x00000000   Number         0  stubs.o ABSOLUTE
    _printf_return_value                     0x00000000   Number         0  stubs.o ABSOLUTE
    _printf_s                                0x00000000   Number         0  stubs.o ABSOLUTE
    _printf_sizespec                         0x00000000   Number         0  stubs.o ABSOLUTE
    _printf_str                              0x00000000   Number         0  stubs.o ABSOLUTE
    _printf_truncate_signed                  0x00000000   Number         0  stubs.o ABSOLUTE
    _printf_truncate_unsigned                0x00000000   Number         0  stubs.o ABSOLUTE
    _printf_u                                0x00000000   Number         0  stubs.o ABSOLUTE
    _printf_wc                               0x00000000   Number         0  stubs.o ABSOLUTE
    _printf_wctomb                           0x00000000   Number         0  stubs.o ABSOLUTE
    _printf_widthprec                        0x00000000   Number         0  stubs.o ABSOLUTE
    _printf_x                                0x00000000   Number         0  stubs.o ABSOLUTE
    __cpp_initialize__aeabi_                  - Undefined Weak Reference
    __cxa_finalize                            - Undefined Weak Reference
    _clock_init                               - Undefined Weak Reference
    _microlib_exit                            - Undefined Weak Reference
    __Vectors_Size                           0x00000130   Number         0  startup_stm32f103xe.o ABSOLUTE
    __Vectors                                0x08008000   Data           4  startup_stm32f103xe.o(RESET)
    __Vectors_End                            0x08008130   Data           0  startup_stm32f103xe.o(RESET)
    __main                                   0x08008131   Thumb Code     0  entry.o(.ARM.Collect$$$$00000000)
    _main_stk                                0x08008131   Thumb Code     0  entry2.o(.ARM.Collect$$$$00000001)
    _main_scatterload                        0x08008135   Thumb Code     0  entry5.o(.ARM.Collect$$$$00000004)
    __main_after_scatterload                 0x08008139   Thumb Code     0  entry5.o(.ARM.Collect$$$$00000004)
    _main_clock                              0x08008139   Thumb Code     0  entry7b.o(.ARM.Collect$$$$00000008)
    _main_cpp_init                           0x08008139   Thumb Code     0  entry8b.o(.ARM.Collect$$$$0000000A)
    _main_init                               0x08008139   Thumb Code     0  entry9a.o(.ARM.Collect$$$$0000000B)
    __rt_final_cpp                           0x08008141   Thumb Code     0  entry10a.o(.ARM.Collect$$$$0000000D)
    __rt_final_exit                          0x08008141   Thumb Code     0  entry11a.o(.ARM.Collect$$$$0000000F)
    Reset_Handler                            0x08008145   Thumb Code     8  startup_stm32f103xe.o(.text)
    MemManage_Handler                        0x08008151   Thumb Code     2  startup_stm32f103xe.o(.text)
    BusFault_Handler                         0x08008153   Thumb Code     2  startup_stm32f103xe.o(.text)
    UsageFault_Handler                       0x08008155   Thumb Code     2  startup_stm32f103xe.o(.text)
    DebugMon_Handler                         0x08008159   Thumb Code     2  startup_stm32f103xe.o(.text)
    ADC1_2_IRQHandler                        0x0800815f   Thumb Code     0  startup_stm32f103xe.o(.text)
    ADC3_IRQHandler                          0x0800815f   Thumb Code     0  startup_stm32f103xe.o(.text)
    DMA1_Channel1_IRQHandler                 0x0800815f   Thumb Code     0  startup_stm32f103xe.o(.text)
    DMA1_Channel2_IRQHandler                 0x0800815f   Thumb Code     0  startup_stm32f103xe.o(.text)
    DMA1_Channel3_IRQHandler                 0x0800815f   Thumb Code     0  startup_stm32f103xe.o(.text)
    DMA1_Channel4_IRQHandler                 0x0800815f   Thumb Code     0  startup_stm32f103xe.o(.text)
    DMA1_Channel5_IRQHandler                 0x0800815f   Thumb Code     0  startup_stm32f103xe.o(.text)
    DMA1_Channel6_IRQHandler                 0x0800815f   Thumb Code     0  startup_stm32f103xe.o(.text)
    DMA1_Channel7_IRQHandler                 0x0800815f   Thumb Code     0  startup_stm32f103xe.o(.text)
    DMA2_Channel1_IRQHandler                 0x0800815f   Thumb Code     0  startup_stm32f103xe.o(.text)
    DMA2_Channel2_IRQHandler                 0x0800815f   Thumb Code     0  startup_stm32f103xe.o(.text)
    DMA2_Channel3_IRQHandler                 0x0800815f   Thumb Code     0  startup_stm32f103xe.o(.text)
    DMA2_Channel4_5_IRQHandler               0x0800815f   Thumb Code     0  startup_stm32f103xe.o(.text)
    EXTI0_IRQHandler                         0x0800815f   Thumb Code     0  startup_stm32f103xe.o(.text)
    EXTI15_10_IRQHandler                     0x0800815f   Thumb Code     0  startup_stm32f103xe.o(.text)
    EXTI1_IRQHandler                         0x0800815f   Thumb Code     0  startup_stm32f103xe.o(.text)
    EXTI2_IRQHandler                         0x0800815f   Thumb Code     0  startup_stm32f103xe.o(.text)
    EXTI3_IRQHandler                         0x0800815f   Thumb Code     0  startup_stm32f103xe.o(.text)
    EXTI4_IRQHandler                         0x0800815f   Thumb Code     0  startup_stm32f103xe.o(.text)
    EXTI9_5_IRQHandler                       0x0800815f   Thumb Code     0  startup_stm32f103xe.o(.text)
    FLASH_IRQHandler                         0x0800815f   Thumb Code     0  startup_stm32f103xe.o(.text)
    FSMC_IRQHandler                          0x0800815f   Thumb Code     0  startup_stm32f103xe.o(.text)
    I2C1_ER_IRQHandler                       0x0800815f   Thumb Code     0  startup_stm32f103xe.o(.text)
    I2C1_EV_IRQHandler                       0x0800815f   Thumb Code     0  startup_stm32f103xe.o(.text)
    I2C2_ER_IRQHandler                       0x0800815f   Thumb Code     0  startup_stm32f103xe.o(.text)
    I2C2_EV_IRQHandler                       0x0800815f   Thumb Code     0  startup_stm32f103xe.o(.text)
    PVD_IRQHandler                           0x0800815f   Thumb Code     0  startup_stm32f103xe.o(.text)
    RCC_IRQHandler                           0x0800815f   Thumb Code     0  startup_stm32f103xe.o(.text)
    RTC_Alarm_IRQHandler                     0x0800815f   Thumb Code     0  startup_stm32f103xe.o(.text)
    RTC_IRQHandler                           0x0800815f   Thumb Code     0  startup_stm32f103xe.o(.text)
    SDIO_IRQHandler                          0x0800815f   Thumb Code     0  startup_stm32f103xe.o(.text)
    SPI1_IRQHandler                          0x0800815f   Thumb Code     0  startup_stm32f103xe.o(.text)
    SPI2_IRQHandler                          0x0800815f   Thumb Code     0  startup_stm32f103xe.o(.text)
    SPI3_IRQHandler                          0x0800815f   Thumb Code     0  startup_stm32f103xe.o(.text)
    TAMPER_IRQHandler                        0x0800815f   Thumb Code     0  startup_stm32f103xe.o(.text)
    TIM1_BRK_IRQHandler                      0x0800815f   Thumb Code     0  startup_stm32f103xe.o(.text)
    TIM1_CC_IRQHandler                       0x0800815f   Thumb Code     0  startup_stm32f103xe.o(.text)
    TIM1_TRG_COM_IRQHandler                  0x0800815f   Thumb Code     0  startup_stm32f103xe.o(.text)
    TIM1_UP_IRQHandler                       0x0800815f   Thumb Code     0  startup_stm32f103xe.o(.text)
    TIM2_IRQHandler                          0x0800815f   Thumb Code     0  startup_stm32f103xe.o(.text)
    TIM3_IRQHandler                          0x0800815f   Thumb Code     0  startup_stm32f103xe.o(.text)
    TIM4_IRQHandler                          0x0800815f   Thumb Code     0  startup_stm32f103xe.o(.text)
    TIM5_IRQHandler                          0x0800815f   Thumb Code     0  startup_stm32f103xe.o(.text)
    TIM6_IRQHandler                          0x0800815f   Thumb Code     0  startup_stm32f103xe.o(.text)
    TIM8_BRK_IRQHandler                      0x0800815f   Thumb Code     0  startup_stm32f103xe.o(.text)
    TIM8_CC_IRQHandler                       0x0800815f   Thumb Code     0  startup_stm32f103xe.o(.text)
    TIM8_TRG_COM_IRQHandler                  0x0800815f   Thumb Code     0  startup_stm32f103xe.o(.text)
    TIM8_UP_IRQHandler                       0x0800815f   Thumb Code     0  startup_stm32f103xe.o(.text)
    UART4_IRQHandler                         0x0800815f   Thumb Code     0  startup_stm32f103xe.o(.text)
    UART5_IRQHandler                         0x0800815f   Thumb Code     0  startup_stm32f103xe.o(.text)
    USART1_IRQHandler                        0x0800815f   Thumb Code     0  startup_stm32f103xe.o(.text)
    USART2_IRQHandler                        0x0800815f   Thumb Code     0  startup_stm32f103xe.o(.text)
    USART3_IRQHandler                        0x0800815f   Thumb Code     0  startup_stm32f103xe.o(.text)
    USBWakeUp_IRQHandler                     0x0800815f   Thumb Code     0  startup_stm32f103xe.o(.text)
    WWDG_IRQHandler                          0x0800815f   Thumb Code     0  startup_stm32f103xe.o(.text)
    __aeabi_llsr                             0x08008169   Thumb Code    32  llushr.o(.text)
    _ll_ushift_r                             0x08008169   Thumb Code     0  llushr.o(.text)
    __aeabi_memset                           0x08008189   Thumb Code    14  memseta.o(.text)
    __aeabi_memset4                          0x08008189   Thumb Code     0  memseta.o(.text)
    __aeabi_memset8                          0x08008189   Thumb Code     0  memseta.o(.text)
    __aeabi_memclr                           0x08008197   Thumb Code     4  memseta.o(.text)
    __aeabi_memclr4                          0x08008197   Thumb Code     0  memseta.o(.text)
    __aeabi_memclr8                          0x08008197   Thumb Code     0  memseta.o(.text)
    _memset$wrapper                          0x0800819b   Thumb Code    18  memseta.o(.text)
    __aeabi_uldivmod                         0x080081ad   Thumb Code    98  uldiv.o(.text)
    __scatterload                            0x08008211   Thumb Code    28  init.o(.text)
    __scatterload_rt2                        0x08008211   Thumb Code     0  init.o(.text)
    __aeabi_llsl                             0x08008235   Thumb Code    30  llshl.o(.text)
    _ll_shift_l                              0x08008235   Thumb Code     0  llshl.o(.text)
    __decompress                             0x08008253   Thumb Code     0  __dczerorl2.o(.text)
    __decompress1                            0x08008253   Thumb Code    86  __dczerorl2.o(.text)
    CAN1_RX1_IRQHandler                      0x080082a9   Thumb Code    10  hal_can.o(i.CAN1_RX1_IRQHandler)
    CAN1_SCE_IRQHandler                      0x080082b9   Thumb Code    10  hal_can.o(i.CAN1_SCE_IRQHandler)
    HAL_CAN_ConfigFilter                     0x080084ed   Thumb Code   292  stm32f1xx_hal_can.o(i.HAL_CAN_ConfigFilter)
    HAL_CAN_DeInit                           0x08008611   Thumb Code    40  stm32f1xx_hal_can.o(i.HAL_CAN_DeInit)
    HAL_CAN_ErrorCallback                    0x08008639   Thumb Code     2  stm32f1xx_hal_can.o(i.HAL_CAN_ErrorCallback)
    HAL_CAN_IRQHandler                       0x0800863d   Thumb Code   580  stm32f1xx_hal_can.o(i.HAL_CAN_IRQHandler)
    HAL_CAN_Init                             0x08008891   Thumb Code   366  stm32f1xx_hal_can.o(i.HAL_CAN_Init)
    HAL_CAN_MspDeInit                        0x080089ff   Thumb Code     2  stm32f1xx_hal_can.o(i.HAL_CAN_MspDeInit)
    HAL_CAN_MspInit                          0x08008a01   Thumb Code     2  stm32f1xx_hal_can.o(i.HAL_CAN_MspInit)
    HAL_CAN_RxCpltCallback                   0x08008a03   Thumb Code     2  stm32f1xx_hal_can.o(i.HAL_CAN_RxCpltCallback)
    HAL_CAN_TxCpltCallback                   0x08008a05   Thumb Code     2  stm32f1xx_hal_can.o(i.HAL_CAN_TxCpltCallback)
    HAL_GPIO_Init                            0x08008a09   Thumb Code   790  stm32f1xx_hal_gpio.o(i.HAL_GPIO_Init)
    HAL_GPIO_ReadPin                         0x08008d49   Thumb Code    16  stm32f1xx_hal_gpio.o(i.HAL_GPIO_ReadPin)
    HAL_GPIO_TogglePin                       0x08008d59   Thumb Code     8  stm32f1xx_hal_gpio.o(i.HAL_GPIO_TogglePin)
    HAL_GPIO_WritePin                        0x08008d61   Thumb Code    12  stm32f1xx_hal_gpio.o(i.HAL_GPIO_WritePin)
    HAL_GetTick                              0x08008d6d   Thumb Code     6  stm32f1xx_hal.o(i.HAL_GetTick)
    HAL_IncTick                              0x08008d79   Thumb Code    16  stm32f1xx_hal.o(i.HAL_IncTick)
    HAL_Init                                 0x08008d91   Thumb Code   106  stm32f1xx_hal.o(i.HAL_Init)
    HAL_InitTick                             0x08008e09   Thumb Code    64  stm32f1xx_hal.o(i.HAL_InitTick)
    HAL_MspInit                              0x08008e55   Thumb Code     2  stm32f1xx_hal.o(i.HAL_MspInit)
    HAL_NVIC_EnableIRQ                       0x08008e57   Thumb Code    26  stm32f1xx_hal_cortex.o(i.HAL_NVIC_EnableIRQ)
    HAL_NVIC_SetPriority                     0x08008e71   Thumb Code   124  stm32f1xx_hal_cortex.o(i.HAL_NVIC_SetPriority)
    HAL_NVIC_SetPriorityGrouping             0x08008eed   Thumb Code    32  stm32f1xx_hal_cortex.o(i.HAL_NVIC_SetPriorityGrouping)
    HAL_RCCEx_PeriphCLKConfig                0x08008f15   Thumb Code   290  stm32f1xx_hal_rcc_ex.o(i.HAL_RCCEx_PeriphCLKConfig)
    HAL_RCC_ClockConfig                      0x08009045   Thumb Code   402  stm32f1xx_hal_rcc.o(i.HAL_RCC_ClockConfig)
    HAL_RCC_GetHCLKFreq                      0x080091e9   Thumb Code     6  stm32f1xx_hal_rcc.o(i.HAL_RCC_GetHCLKFreq)
    HAL_RCC_GetPCLK1Freq                     0x080091f5   Thumb Code    22  stm32f1xx_hal_rcc.o(i.HAL_RCC_GetPCLK1Freq)
    HAL_RCC_GetPCLK2Freq                     0x08009215   Thumb Code    22  stm32f1xx_hal_rcc.o(i.HAL_RCC_GetPCLK2Freq)
    HAL_RCC_GetSysClockFreq                  0x08009235   Thumb Code   116  stm32f1xx_hal_rcc.o(i.HAL_RCC_GetSysClockFreq)
    HAL_RCC_OscConfig                        0x080092c9   Thumb Code  1078  stm32f1xx_hal_rcc.o(i.HAL_RCC_OscConfig)
    HAL_SPI_Init                             0x08009709   Thumb Code   144  stm32f1xx_hal_spi_ex.o(i.HAL_SPI_Init)
    HAL_SPI_MspInit                          0x0800979d   Thumb Code     2  stm32f1xx_hal_spi.o(i.HAL_SPI_MspInit)
    HAL_SYSTICK_CLKSourceConfig              0x0800979f   Thumb Code    40  stm32f1xx_hal_cortex.o(i.HAL_SYSTICK_CLKSourceConfig)
    HAL_SYSTICK_Config                       0x080097c7   Thumb Code    52  stm32f1xx_hal_cortex.o(i.HAL_SYSTICK_Config)
    HAL_TIM_Base_Init                        0x080097fb   Thumb Code    52  stm32f1xx_hal_tim.o(i.HAL_TIM_Base_Init)
    HAL_TIM_Base_MspInit                     0x0800982f   Thumb Code     2  stm32f1xx_hal_tim.o(i.HAL_TIM_Base_MspInit)
    HAL_UART_DeInit                          0x08009831   Thumb Code    46  stm32f1xx_hal_uart.o(i.HAL_UART_DeInit)
    HAL_UART_Init                            0x0800985f   Thumb Code   114  stm32f1xx_hal_uart.o(i.HAL_UART_Init)
    HAL_UART_MspDeInit                       0x080098d1   Thumb Code     2  stm32f1xx_hal_uart.o(i.HAL_UART_MspDeInit)
    HAL_UART_MspInit                         0x080098d3   Thumb Code     2  stm32f1xx_hal_uart.o(i.HAL_UART_MspInit)
    HardFault_Handler                        0x080098d5   Thumb Code     4  hal_mcu.o(i.HardFault_Handler)
    NMI_Handler                              0x080098d9   Thumb Code     2  hal_mcu.o(i.NMI_Handler)
    PendSV_Handler                           0x08009915   Thumb Code     2  hal_mcu.o(i.PendSV_Handler)
    SVC_Handler                              0x08009941   Thumb Code     2  hal_mcu.o(i.SVC_Handler)
    SysTick_Handler                          0x08009945   Thumb Code    20  hal_mcu.o(i.SysTick_Handler)
    SystemInit                               0x0800995d   Thumb Code    70  system_stm32f1xx.o(i.SystemInit)
    TIM7_IRQHandler                          0x080099b5   Thumb Code    56  hal_timer.o(i.TIM7_IRQHandler)
    TIM_Base_SetConfig                       0x080099f5   Thumb Code   132  stm32f1xx_hal_tim.o(i.TIM_Base_SetConfig)
    USB_HP_CAN1_TX_IRQHandler                0x08009c55   Thumb Code    10  hal_can.o(i.USB_HP_CAN1_TX_IRQHandler)
    USB_LP_CAN1_RX0_IRQHandler               0x08009c65   Thumb Code    56  hal_can.o(i.USB_LP_CAN1_RX0_IRQHandler)
    __0printf$5                              0x08009ca5   Thumb Code    22  printf5.o(i.__0printf$5)
    __1printf$5                              0x08009ca5   Thumb Code     0  printf5.o(i.__0printf$5)
    __2printf                                0x08009ca5   Thumb Code     0  printf5.o(i.__0printf$5)
    __scatterload_copy                       0x08009cc5   Thumb Code    14  handlers.o(i.__scatterload_copy)
    __scatterload_null                       0x08009cd3   Thumb Code     2  handlers.o(i.__scatterload_null)
    __scatterload_zeroinit                   0x08009cd5   Thumb Code    14  handlers.o(i.__scatterload_zeroinit)
    bms_task_create                          0x0800a021   Thumb Code    84  bms_task.o(i.bms_task_create)
    can_task_create                          0x0800a129   Thumb Code    92  can_task.o(i.can_task_create)
    co_pack_create                           0x0800a269   Thumb Code   104  co_packet.o(i.co_pack_create)
    co_pack_flush                            0x0800a2d1   Thumb Code    20  co_packet.o(i.co_pack_flush)
    co_pack_get_frame_point                  0x0800a2e5   Thumb Code    14  co_packet.o(i.co_pack_get_frame_point)
    co_pack_get_one_frame                    0x0800a2f3   Thumb Code   206  co_packet.o(i.co_pack_get_one_frame)
    co_pack_set_dat                          0x0800a3c1   Thumb Code    24  co_packet.o(i.co_pack_set_dat)
    crc_ccitt_16_xmodem                      0x0800a3d9   Thumb Code    44  co_crc.o(i.crc_ccitt_16_xmodem)
    drv_can_power_off                        0x0800a429   Thumb Code    12  drv_can.o(i.drv_can_power_off)
    drv_can_power_on                         0x0800a435   Thumb Code    12  drv_can.o(i.drv_can_power_on)
    drv_can_start                            0x0800a45d   Thumb Code    30  drv_can.o(i.drv_can_start)
    drv_can_write                            0x0800a47b   Thumb Code    36  drv_can.o(i.drv_can_write)
    drv_ex_flash_erase_sector                0x0800a49f   Thumb Code   100  drv_ex_flash.o(i.drv_ex_flash_erase_sector)
    drv_ex_flash_read_buff                   0x0800a503   Thumb Code   108  drv_ex_flash.o(i.drv_ex_flash_read_buff)
    drv_ex_flash_read_dev_id                 0x0800a56f   Thumb Code    88  drv_ex_flash.o(i.drv_ex_flash_read_dev_id)
    drv_ex_flash_start                       0x0800a5c9   Thumb Code    82  drv_ex_flash.o(i.drv_ex_flash_start)
    drv_ex_flash_wp_disable                  0x0800a691   Thumb Code    12  drv_ex_flash.o(i.drv_ex_flash_wp_disable)
    drv_ex_flash_write_buff                  0x0800a69d   Thumb Code   200  drv_ex_flash.o(i.drv_ex_flash_write_buff)
    drv_key1_get_status                      0x0800a769   Thumb Code    18  drv_key.o(i.drv_key1_get_status)
    drv_key_scan_callback_register           0x0800a7a5   Thumb Code    42  drv_key.o(i.drv_key_scan_callback_register)
    drv_key_start                            0x0800a7d9   Thumb Code    42  drv_key.o(i.drv_key_start)
    drv_led3_off                             0x0800a80d   Thumb Code    14  drv_led.o(i.drv_led3_off)
    drv_led3_on                              0x0800a821   Thumb Code    16  drv_led.o(i.drv_led3_on)
    drv_led4_off                             0x0800a835   Thumb Code    14  drv_led.o(i.drv_led4_off)
    drv_led4_on                              0x0800a849   Thumb Code    16  drv_led.o(i.drv_led4_on)
    drv_led5_off                             0x0800a85d   Thumb Code    14  drv_led.o(i.drv_led5_off)
    drv_led5_on                              0x0800a871   Thumb Code    16  drv_led.o(i.drv_led5_on)
    drv_led6_off                             0x0800a885   Thumb Code    14  drv_led.o(i.drv_led6_off)
    drv_led6_on                              0x0800a899   Thumb Code    16  drv_led.o(i.drv_led6_on)
    drv_led_start                            0x0800a8ad   Thumb Code    26  drv_led.o(i.drv_led_start)
    drv_print_start                          0x0800a8d1   Thumb Code    18  drv_print.o(i.drv_print_start)
    f_b_active_flag_clear                    0x0800aa65   Thumb Code     8  flighter_batt_protocol.o(i.f_b_active_flag_clear)
    f_b_active_flag_get                      0x0800aa71   Thumb Code     6  flighter_batt_protocol.o(i.f_b_active_flag_get)
    f_b_frame_get_one_data                   0x0800ab4d   Thumb Code    26  flighter_batt_protocol.o(i.f_b_frame_get_one_data)
    f_b_get_one_frame                        0x0800ab99   Thumb Code    16  flighter_batt_protocol.o(i.f_b_get_one_frame)
    f_b_protocol_create                      0x0800abad   Thumb Code    36  flighter_batt_protocol.o(i.f_b_protocol_create)
    f_b_protocol_process                     0x0800abd9   Thumb Code   114  flighter_batt_protocol.o(i.f_b_protocol_process)
    f_b_rx_serialnum_get                     0x0800ae81   Thumb Code     4  flighter_batt_protocol.o(i.f_b_rx_serialnum_get)
    f_b_save_serialnum_flag_clear            0x0800ae89   Thumb Code     8  flighter_batt_protocol.o(i.f_b_save_serialnum_flag_clear)
    f_b_save_serialnum_flag_get              0x0800ae95   Thumb Code     6  flighter_batt_protocol.o(i.f_b_save_serialnum_flag_get)
    fputc                                    0x0800aead   Thumb Code    16  drv_print.o(i.fputc)
    hal_can_32bit_id_mask                    0x0800aebd   Thumb Code    90  hal_can.o(i.hal_can_32bit_id_mask)
    hal_can_init                             0x0800af55   Thumb Code   218  hal_can.o(i.hal_can_init)
    hal_can_set_id_mask                      0x0800b341   Thumb Code     6  hal_can.o(i.hal_can_set_id_mask)
    hal_can_set_rx_callback                  0x0800b34d   Thumb Code     6  hal_can.o(i.hal_can_set_rx_callback)
    hal_can_write_msg                        0x0800b359   Thumb Code   162  hal_can.o(i.hal_can_write_msg)
    hal_clk_init                             0x0800b409   Thumb Code   130  hal_clk.o(i.hal_clk_init)
    hal_get_sys_freq                         0x0800b48b   Thumb Code    12  hal_mcu.o(i.hal_get_sys_freq)
    hal_get_tick                             0x0800b497   Thumb Code     8  hal_mcu.o(i.hal_get_tick)
    hal_gpio_ctrl                            0x0800b4a1   Thumb Code    84  hal_gpio.o(i.hal_gpio_ctrl)
    hal_gpio_init                            0x0800b4f9   Thumb Code   194  hal_gpio.o(i.hal_gpio_init)
    hal_gpio_read                            0x0800b5c5   Thumb Code    40  hal_gpio.o(i.hal_gpio_read)
    hal_gpio_write                           0x0800b5f1   Thumb Code   104  hal_gpio.o(i.hal_gpio_write)
    hal_mcu_common_init                      0x0800b65d   Thumb Code    24  hal_mcu.o(i.hal_mcu_common_init)
    hal_spi1_init                            0x0800b675   Thumb Code   100  hal_spi.o(i.hal_spi1_init)
    hal_spi1_read_byte                       0x0800b6e5   Thumb Code    80  hal_spi.o(i.hal_spi1_read_byte)
    hal_spi1_write_byte                      0x0800b73d   Thumb Code    78  hal_spi.o(i.hal_spi1_write_byte)
    hal_systick_update_callback_register     0x0800b795   Thumb Code     6  hal_mcu.o(i.hal_systick_update_callback_register)
    hal_timer7_init                          0x0800b7a1   Thumb Code   142  hal_timer.o(i.hal_timer7_init)
    hal_timer7_update_callback_register      0x0800b845   Thumb Code    42  hal_timer.o(i.hal_timer7_update_callback_register)
    hal_uart5_init                           0x0800b879   Thumb Code   134  hal_uart.o(i.hal_uart5_init)
    hal_uart5_putchar                        0x0800b90d   Thumb Code    28  hal_uart.o(i.hal_uart5_putchar)
    key_detect_polling                       0x0800bb89   Thumb Code   130  co_key.o(i.key_detect_polling)
    key_object_create                        0x0800bc0b   Thumb Code    52  co_key.o(i.key_object_create)
    key_object_read                          0x0800bc3f   Thumb Code     6  co_key.o(i.key_object_read)
    main                                     0x0800bcb9   Thumb Code   182  main.o(i.main)
    os_fifo_check_offset_dat                 0x0800bdfd   Thumb Code    58  os_fifo.o(i.os_fifo_check_offset_dat)
    os_fifo_create                           0x0800be37   Thumb Code    52  os_fifo.o(i.os_fifo_create)
    os_fifo_flush                            0x0800be6b   Thumb Code     6  os_fifo.o(i.os_fifo_flush)
    os_fifo_flush_buf                        0x0800be71   Thumb Code    50  os_fifo.o(i.os_fifo_flush_buf)
    os_fifo_get_count                        0x0800bea3   Thumb Code    40  os_fifo.o(i.os_fifo_get_count)
    os_fifo_init                             0x0800becb   Thumb Code    26  os_fifo.o(i.os_fifo_init)
    os_fifo_push_dat                         0x0800bee5   Thumb Code    48  os_fifo.o(i.os_fifo_push_dat)
    os_free                                  0x0800bf15   Thumb Code     2  os_heap.o(i.os_free)
    os_heap_init                             0x0800bf45   Thumb Code    12  os_heap.o(i.os_heap_init)
    os_malloc                                0x0800bf7d   Thumb Code    68  os_heap.o(i.os_malloc)
    os_task_create                           0x0800bfcd   Thumb Code    72  os_task.o(i.os_task_create)
    os_task_main                             0x0800c049   Thumb Code    64  os_task.o(i.os_task_main)
    os_task_tick_remap                       0x0800c091   Thumb Code     6  os_task.o(i.os_task_tick_remap)
    os_timer_create                          0x0800c09d   Thumb Code    98  os_timer.o(i.os_timer_create)
    os_timer_ctrl                            0x0800c105   Thumb Code    48  os_timer.o(i.os_timer_ctrl)
    os_timer_run                             0x0800c139   Thumb Code    58  os_timer.o(i.os_timer_run)
    user_can_rx_matrix_handle_register       0x0800c2d9   Thumb Code     6  drv_can.o(i.user_can_rx_matrix_handle_register)
    ccitt16Table                             0x0800c2e4   Data         512  co_crc.o(.constdata)
    AHBPrescTable                            0x0800c8b8   Data          16  system_stm32f1xx.o(.constdata)
    APBPrescTable                            0x0800c8c8   Data           8  system_stm32f1xx.o(.constdata)
    Region$$Table$$Base                      0x0800c8d8   Number         0  anon$$obj.o(Region$$Table)
    Region$$Table$$Limit                     0x0800c8f8   Number         0  anon$$obj.o(Region$$Table)
    uwTick                                   0x200000b0   Data           4  stm32f1xx_hal.o(.data)
    uwTickPrio                               0x200000b4   Data           4  stm32f1xx_hal.o(.data)
    uwTickFreq                               0x200000b8   Data           1  stm32f1xx_hal.o(.data)
    SystemCoreClock                          0x200000bc   Data           4  system_stm32f1xx.o(.data)
    uCRCErrorWorkaroundCheck                 0x200000c0   Data           1  stm32f1xx_hal_spi_ex.o(.data)
    __stdout                                 0x20000154   Data           4  stdout.o(.data)
    __initial_sp                             0x200032a8   Data           0  startup_stm32f103xe.o(STACK)



==============================================================================

Memory Map of the image

  Image Entry point : 0x08008131

  Load Region LR_IROM1 (Base: 0x08008000, Size: 0x00004a50, Max: 0x00018000, ABSOLUTE, COMPRESSED[0x00004968])

    Execution Region ER_IROM1 (Base: 0x08008000, Size: 0x000048f8, Max: 0x00018000, ABSOLUTE)

    Base Addr    Size         Type   Attr      Idx    E Section Name        Object

    0x08008000   0x00000130   Data   RO         4920    RESET               startup_stm32f103xe.o
    0x08008130   0x00000000   Code   RO         5735  * .ARM.Collect$$$$00000000  mc_w.l(entry.o)
    0x08008130   0x00000004   Code   RO         6003    .ARM.Collect$$$$00000001  mc_w.l(entry2.o)
    0x08008134   0x00000004   Code   RO         6006    .ARM.Collect$$$$00000004  mc_w.l(entry5.o)
    0x08008138   0x00000000   Code   RO         6008    .ARM.Collect$$$$00000008  mc_w.l(entry7b.o)
    0x08008138   0x00000000   Code   RO         6010    .ARM.Collect$$$$0000000A  mc_w.l(entry8b.o)
    0x08008138   0x00000008   Code   RO         6011    .ARM.Collect$$$$0000000B  mc_w.l(entry9a.o)
    0x08008140   0x00000000   Code   RO         6013    .ARM.Collect$$$$0000000D  mc_w.l(entry10a.o)
    0x08008140   0x00000000   Code   RO         6015    .ARM.Collect$$$$0000000F  mc_w.l(entry11a.o)
    0x08008140   0x00000004   Code   RO         6004    .ARM.Collect$$$$00002712  mc_w.l(entry2.o)
    0x08008144   0x00000024   Code   RO         4921    .text               startup_stm32f103xe.o
    0x08008168   0x00000020   Code   RO         5738    .text               mc_w.l(llushr.o)
    0x08008188   0x00000024   Code   RO         5740    .text               mc_w.l(memseta.o)
    0x080081ac   0x00000062   Code   RO         6020    .text               mc_w.l(uldiv.o)
    0x0800820e   0x00000002   PAD
    0x08008210   0x00000024   Code   RO         6033    .text               mc_w.l(init.o)
    0x08008234   0x0000001e   Code   RO         6035    .text               mc_w.l(llshl.o)
    0x08008252   0x00000056   Code   RO         6049    .text               mc_w.l(__dczerorl2.o)
    0x080082a8   0x00000010   Code   RO         1672    i.CAN1_RX1_IRQHandler  hal_can.o
    0x080082b8   0x00000010   Code   RO         1673    i.CAN1_SCE_IRQHandler  hal_can.o
    0x080082c8   0x000001c2   Code   RO         2457    i.CAN_Receive_IT    stm32f1xx_hal_can.o
    0x0800848a   0x00000062   Code   RO         2458    i.CAN_Transmit_IT   stm32f1xx_hal_can.o
    0x080084ec   0x00000124   Code   RO         2459    i.HAL_CAN_ConfigFilter  stm32f1xx_hal_can.o
    0x08008610   0x00000028   Code   RO         2460    i.HAL_CAN_DeInit    stm32f1xx_hal_can.o
    0x08008638   0x00000002   Code   RO         2461    i.HAL_CAN_ErrorCallback  stm32f1xx_hal_can.o
    0x0800863a   0x00000002   PAD
    0x0800863c   0x00000254   Code   RO         2464    i.HAL_CAN_IRQHandler  stm32f1xx_hal_can.o
    0x08008890   0x0000016e   Code   RO         2465    i.HAL_CAN_Init      stm32f1xx_hal_can.o
    0x080089fe   0x00000002   Code   RO         2466    i.HAL_CAN_MspDeInit  stm32f1xx_hal_can.o
    0x08008a00   0x00000002   Code   RO         2467    i.HAL_CAN_MspInit   stm32f1xx_hal_can.o
    0x08008a02   0x00000002   Code   RO         2470    i.HAL_CAN_RxCpltCallback  stm32f1xx_hal_can.o
    0x08008a04   0x00000002   Code   RO         2474    i.HAL_CAN_TxCpltCallback  stm32f1xx_hal_can.o
    0x08008a06   0x00000002   PAD
    0x08008a08   0x00000340   Code   RO         2807    i.HAL_GPIO_Init     stm32f1xx_hal_gpio.o
    0x08008d48   0x00000010   Code   RO         2809    i.HAL_GPIO_ReadPin  stm32f1xx_hal_gpio.o
    0x08008d58   0x00000008   Code   RO         2810    i.HAL_GPIO_TogglePin  stm32f1xx_hal_gpio.o
    0x08008d60   0x0000000c   Code   RO         2811    i.HAL_GPIO_WritePin  stm32f1xx_hal_gpio.o
    0x08008d6c   0x0000000c   Code   RO         1958    i.HAL_GetTick       stm32f1xx_hal.o
    0x08008d78   0x00000018   Code   RO         1962    i.HAL_IncTick       stm32f1xx_hal.o
    0x08008d90   0x00000078   Code   RO         1963    i.HAL_Init          stm32f1xx_hal.o
    0x08008e08   0x0000004c   Code   RO         1964    i.HAL_InitTick      stm32f1xx_hal.o
    0x08008e54   0x00000002   Code   RO         1966    i.HAL_MspInit       stm32f1xx_hal.o
    0x08008e56   0x0000001a   Code   RO         2589    i.HAL_NVIC_EnableIRQ  stm32f1xx_hal_cortex.o
    0x08008e70   0x0000007c   Code   RO         2595    i.HAL_NVIC_SetPriority  stm32f1xx_hal_cortex.o
    0x08008eec   0x00000028   Code   RO         2596    i.HAL_NVIC_SetPriorityGrouping  stm32f1xx_hal_cortex.o
    0x08008f14   0x00000130   Code   RO         3170    i.HAL_RCCEx_PeriphCLKConfig  stm32f1xx_hal_rcc_ex.o
    0x08009044   0x000001a4   Code   RO         3062    i.HAL_RCC_ClockConfig  stm32f1xx_hal_rcc.o
    0x080091e8   0x0000000c   Code   RO         3067    i.HAL_RCC_GetHCLKFreq  stm32f1xx_hal_rcc.o
    0x080091f4   0x00000020   Code   RO         3069    i.HAL_RCC_GetPCLK1Freq  stm32f1xx_hal_rcc.o
    0x08009214   0x00000020   Code   RO         3070    i.HAL_RCC_GetPCLK2Freq  stm32f1xx_hal_rcc.o
    0x08009234   0x00000094   Code   RO         3071    i.HAL_RCC_GetSysClockFreq  stm32f1xx_hal_rcc.o
    0x080092c8   0x00000440   Code   RO         3074    i.HAL_RCC_OscConfig  stm32f1xx_hal_rcc.o
    0x08009708   0x00000094   Code   RO         5271    i.HAL_SPI_Init      stm32f1xx_hal_spi_ex.o
    0x0800979c   0x00000002   Code   RO         4941    i.HAL_SPI_MspInit   stm32f1xx_hal_spi.o
    0x0800979e   0x00000028   Code   RO         2598    i.HAL_SYSTICK_CLKSourceConfig  stm32f1xx_hal_cortex.o
    0x080097c6   0x00000034   Code   RO         2600    i.HAL_SYSTICK_Config  stm32f1xx_hal_cortex.o
    0x080097fa   0x00000034   Code   RO         3206    i.HAL_TIM_Base_Init  stm32f1xx_hal_tim.o
    0x0800982e   0x00000002   Code   RO         3208    i.HAL_TIM_Base_MspInit  stm32f1xx_hal_tim.o
    0x08009830   0x0000002e   Code   RO         4098    i.HAL_UART_DeInit   stm32f1xx_hal_uart.o
    0x0800985e   0x00000072   Code   RO         4103    i.HAL_UART_Init     stm32f1xx_hal_uart.o
    0x080098d0   0x00000002   Code   RO         4104    i.HAL_UART_MspDeInit  stm32f1xx_hal_uart.o
    0x080098d2   0x00000002   Code   RO         4105    i.HAL_UART_MspInit  stm32f1xx_hal_uart.o
    0x080098d4   0x00000004   Code   RO         1286    i.HardFault_Handler  hal_mcu.o
    0x080098d8   0x00000002   Code   RO         1287    i.NMI_Handler       hal_mcu.o
    0x080098da   0x00000002   PAD
    0x080098dc   0x00000010   Code   RO         2602    i.NVIC_GetPriorityGrouping  stm32f1xx_hal_cortex.o
    0x080098ec   0x00000028   Code   RO         2603    i.NVIC_SetPriority  stm32f1xx_hal_cortex.o
    0x08009914   0x00000002   Code   RO         1288    i.PendSV_Handler    hal_mcu.o
    0x08009916   0x00000002   PAD
    0x08009918   0x00000028   Code   RO         3075    i.RCC_Delay         stm32f1xx_hal_rcc.o
    0x08009940   0x00000002   Code   RO         1289    i.SVC_Handler       hal_mcu.o
    0x08009942   0x00000002   PAD
    0x08009944   0x00000018   Code   RO         1290    i.SysTick_Handler   hal_mcu.o
    0x0800995c   0x00000058   Code   RO         4885    i.SystemInit        system_stm32f1xx.o
    0x080099b4   0x00000040   Code   RO         1601    i.TIM7_IRQHandler   hal_timer.o
    0x080099f4   0x00000098   Code   RO         3290    i.TIM_Base_SetConfig  stm32f1xx_hal_tim.o
    0x08009a8c   0x000001c8   Code   RO         4130    i.UART_SetConfig    stm32f1xx_hal_uart.o
    0x08009c54   0x00000010   Code   RO         1674    i.USB_HP_CAN1_TX_IRQHandler  hal_can.o
    0x08009c64   0x00000040   Code   RO         1675    i.USB_LP_CAN1_RX0_IRQHandler  hal_can.o
    0x08009ca4   0x00000020   Code   RO         5875    i.__0printf$5       mc_w.l(printf5.o)
    0x08009cc4   0x0000000e   Code   RO         6043    i.__scatterload_copy  mc_w.l(handlers.o)
    0x08009cd2   0x00000002   Code   RO         6044    i.__scatterload_null  mc_w.l(handlers.o)
    0x08009cd4   0x0000000e   Code   RO         6045    i.__scatterload_zeroinit  mc_w.l(handlers.o)
    0x08009ce2   0x00000002   PAD
    0x08009ce4   0x000002c0   Code   RO         5882    i._printf_core      mc_w.l(printf5.o)
    0x08009fa4   0x0000007c   Code   RO         5517    i.battery_to_flight_ack  can_task.o
    0x0800a020   0x00000090   Code   RO         5421    i.bms_task_create   bms_task.o
    0x0800a0b0   0x00000058   Code   RO         5422    i.bms_task_main     bms_task.o
    0x0800a108   0x00000010   Code   RO         1676    i.can_get_one_mailbox  hal_can.o
    0x0800a118   0x00000010   Code   RO          585    i.can_matrix_rx_id_mask_init  drv_can.o
    0x0800a128   0x000000b8   Code   RO         5518    i.can_task_create   can_task.o
    0x0800a1e0   0x00000010   Code   RO         5519    i.can_task_main     can_task.o
    0x0800a1f0   0x00000038   Code   RO         5520    i.can_task_matrix_process  can_task.o
    0x0800a228   0x00000040   Code   RO         5521    i.can_task_timer_callback  can_task.o
    0x0800a268   0x00000068   Code   RO          468    i.co_pack_create    co_packet.o
    0x0800a2d0   0x00000014   Code   RO          469    i.co_pack_flush     co_packet.o
    0x0800a2e4   0x0000000e   Code   RO          471    i.co_pack_get_frame_point  co_packet.o
    0x0800a2f2   0x000000ce   Code   RO          472    i.co_pack_get_one_frame  co_packet.o
    0x0800a3c0   0x00000018   Code   RO          474    i.co_pack_set_dat   co_packet.o
    0x0800a3d8   0x00000030   Code   RO          543    i.crc_ccitt_16_xmodem  co_crc.o
    0x0800a408   0x00000010   Code   RO          586    i.drv_can_matrix_init  drv_can.o
    0x0800a418   0x00000010   Code   RO          587    i.drv_can_matrix_rx_register  drv_can.o
    0x0800a428   0x0000000c   Code   RO          588    i.drv_can_power_off  drv_can.o
    0x0800a434   0x0000000c   Code   RO          589    i.drv_can_power_on  drv_can.o
    0x0800a440   0x0000001c   Code   RO          590    i.drv_can_rx_data_process  drv_can.o
    0x0800a45c   0x0000001e   Code   RO          591    i.drv_can_start     drv_can.o
    0x0800a47a   0x00000024   Code   RO          592    i.drv_can_write     drv_can.o
    0x0800a49e   0x00000064   Code   RO          976    i.drv_ex_flash_erase_sector  drv_ex_flash.o
    0x0800a502   0x0000006c   Code   RO          978    i.drv_ex_flash_read_buff  drv_ex_flash.o
    0x0800a56e   0x00000058   Code   RO          979    i.drv_ex_flash_read_dev_id  drv_ex_flash.o
    0x0800a5c6   0x00000002   PAD
    0x0800a5c8   0x000000c8   Code   RO          981    i.drv_ex_flash_start  drv_ex_flash.o
    0x0800a690   0x0000000c   Code   RO          983    i.drv_ex_flash_wp_disable  drv_ex_flash.o
    0x0800a69c   0x000000cc   Code   RO          985    i.drv_ex_flash_write_buff  drv_ex_flash.o
    0x0800a768   0x00000012   Code   RO          743    i.drv_key1_get_status  drv_key.o
    0x0800a77a   0x00000002   PAD
    0x0800a77c   0x00000028   Code   RO          744    i.drv_key_polling   drv_key.o
    0x0800a7a4   0x00000034   Code   RO          745    i.drv_key_scan_callback_register  drv_key.o
    0x0800a7d8   0x00000034   Code   RO          746    i.drv_key_start     drv_key.o
    0x0800a80c   0x00000014   Code   RO         1096    i.drv_led3_off      drv_led.o
    0x0800a820   0x00000014   Code   RO         1097    i.drv_led3_on       drv_led.o
    0x0800a834   0x00000014   Code   RO         1098    i.drv_led4_off      drv_led.o
    0x0800a848   0x00000014   Code   RO         1099    i.drv_led4_on       drv_led.o
    0x0800a85c   0x00000014   Code   RO         1100    i.drv_led5_off      drv_led.o
    0x0800a870   0x00000014   Code   RO         1101    i.drv_led5_on       drv_led.o
    0x0800a884   0x00000014   Code   RO         1102    i.drv_led6_off      drv_led.o
    0x0800a898   0x00000014   Code   RO         1103    i.drv_led6_on       drv_led.o
    0x0800a8ac   0x00000024   Code   RO         1106    i.drv_led_start     drv_led.o
    0x0800a8d0   0x00000012   Code   RO          714    i.drv_print_start   drv_print.o
    0x0800a8e2   0x0000001a   Code   RO          986    i.ex_flash_cmd_write_disable  drv_ex_flash.o
    0x0800a8fc   0x0000001a   Code   RO          987    i.ex_flash_cmd_write_enable  drv_ex_flash.o
    0x0800a916   0x0000000c   Code   RO          988    i.ex_flash_disable  drv_ex_flash.o
    0x0800a922   0x0000000c   Code   RO          989    i.ex_flash_enable   drv_ex_flash.o
    0x0800a92e   0x00000034   Code   RO          990    i.ex_flash_read_sr_low8  drv_ex_flash.o
    0x0800a962   0x00000030   Code   RO          991    i.ex_flash_wait_busy  drv_ex_flash.o
    0x0800a992   0x0000004e   Code   RO          992    i.ex_flash_write_nocheck  drv_ex_flash.o
    0x0800a9e0   0x00000082   Code   RO          993    i.ex_flash_write_page  drv_ex_flash.o
    0x0800aa62   0x00000002   PAD
    0x0800aa64   0x0000000c   Code   RO         5568    i.f_b_active_flag_clear  flighter_batt_protocol.o
    0x0800aa70   0x0000000c   Code   RO         5569    i.f_b_active_flag_get  flighter_batt_protocol.o
    0x0800aa7c   0x0000000c   Code   RO         5570    i.f_b_active_flag_set  flighter_batt_protocol.o
    0x0800aa88   0x000000c4   Code   RO         5571    i.f_b_frame_analyse_char  flighter_batt_protocol.o
    0x0800ab4c   0x00000020   Code   RO         5572    i.f_b_frame_get_one_data  flighter_batt_protocol.o
    0x0800ab6c   0x00000024   Code   RO         5573    i.f_b_frame_receiver_create  flighter_batt_protocol.o
    0x0800ab90   0x00000006   Code   RO         5574    i.f_b_frame_timeout_check  flighter_batt_protocol.o
    0x0800ab96   0x00000002   PAD
    0x0800ab98   0x00000014   Code   RO         5575    i.f_b_get_one_frame  flighter_batt_protocol.o
    0x0800abac   0x0000002c   Code   RO         5576    i.f_b_protocol_create  flighter_batt_protocol.o
    0x0800abd8   0x000000a8   Code   RO         5577    i.f_b_protocol_process  flighter_batt_protocol.o
    0x0800ac80   0x000000bc   Code   RO         5578    i.f_b_recv_active_action  flighter_batt_protocol.o
    0x0800ad3c   0x00000144   Code   RO         5579    i.f_b_recv_serial_config_action  flighter_batt_protocol.o
    0x0800ae80   0x00000008   Code   RO         5580    i.f_b_rx_serialnum_get  flighter_batt_protocol.o
    0x0800ae88   0x0000000c   Code   RO         5581    i.f_b_save_serialnum_flag_clear  flighter_batt_protocol.o
    0x0800ae94   0x0000000c   Code   RO         5582    i.f_b_save_serialnum_flag_get  flighter_batt_protocol.o
    0x0800aea0   0x0000000c   Code   RO         5583    i.f_b_save_serialnum_flag_set  flighter_batt_protocol.o
    0x0800aeac   0x00000010   Code   RO          715    i.fputc             drv_print.o
    0x0800aebc   0x00000060   Code   RO         1678    i.hal_can_32bit_id_mask  hal_can.o
    0x0800af1c   0x00000036   Code   RO         1680    i.hal_can_get_empty_mailbox  hal_can.o
    0x0800af52   0x00000002   PAD
    0x0800af54   0x000000f0   Code   RO         1681    i.hal_can_init      hal_can.o
    0x0800b044   0x00000104   Code   RO         1682    i.hal_can_read      hal_can.o
    0x0800b148   0x00000040   Code   RO         1683    i.hal_can_read_msg  hal_can.o
    0x0800b188   0x0000000c   Code   RO         1684    i.hal_can_rx_irq_callback_register  hal_can.o
    0x0800b194   0x000000f2   Code   RO         1685    i.hal_can_send      hal_can.o
    0x0800b286   0x00000002   PAD
    0x0800b288   0x0000005c   Code   RO         1686    i.hal_can_send_msg  hal_can.o
    0x0800b2e4   0x0000005c   Code   RO         1687    i.hal_can_set_baud  hal_can.o
    0x0800b340   0x0000000c   Code   RO         1688    i.hal_can_set_id_mask  hal_can.o
    0x0800b34c   0x0000000c   Code   RO         1689    i.hal_can_set_rx_callback  hal_can.o
    0x0800b358   0x000000b0   Code   RO         1690    i.hal_can_write_msg  hal_can.o
    0x0800b408   0x00000082   Code   RO         1501    i.hal_clk_init      hal_clk.o
    0x0800b48a   0x0000000c   Code   RO         1291    i.hal_get_sys_freq  hal_mcu.o
    0x0800b496   0x00000008   Code   RO         1292    i.hal_get_tick      hal_mcu.o
    0x0800b49e   0x00000002   PAD
    0x0800b4a0   0x00000058   Code   RO         1525    i.hal_gpio_ctrl     hal_gpio.o
    0x0800b4f8   0x000000cc   Code   RO         1526    i.hal_gpio_init     hal_gpio.o
    0x0800b5c4   0x0000002c   Code   RO         1527    i.hal_gpio_read     hal_gpio.o
    0x0800b5f0   0x0000006c   Code   RO         1528    i.hal_gpio_write    hal_gpio.o
    0x0800b65c   0x00000018   Code   RO         1293    i.hal_mcu_common_init  hal_mcu.o
    0x0800b674   0x00000070   Code   RO         1909    i.hal_spi1_init     hal_spi.o
    0x0800b6e4   0x00000058   Code   RO         1910    i.hal_spi1_read_byte  hal_spi.o
    0x0800b73c   0x00000058   Code   RO         1911    i.hal_spi1_write_byte  hal_spi.o
    0x0800b794   0x0000000c   Code   RO         1294    i.hal_systick_update_callback_register  hal_mcu.o
    0x0800b7a0   0x000000a4   Code   RO         1602    i.hal_timer7_init   hal_timer.o
    0x0800b844   0x00000034   Code   RO         1603    i.hal_timer7_update_callback_register  hal_timer.o
    0x0800b878   0x00000094   Code   RO         1640    i.hal_uart5_init    hal_uart.o
    0x0800b90c   0x00000020   Code   RO         1641    i.hal_uart5_putchar  hal_uart.o
    0x0800b92c   0x00000002   Code   RO         1107    i.hw_led1_off       drv_led.o
    0x0800b92e   0x0000005c   Code   RO         1108    i.hw_led1_on        drv_led.o
    0x0800b98a   0x00000002   Code   RO         1109    i.hw_led2_off       drv_led.o
    0x0800b98c   0x0000005c   Code   RO         1110    i.hw_led2_on        drv_led.o
    0x0800b9e8   0x00000002   Code   RO         1111    i.hw_led3_off       drv_led.o
    0x0800b9ea   0x00000048   Code   RO         1112    i.hw_led3_on        drv_led.o
    0x0800ba32   0x00000002   Code   RO         1113    i.hw_led4_off       drv_led.o
    0x0800ba34   0x00000048   Code   RO         1114    i.hw_led4_on        drv_led.o
    0x0800ba7c   0x00000002   Code   RO         1115    i.hw_led5_off       drv_led.o
    0x0800ba7e   0x00000048   Code   RO         1116    i.hw_led5_on        drv_led.o
    0x0800bac6   0x00000002   Code   RO         1117    i.hw_led6_off       drv_led.o
    0x0800bac8   0x00000048   Code   RO         1118    i.hw_led6_on        drv_led.o
    0x0800bb10   0x00000002   Code   RO         1119    i.hw_led7_off       drv_led.o
    0x0800bb12   0x0000005c   Code   RO         1120    i.hw_led7_on        drv_led.o
    0x0800bb6e   0x00000002   PAD
    0x0800bb70   0x00000018   Code   RO         5423    i.key1_scan         bms_task.o
    0x0800bb88   0x00000082   Code   RO          309    i.key_detect_polling  co_key.o
    0x0800bc0a   0x00000034   Code   RO          310    i.key_object_create  co_key.o
    0x0800bc3e   0x00000006   Code   RO          311    i.key_object_read   co_key.o
    0x0800bc44   0x00000074   Code   RO         1121    i.led_on_off_scan   drv_led.o
    0x0800bcb8   0x00000144   Code   RO         5301    i.main              main.o
    0x0800bdfc   0x0000003a   Code   RO            2    i.os_fifo_check_offset_dat  os_fifo.o
    0x0800be36   0x00000034   Code   RO            3    i.os_fifo_create    os_fifo.o
    0x0800be6a   0x00000006   Code   RO            4    i.os_fifo_flush     os_fifo.o
    0x0800be70   0x00000032   Code   RO            5    i.os_fifo_flush_buf  os_fifo.o
    0x0800bea2   0x00000028   Code   RO            7    i.os_fifo_get_count  os_fifo.o
    0x0800beca   0x0000001a   Code   RO           10    i.os_fifo_init      os_fifo.o
    0x0800bee4   0x00000030   Code   RO           13    i.os_fifo_push_dat  os_fifo.o
    0x0800bf14   0x00000002   Code   RO          111    i.os_free           os_heap.o
    0x0800bf16   0x00000002   PAD
    0x0800bf18   0x0000002c   Code   RO          112    i.os_heap_allocate  os_heap.o
    0x0800bf44   0x00000014   Code   RO          113    i.os_heap_init      os_heap.o
    0x0800bf58   0x00000024   Code   RO          272    i.os_insert_timer   os_timer.o
    0x0800bf7c   0x00000050   Code   RO          114    i.os_malloc         os_heap.o
    0x0800bfcc   0x0000004c   Code   RO          221    i.os_task_create    os_task.o
    0x0800c018   0x00000030   Code   RO          222    i.os_task_create_proc  os_task.o
    0x0800c048   0x00000048   Code   RO          226    i.os_task_main      os_task.o
    0x0800c090   0x0000000c   Code   RO          227    i.os_task_tick_remap  os_task.o
    0x0800c09c   0x00000068   Code   RO          273    i.os_timer_create   os_timer.o
    0x0800c104   0x00000034   Code   RO          274    i.os_timer_ctrl     os_timer.o
    0x0800c138   0x00000040   Code   RO          276    i.os_timer_run      os_timer.o
    0x0800c178   0x00000090   Code   RO         5522    i.save_battery_serial_number  can_task.o
    0x0800c208   0x000000d0   Code   RO         5523    i.send_info_to_flightor  can_task.o
    0x0800c2d8   0x0000000c   Code   RO          593    i.user_can_rx_matrix_handle_register  drv_can.o
    0x0800c2e4   0x00000200   Data   RO          544    .constdata          co_crc.o
    0x0800c4e4   0x0000026c   Data   RO         1529    .constdata          hal_gpio.o
    0x0800c750   0x00000168   Data   RO         1692    .constdata          hal_can.o
    0x0800c8b8   0x00000018   Data   RO         4886    .constdata          system_stm32f1xx.o
    0x0800c8d0   0x00000008   Data   RO         5524    .constdata          can_task.o
    0x0800c8d8   0x00000020   Data   RO         6041    Region$$Table       anon$$obj.o


    Execution Region RW_IRAM1 (Base: 0x20000000, Size: 0x000032a8, Max: 0x0000c000, ABSOLUTE, COMPRESSED[0x00000070])

    Base Addr    Size         Type   Attr      Idx    E Section Name        Object

    0x20000000   0x0000000c   Data   RW          116    .data               os_heap.o
    0x2000000c   0x00000008   Data   RW          228    .data               os_task.o
    0x20000014   0x00000004   Data   RW          277    .data               os_timer.o
    0x20000018   0x00000004   Data   RW          594    .data               drv_can.o
    0x2000001c   0x00000005   Data   RW          747    .data               drv_key.o
    0x20000021   0x00000003   PAD
    0x20000024   0x00000078   Data   RW         1122    .data               drv_led.o
    0x2000009c   0x00000004   Data   RW         1295    .data               hal_mcu.o
    0x200000a0   0x00000001   Data   RW         1605    .data               hal_timer.o
    0x200000a1   0x00000003   PAD
    0x200000a4   0x0000000c   Data   RW         1693    .data               hal_can.o
    0x200000b0   0x00000009   Data   RW         1970    .data               stm32f1xx_hal.o
    0x200000b9   0x00000003   PAD
    0x200000bc   0x00000004   Data   RW         4887    .data               system_stm32f1xx.o
    0x200000c0   0x00000001   Data   RW         5273    .data               stm32f1xx_hal_spi_ex.o
    0x200000c1   0x00000003   PAD
    0x200000c4   0x00000009   Data   RW         5424    .data               bms_task.o
    0x200000cd   0x00000003   PAD
    0x200000d0   0x00000079   Data   RW         5525    .data               can_task.o
    0x20000149   0x00000003   PAD
    0x2000014c   0x00000007   Data   RW         5585    .data               flighter_batt_protocol.o
    0x20000153   0x00000001   PAD
    0x20000154   0x00000004   Data   RW         6017    .data               mc_w.l(stdout.o)
    0x20000158   0x00001400   Zero   RW          115    .bss                os_heap.o
    0x20001558   0x00001000   Zero   RW          994    .bss                drv_ex_flash.o
    0x20002558   0x0000004c   Zero   RW         1604    .bss                hal_timer.o
    0x200025a4   0x00000040   Zero   RW         1642    .bss                hal_uart.o
    0x200025e4   0x0000005c   Zero   RW         1691    .bss                hal_can.o
    0x20002640   0x00000058   Zero   RW         1912    .bss                hal_spi.o
    0x20002698   0x0000000f   Zero   RW         5584    .bss                flighter_batt_protocol.o
    0x200026a7   0x00000001   PAD
    0x200026a8   0x00000c00   Zero   RW         4918    STACK               startup_stm32f103xe.o


==============================================================================

Image component sizes


      Code (inc. data)   RO Data    RW Data    ZI Data      Debug   Object Name

       256         74          0          9          0       4834   bms_task.o
       796        204          8        121          0       5822   can_task.o
        48          4        512          0          0       2425   co_crc.o
       188          0          0          0          0       4307   co_key.o
       368          0          0          0          0       6353   co_packet.o
       178         22          0          4          0      10176   drv_can.o
      1096        122          0          0       4096       9765   drv_ex_flash.o
       162         26          0          5          0       3375   drv_key.o
       890         66          0        120          0      11928   drv_led.o
        34          0          0          0          0       1070   drv_print.o
      1094        240          0          7         15      13613   flighter_batt_protocol.o
      1480        116        360         12         92      10852   hal_can.o
       130          0          0          0          0        675   hal_clk.o
       444         22        620          0          0       8137   hal_gpio.o
        90         10          0          4          0     500062   hal_mcu.o
       288         30          0          0         88       2407   hal_spi.o
       280         40          0          1         76       2418   hal_timer.o
       180         18          0          0         64       1677   hal_uart.o
       324        142          0          0          0        575   main.o
       280          0          0          0          0       8894   os_fifo.o
       146         34          0         12       5120       2865   os_heap.o
       208         18          0          8          0       3713   os_task.o
       256         16          0          4          0       3249   os_timer.o
        36          8        304          0       3072        908   startup_stm32f103xe.o
       234         40          0          9          0     106879   stm32f1xx_hal.o
      1852         16          0          0          0       8140   stm32f1xx_hal_can.o
       338         22          0          0          0      26945   stm32f1xx_hal_cortex.o
       868         42          0          0          0       3960   stm32f1xx_hal_gpio.o
      1772        108          0          0          0       6040   stm32f1xx_hal_rcc.o
       304         14          0          0          0       1424   stm32f1xx_hal_rcc_ex.o
         2          0          0          0          0       1010   stm32f1xx_hal_spi.o
       148          4          0          1          0       1398   stm32f1xx_hal_spi_ex.o
       206         20          0          0          0       2400   stm32f1xx_hal_tim.o
       620          6          0          0          0       3490   stm32f1xx_hal_uart.o
        88         18         24          4          0       1443   system_stm32f1xx.o

    ----------------------------------------------------------------------
     15712       1502       1860        340      12624     783229   Object Totals
         0          0         32          0          0          0   (incl. Generated)
        28          0          0         19          1          0   (incl. Padding)

    ----------------------------------------------------------------------

      Code (inc. data)   RO Data    RW Data    ZI Data      Debug   Library Member Name

        86          0          0          0          0          0   __dczerorl2.o
         0          0          0          0          0          0   entry.o
         0          0          0          0          0          0   entry10a.o
         0          0          0          0          0          0   entry11a.o
         8          4          0          0          0          0   entry2.o
         4          0          0          0          0          0   entry5.o
         0          0          0          0          0          0   entry7b.o
         0          0          0          0          0          0   entry8b.o
         8          4          0          0          0          0   entry9a.o
        30          0          0          0          0          0   handlers.o
        36          8          0          0          0         68   init.o
        30          0          0          0          0         68   llshl.o
        32          0          0          0          0         68   llushr.o
        36          0          0          0          0        108   memseta.o
       736         56          0          0          0        184   printf5.o
         0          0          0          4          0          0   stdout.o
        98          0          0          0          0         92   uldiv.o

    ----------------------------------------------------------------------
      1108         72          0          4          0        588   Library Totals
         4          0          0          0          0          0   (incl. Padding)

    ----------------------------------------------------------------------

      Code (inc. data)   RO Data    RW Data    ZI Data      Debug   Library Name

      1104         72          0          4          0        588   mc_w.l

    ----------------------------------------------------------------------
      1108         72          0          4          0        588   Library Totals

    ----------------------------------------------------------------------

==============================================================================


      Code (inc. data)   RO Data    RW Data    ZI Data      Debug   

     16820       1574       1860        344      12624     774013   Grand Totals
     16820       1574       1860        112      12624     774013   ELF Image Totals (compressed)
     16820       1574       1860        112          0          0   ROM Totals

==============================================================================

    Total RO  Size (Code + RO Data)                18680 (  18.24kB)
    Total RW  Size (RW Data + ZI Data)             12968 (  12.66kB)
    Total ROM Size (Code + RO Data + RW Data)      18792 (  18.35kB)

==============================================================================

